stm32f4xx_it.c:53:6:NMI_Handler	0	static
stm32f4xx_it.c:66:6:HardFault_Handler	0	static
stm32f4xx_it.c:82:6:MemManage_Handler	0	static
stm32f4xx_it.c:98:6:BusFault_Handler	0	static
stm32f4xx_it.c:114:6:UsageFault_Handler	0	static
stm32f4xx_it.c:130:6:SVC_Handler	0	static
stm32f4xx_it.c:143:6:DebugMon_Handler	0	static
stm32f4xx_it.c:156:6:PendSV_Handler	0	static
stm32f4xx_it.c:169:6:SysTick_Handler	8	static
stm32f4xx_it.c:191:6:DMA1_Stream1_IRQHandler	0	static
stm32f4xx_it.c:205:6:USART3_IRQHandler	0	static
