Archive member included to satisfy reference by file (symbol)

c:/program files (x86)/atollic/truestudio for stm32 9.0.1/armtools/bin/../lib/gcc/arm-atollic-eabi/6.3.1/../../../../arm-atollic-eabi/lib/armv7e-m/fpu\libc_nano.a(lib_a-init.o)
                              startup\startup_stm32f407xx.o (__libc_init_array)
c:/program files (x86)/atollic/truestudio for stm32 9.0.1/armtools/bin/../lib/gcc/arm-atollic-eabi/6.3.1/armv7e-m/fpu\libgcc.a(_aeabi_uldivmod.o)
                              Drivers\STM32F4xx_HAL_Driver\Src\stm32f4xx_hal_rcc.o (__aeabi_uldivmod)
c:/program files (x86)/atollic/truestudio for stm32 9.0.1/armtools/bin/../lib/gcc/arm-atollic-eabi/6.3.1/armv7e-m/fpu\libgcc.a(_udivmoddi4.o)
                              c:/program files (x86)/atollic/truestudio for stm32 9.0.1/armtools/bin/../lib/gcc/arm-atollic-eabi/6.3.1/armv7e-m/fpu\libgcc.a(_aeabi_uldivmod.o) (__udivmoddi4)
c:/program files (x86)/atollic/truestudio for stm32 9.0.1/armtools/bin/../lib/gcc/arm-atollic-eabi/6.3.1/armv7e-m/fpu\libgcc.a(_dvmd_tls.o)
                              c:/program files (x86)/atollic/truestudio for stm32 9.0.1/armtools/bin/../lib/gcc/arm-atollic-eabi/6.3.1/armv7e-m/fpu\libgcc.a(_aeabi_uldivmod.o) (__aeabi_ldiv0)

Allocating common symbols
Common symbol       size              file

uwTick              0x4               Drivers\STM32F4xx_HAL_Driver\Src\stm32f4xx_hal.o
pFlash              0x20              Drivers\STM32F4xx_HAL_Driver\Src\stm32f4xx_hal_flash.o

Discarded input sections

 .text          0x00000000        0x0 c:/program files (x86)/atollic/truestudio for stm32 9.0.1/armtools/bin/../lib/gcc/arm-atollic-eabi/6.3.1/armv7e-m/fpu/crti.o
 .data          0x00000000        0x0 c:/program files (x86)/atollic/truestudio for stm32 9.0.1/armtools/bin/../lib/gcc/arm-atollic-eabi/6.3.1/armv7e-m/fpu/crti.o
 .bss           0x00000000        0x0 c:/program files (x86)/atollic/truestudio for stm32 9.0.1/armtools/bin/../lib/gcc/arm-atollic-eabi/6.3.1/armv7e-m/fpu/crti.o
 .data          0x00000000        0x4 c:/program files (x86)/atollic/truestudio for stm32 9.0.1/armtools/bin/../lib/gcc/arm-atollic-eabi/6.3.1/armv7e-m/fpu/crtbegin.o
 .text          0x00000000        0x0 Drivers\STM32F4xx_HAL_Driver\Src\stm32f4xx_hal.o
 .data          0x00000000        0x0 Drivers\STM32F4xx_HAL_Driver\Src\stm32f4xx_hal.o
 .bss           0x00000000        0x0 Drivers\STM32F4xx_HAL_Driver\Src\stm32f4xx_hal.o
 .text.HAL_MspInit
                0x00000000        0x2 Drivers\STM32F4xx_HAL_Driver\Src\stm32f4xx_hal.o
 .text.HAL_MspDeInit
                0x00000000        0x2 Drivers\STM32F4xx_HAL_Driver\Src\stm32f4xx_hal.o
 .text.HAL_DeInit
                0x00000000       0x2c Drivers\STM32F4xx_HAL_Driver\Src\stm32f4xx_hal.o
 .text.HAL_SuspendTick
                0x00000000       0x10 Drivers\STM32F4xx_HAL_Driver\Src\stm32f4xx_hal.o
 .text.HAL_ResumeTick
                0x00000000       0x10 Drivers\STM32F4xx_HAL_Driver\Src\stm32f4xx_hal.o
 .text.HAL_GetHalVersion
                0x00000000        0x8 Drivers\STM32F4xx_HAL_Driver\Src\stm32f4xx_hal.o
 .text.HAL_GetREVID
                0x00000000        0xc Drivers\STM32F4xx_HAL_Driver\Src\stm32f4xx_hal.o
 .text.HAL_GetDEVID
                0x00000000       0x10 Drivers\STM32F4xx_HAL_Driver\Src\stm32f4xx_hal.o
 .text.HAL_DBGMCU_EnableDBGSleepMode
                0x00000000       0x10 Drivers\STM32F4xx_HAL_Driver\Src\stm32f4xx_hal.o
 .text.HAL_DBGMCU_DisableDBGSleepMode
                0x00000000       0x10 Drivers\STM32F4xx_HAL_Driver\Src\stm32f4xx_hal.o
 .text.HAL_DBGMCU_EnableDBGStopMode
                0x00000000       0x10 Drivers\STM32F4xx_HAL_Driver\Src\stm32f4xx_hal.o
 .text.HAL_DBGMCU_DisableDBGStopMode
                0x00000000       0x10 Drivers\STM32F4xx_HAL_Driver\Src\stm32f4xx_hal.o
 .text.HAL_DBGMCU_EnableDBGStandbyMode
                0x00000000       0x10 Drivers\STM32F4xx_HAL_Driver\Src\stm32f4xx_hal.o
 .text.HAL_DBGMCU_DisableDBGStandbyMode
                0x00000000       0x10 Drivers\STM32F4xx_HAL_Driver\Src\stm32f4xx_hal.o
 .text.HAL_EnableCompensationCell
                0x00000000        0xc Drivers\STM32F4xx_HAL_Driver\Src\stm32f4xx_hal.o
 .text.HAL_DisableCompensationCell
                0x00000000        0xc Drivers\STM32F4xx_HAL_Driver\Src\stm32f4xx_hal.o
 .text.HAL_GetUID
                0x00000000       0x20 Drivers\STM32F4xx_HAL_Driver\Src\stm32f4xx_hal.o
 .text          0x00000000        0x0 Drivers\STM32F4xx_HAL_Driver\Src\stm32f4xx_hal_cortex.o
 .data          0x00000000        0x0 Drivers\STM32F4xx_HAL_Driver\Src\stm32f4xx_hal_cortex.o
 .bss           0x00000000        0x0 Drivers\STM32F4xx_HAL_Driver\Src\stm32f4xx_hal_cortex.o
 .text.HAL_NVIC_EnableIRQ
                0x00000000       0x2c Drivers\STM32F4xx_HAL_Driver\Src\stm32f4xx_hal_cortex.o
 .text.HAL_NVIC_DisableIRQ
                0x00000000       0x2c Drivers\STM32F4xx_HAL_Driver\Src\stm32f4xx_hal_cortex.o
 .text.HAL_NVIC_SystemReset
                0x00000000       0x24 Drivers\STM32F4xx_HAL_Driver\Src\stm32f4xx_hal_cortex.o
 .text.HAL_MPU_Disable
                0x00000000       0x20 Drivers\STM32F4xx_HAL_Driver\Src\stm32f4xx_hal_cortex.o
 .text.HAL_MPU_Enable
                0x00000000       0x24 Drivers\STM32F4xx_HAL_Driver\Src\stm32f4xx_hal_cortex.o
 .text.HAL_MPU_ConfigRegion
                0x00000000      0x104 Drivers\STM32F4xx_HAL_Driver\Src\stm32f4xx_hal_cortex.o
 .text.HAL_NVIC_GetPriorityGrouping
                0x00000000       0x10 Drivers\STM32F4xx_HAL_Driver\Src\stm32f4xx_hal_cortex.o
 .text.HAL_NVIC_GetPriority
                0x00000000       0x74 Drivers\STM32F4xx_HAL_Driver\Src\stm32f4xx_hal_cortex.o
 .text.HAL_NVIC_SetPendingIRQ
                0x00000000       0x30 Drivers\STM32F4xx_HAL_Driver\Src\stm32f4xx_hal_cortex.o
 .text.HAL_NVIC_GetPendingIRQ
                0x00000000       0x30 Drivers\STM32F4xx_HAL_Driver\Src\stm32f4xx_hal_cortex.o
 .text.HAL_NVIC_ClearPendingIRQ
                0x00000000       0x30 Drivers\STM32F4xx_HAL_Driver\Src\stm32f4xx_hal_cortex.o
 .text.HAL_NVIC_GetActive
                0x00000000       0x30 Drivers\STM32F4xx_HAL_Driver\Src\stm32f4xx_hal_cortex.o
 .text          0x00000000        0x0 Drivers\STM32F4xx_HAL_Driver\Src\stm32f4xx_hal_dma.o
 .data          0x00000000        0x0 Drivers\STM32F4xx_HAL_Driver\Src\stm32f4xx_hal_dma.o
 .bss           0x00000000        0x0 Drivers\STM32F4xx_HAL_Driver\Src\stm32f4xx_hal_dma.o
 .text.DMA_CalcBaseAndBitshift
                0x00000000       0x2c Drivers\STM32F4xx_HAL_Driver\Src\stm32f4xx_hal_dma.o
 .text.HAL_DMA_Init
                0x00000000      0x250 Drivers\STM32F4xx_HAL_Driver\Src\stm32f4xx_hal_dma.o
 .text.HAL_DMA_DeInit
                0x00000000       0xc4 Drivers\STM32F4xx_HAL_Driver\Src\stm32f4xx_hal_dma.o
 .text.HAL_DMA_Start
                0x00000000       0x78 Drivers\STM32F4xx_HAL_Driver\Src\stm32f4xx_hal_dma.o
 .text.HAL_DMA_Start_IT
                0x00000000       0xac Drivers\STM32F4xx_HAL_Driver\Src\stm32f4xx_hal_dma.o
 .text.HAL_DMA_Abort
                0x00000000       0x86 Drivers\STM32F4xx_HAL_Driver\Src\stm32f4xx_hal_dma.o
 .text.HAL_DMA_Abort_IT
                0x00000000       0x24 Drivers\STM32F4xx_HAL_Driver\Src\stm32f4xx_hal_dma.o
 .text.HAL_DMA_PollForTransfer
                0x00000000      0x112 Drivers\STM32F4xx_HAL_Driver\Src\stm32f4xx_hal_dma.o
 .text.HAL_DMA_IRQHandler
                0x00000000      0x174 Drivers\STM32F4xx_HAL_Driver\Src\stm32f4xx_hal_dma.o
 .text.HAL_DMA_RegisterCallback
                0x00000000       0x50 Drivers\STM32F4xx_HAL_Driver\Src\stm32f4xx_hal_dma.o
 .text.HAL_DMA_UnRegisterCallback
                0x00000000       0x5c Drivers\STM32F4xx_HAL_Driver\Src\stm32f4xx_hal_dma.o
 .text.HAL_DMA_GetState
                0x00000000        0x6 Drivers\STM32F4xx_HAL_Driver\Src\stm32f4xx_hal_dma.o
 .text.HAL_DMA_GetError
                0x00000000        0x4 Drivers\STM32F4xx_HAL_Driver\Src\stm32f4xx_hal_dma.o
 .rodata.HAL_DMA_Init.str1.1
                0x00000000       0x38 Drivers\STM32F4xx_HAL_Driver\Src\stm32f4xx_hal_dma.o
 .rodata.flagBitshiftOffset.8214
                0x00000000        0x8 Drivers\STM32F4xx_HAL_Driver\Src\stm32f4xx_hal_dma.o
 .debug_info    0x00000000     0x1441 Drivers\STM32F4xx_HAL_Driver\Src\stm32f4xx_hal_dma.o
 .debug_abbrev  0x00000000      0x35d Drivers\STM32F4xx_HAL_Driver\Src\stm32f4xx_hal_dma.o
 .debug_loc     0x00000000      0x770 Drivers\STM32F4xx_HAL_Driver\Src\stm32f4xx_hal_dma.o
 .debug_aranges
                0x00000000       0x80 Drivers\STM32F4xx_HAL_Driver\Src\stm32f4xx_hal_dma.o
 .debug_ranges  0x00000000       0xb0 Drivers\STM32F4xx_HAL_Driver\Src\stm32f4xx_hal_dma.o
 .debug_line    0x00000000      0x74a Drivers\STM32F4xx_HAL_Driver\Src\stm32f4xx_hal_dma.o
 .debug_str     0x00000000      0xbf9 Drivers\STM32F4xx_HAL_Driver\Src\stm32f4xx_hal_dma.o
 .comment       0x00000000       0x7d Drivers\STM32F4xx_HAL_Driver\Src\stm32f4xx_hal_dma.o
 .debug_frame   0x00000000      0x158 Drivers\STM32F4xx_HAL_Driver\Src\stm32f4xx_hal_dma.o
 .ARM.attributes
                0x00000000       0x39 Drivers\STM32F4xx_HAL_Driver\Src\stm32f4xx_hal_dma.o
 .text          0x00000000        0x0 Drivers\STM32F4xx_HAL_Driver\Src\stm32f4xx_hal_dma_ex.o
 .data          0x00000000        0x0 Drivers\STM32F4xx_HAL_Driver\Src\stm32f4xx_hal_dma_ex.o
 .bss           0x00000000        0x0 Drivers\STM32F4xx_HAL_Driver\Src\stm32f4xx_hal_dma_ex.o
 .text.HAL_DMAEx_MultiBufferStart
                0x00000000       0x84 Drivers\STM32F4xx_HAL_Driver\Src\stm32f4xx_hal_dma_ex.o
 .text.HAL_DMAEx_MultiBufferStart_IT
                0x00000000      0x418 Drivers\STM32F4xx_HAL_Driver\Src\stm32f4xx_hal_dma_ex.o
 .text.HAL_DMAEx_ChangeMemory
                0x00000000        0xe Drivers\STM32F4xx_HAL_Driver\Src\stm32f4xx_hal_dma_ex.o
 .rodata.HAL_DMAEx_MultiBufferStart.str1.1
                0x00000000       0x3b Drivers\STM32F4xx_HAL_Driver\Src\stm32f4xx_hal_dma_ex.o
 .debug_info    0x00000000      0xe3c Drivers\STM32F4xx_HAL_Driver\Src\stm32f4xx_hal_dma_ex.o
 .debug_abbrev  0x00000000      0x259 Drivers\STM32F4xx_HAL_Driver\Src\stm32f4xx_hal_dma_ex.o
 .debug_loc     0x00000000      0x310 Drivers\STM32F4xx_HAL_Driver\Src\stm32f4xx_hal_dma_ex.o
 .debug_aranges
                0x00000000       0x30 Drivers\STM32F4xx_HAL_Driver\Src\stm32f4xx_hal_dma_ex.o
 .debug_ranges  0x00000000       0x50 Drivers\STM32F4xx_HAL_Driver\Src\stm32f4xx_hal_dma_ex.o
 .debug_line    0x00000000      0x652 Drivers\STM32F4xx_HAL_Driver\Src\stm32f4xx_hal_dma_ex.o
 .debug_str     0x00000000      0x9ee Drivers\STM32F4xx_HAL_Driver\Src\stm32f4xx_hal_dma_ex.o
 .comment       0x00000000       0x7d Drivers\STM32F4xx_HAL_Driver\Src\stm32f4xx_hal_dma_ex.o
 .debug_frame   0x00000000       0x60 Drivers\STM32F4xx_HAL_Driver\Src\stm32f4xx_hal_dma_ex.o
 .ARM.attributes
                0x00000000       0x39 Drivers\STM32F4xx_HAL_Driver\Src\stm32f4xx_hal_dma_ex.o
 .text          0x00000000        0x0 Drivers\STM32F4xx_HAL_Driver\Src\stm32f4xx_hal_flash.o
 .data          0x00000000        0x0 Drivers\STM32F4xx_HAL_Driver\Src\stm32f4xx_hal_flash.o
 .bss           0x00000000        0x0 Drivers\STM32F4xx_HAL_Driver\Src\stm32f4xx_hal_flash.o
 .text.FLASH_Program_Byte
                0x00000000       0x4c Drivers\STM32F4xx_HAL_Driver\Src\stm32f4xx_hal_flash.o
 .text.FLASH_Program_HalfWord
                0x00000000       0x50 Drivers\STM32F4xx_HAL_Driver\Src\stm32f4xx_hal_flash.o
 .text.FLASH_Program_Word
                0x00000000       0x50 Drivers\STM32F4xx_HAL_Driver\Src\stm32f4xx_hal_flash.o
 .text.FLASH_Program_DoubleWord
                0x00000000       0x54 Drivers\STM32F4xx_HAL_Driver\Src\stm32f4xx_hal_flash.o
 .text.FLASH_SetErrorCode
                0x00000000       0x74 Drivers\STM32F4xx_HAL_Driver\Src\stm32f4xx_hal_flash.o
 .text.HAL_FLASH_Program_IT
                0x00000000       0x88 Drivers\STM32F4xx_HAL_Driver\Src\stm32f4xx_hal_flash.o
 .text.HAL_FLASH_EndOfOperationCallback
                0x00000000        0x2 Drivers\STM32F4xx_HAL_Driver\Src\stm32f4xx_hal_flash.o
 .text.HAL_FLASH_OperationErrorCallback
                0x00000000        0x2 Drivers\STM32F4xx_HAL_Driver\Src\stm32f4xx_hal_flash.o
 .text.HAL_FLASH_IRQHandler
                0x00000000       0xc4 Drivers\STM32F4xx_HAL_Driver\Src\stm32f4xx_hal_flash.o
 .text.HAL_FLASH_Unlock
                0x00000000       0x24 Drivers\STM32F4xx_HAL_Driver\Src\stm32f4xx_hal_flash.o
 .text.HAL_FLASH_Lock
                0x00000000       0x14 Drivers\STM32F4xx_HAL_Driver\Src\stm32f4xx_hal_flash.o
 .text.HAL_FLASH_OB_Unlock
                0x00000000       0x24 Drivers\STM32F4xx_HAL_Driver\Src\stm32f4xx_hal_flash.o
 .text.HAL_FLASH_OB_Lock
                0x00000000       0x14 Drivers\STM32F4xx_HAL_Driver\Src\stm32f4xx_hal_flash.o
 .text.HAL_FLASH_GetError
                0x00000000        0xc Drivers\STM32F4xx_HAL_Driver\Src\stm32f4xx_hal_flash.o
 .text.FLASH_WaitForLastOperation
                0x00000000       0x54 Drivers\STM32F4xx_HAL_Driver\Src\stm32f4xx_hal_flash.o
 .text.HAL_FLASH_Program
                0x00000000       0x8c Drivers\STM32F4xx_HAL_Driver\Src\stm32f4xx_hal_flash.o
 .text.HAL_FLASH_OB_Launch
                0x00000000       0x18 Drivers\STM32F4xx_HAL_Driver\Src\stm32f4xx_hal_flash.o
 .rodata.FLASH_Program_Byte.str1.1
                0x00000000       0x3a Drivers\STM32F4xx_HAL_Driver\Src\stm32f4xx_hal_flash.o
 .debug_info    0x00000000     0x1027 Drivers\STM32F4xx_HAL_Driver\Src\stm32f4xx_hal_flash.o
 .debug_abbrev  0x00000000      0x338 Drivers\STM32F4xx_HAL_Driver\Src\stm32f4xx_hal_flash.o
 .debug_loc     0x00000000      0x38c Drivers\STM32F4xx_HAL_Driver\Src\stm32f4xx_hal_flash.o
 .debug_aranges
                0x00000000       0x98 Drivers\STM32F4xx_HAL_Driver\Src\stm32f4xx_hal_flash.o
 .debug_ranges  0x00000000       0x88 Drivers\STM32F4xx_HAL_Driver\Src\stm32f4xx_hal_flash.o
 .debug_line    0x00000000      0x538 Drivers\STM32F4xx_HAL_Driver\Src\stm32f4xx_hal_flash.o
 .debug_str     0x00000000      0x9d7 Drivers\STM32F4xx_HAL_Driver\Src\stm32f4xx_hal_flash.o
 .comment       0x00000000       0x7d Drivers\STM32F4xx_HAL_Driver\Src\stm32f4xx_hal_flash.o
 .debug_frame   0x00000000      0x18c Drivers\STM32F4xx_HAL_Driver\Src\stm32f4xx_hal_flash.o
 .ARM.attributes
                0x00000000       0x39 Drivers\STM32F4xx_HAL_Driver\Src\stm32f4xx_hal_flash.o
 COMMON         0x00000000       0x20 Drivers\STM32F4xx_HAL_Driver\Src\stm32f4xx_hal_flash.o
 .text          0x00000000        0x0 Drivers\STM32F4xx_HAL_Driver\Src\stm32f4xx_hal_flash_ex.o
 .data          0x00000000        0x0 Drivers\STM32F4xx_HAL_Driver\Src\stm32f4xx_hal_flash_ex.o
 .bss           0x00000000        0x0 Drivers\STM32F4xx_HAL_Driver\Src\stm32f4xx_hal_flash_ex.o
 .text.FLASH_MassErase
                0x00000000       0x4c Drivers\STM32F4xx_HAL_Driver\Src\stm32f4xx_hal_flash_ex.o
 .text.HAL_FLASHEx_OBProgram
                0x00000000      0x150 Drivers\STM32F4xx_HAL_Driver\Src\stm32f4xx_hal_flash_ex.o
 .text.HAL_FLASHEx_OBGetConfig
                0x00000000       0x48 Drivers\STM32F4xx_HAL_Driver\Src\stm32f4xx_hal_flash_ex.o
 .text.FLASH_Erase_Sector
                0x00000000       0x74 Drivers\STM32F4xx_HAL_Driver\Src\stm32f4xx_hal_flash_ex.o
 .text.HAL_FLASHEx_Erase_IT
                0x00000000       0x8c Drivers\STM32F4xx_HAL_Driver\Src\stm32f4xx_hal_flash_ex.o
 .text.FLASH_FlushCaches
                0x00000000       0x58 Drivers\STM32F4xx_HAL_Driver\Src\stm32f4xx_hal_flash_ex.o
 .text.HAL_FLASHEx_Erase
                0x00000000       0xc4 Drivers\STM32F4xx_HAL_Driver\Src\stm32f4xx_hal_flash_ex.o
 .rodata.FLASH_MassErase.str1.1
                0x00000000       0x3d Drivers\STM32F4xx_HAL_Driver\Src\stm32f4xx_hal_flash_ex.o
 .debug_info    0x00000000     0x126c Drivers\STM32F4xx_HAL_Driver\Src\stm32f4xx_hal_flash_ex.o
 .debug_abbrev  0x00000000      0x364 Drivers\STM32F4xx_HAL_Driver\Src\stm32f4xx_hal_flash_ex.o
 .debug_loc     0x00000000      0x3f0 Drivers\STM32F4xx_HAL_Driver\Src\stm32f4xx_hal_flash_ex.o
 .debug_aranges
                0x00000000       0x50 Drivers\STM32F4xx_HAL_Driver\Src\stm32f4xx_hal_flash_ex.o
 .debug_ranges  0x00000000       0x88 Drivers\STM32F4xx_HAL_Driver\Src\stm32f4xx_hal_flash_ex.o
 .debug_line    0x00000000      0x4bb Drivers\STM32F4xx_HAL_Driver\Src\stm32f4xx_hal_flash_ex.o
 .debug_str     0x00000000      0xa2d Drivers\STM32F4xx_HAL_Driver\Src\stm32f4xx_hal_flash_ex.o
 .comment       0x00000000       0x7d Drivers\STM32F4xx_HAL_Driver\Src\stm32f4xx_hal_flash_ex.o
 .debug_frame   0x00000000       0xc8 Drivers\STM32F4xx_HAL_Driver\Src\stm32f4xx_hal_flash_ex.o
 .ARM.attributes
                0x00000000       0x39 Drivers\STM32F4xx_HAL_Driver\Src\stm32f4xx_hal_flash_ex.o
 .text          0x00000000        0x0 Drivers\STM32F4xx_HAL_Driver\Src\stm32f4xx_hal_flash_ramfunc.o
 .data          0x00000000        0x0 Drivers\STM32F4xx_HAL_Driver\Src\stm32f4xx_hal_flash_ramfunc.o
 .bss           0x00000000        0x0 Drivers\STM32F4xx_HAL_Driver\Src\stm32f4xx_hal_flash_ramfunc.o
 .debug_info    0x00000000      0x927 Drivers\STM32F4xx_HAL_Driver\Src\stm32f4xx_hal_flash_ramfunc.o
 .debug_abbrev  0x00000000      0x15c Drivers\STM32F4xx_HAL_Driver\Src\stm32f4xx_hal_flash_ramfunc.o
 .debug_aranges
                0x00000000       0x18 Drivers\STM32F4xx_HAL_Driver\Src\stm32f4xx_hal_flash_ramfunc.o
 .debug_line    0x00000000      0x203 Drivers\STM32F4xx_HAL_Driver\Src\stm32f4xx_hal_flash_ramfunc.o
 .debug_str     0x00000000      0x665 Drivers\STM32F4xx_HAL_Driver\Src\stm32f4xx_hal_flash_ramfunc.o
 .comment       0x00000000       0x7d Drivers\STM32F4xx_HAL_Driver\Src\stm32f4xx_hal_flash_ramfunc.o
 .ARM.attributes
                0x00000000       0x39 Drivers\STM32F4xx_HAL_Driver\Src\stm32f4xx_hal_flash_ramfunc.o
 .text          0x00000000        0x0 Drivers\STM32F4xx_HAL_Driver\Src\stm32f4xx_hal_gpio.o
 .data          0x00000000        0x0 Drivers\STM32F4xx_HAL_Driver\Src\stm32f4xx_hal_gpio.o
 .bss           0x00000000        0x0 Drivers\STM32F4xx_HAL_Driver\Src\stm32f4xx_hal_gpio.o
 .text.HAL_GPIO_DeInit
                0x00000000      0x170 Drivers\STM32F4xx_HAL_Driver\Src\stm32f4xx_hal_gpio.o
 .text.HAL_GPIO_ReadPin
                0x00000000       0x24 Drivers\STM32F4xx_HAL_Driver\Src\stm32f4xx_hal_gpio.o
 .text.HAL_GPIO_LockPin
                0x00000000       0x40 Drivers\STM32F4xx_HAL_Driver\Src\stm32f4xx_hal_gpio.o
 .text.HAL_GPIO_EXTI_Callback
                0x00000000        0x2 Drivers\STM32F4xx_HAL_Driver\Src\stm32f4xx_hal_gpio.o
 .text.HAL_GPIO_EXTI_IRQHandler
                0x00000000       0x18 Drivers\STM32F4xx_HAL_Driver\Src\stm32f4xx_hal_gpio.o
 .text          0x00000000        0x0 Drivers\STM32F4xx_HAL_Driver\Src\stm32f4xx_hal_pwr.o
 .data          0x00000000        0x0 Drivers\STM32F4xx_HAL_Driver\Src\stm32f4xx_hal_pwr.o
 .bss           0x00000000        0x0 Drivers\STM32F4xx_HAL_Driver\Src\stm32f4xx_hal_pwr.o
 .text.HAL_PWR_DeInit
                0x00000000       0x18 Drivers\STM32F4xx_HAL_Driver\Src\stm32f4xx_hal_pwr.o
 .text.HAL_PWR_EnableBkUpAccess
                0x00000000        0xc Drivers\STM32F4xx_HAL_Driver\Src\stm32f4xx_hal_pwr.o
 .text.HAL_PWR_DisableBkUpAccess
                0x00000000        0xc Drivers\STM32F4xx_HAL_Driver\Src\stm32f4xx_hal_pwr.o
 .text.HAL_PWR_ConfigPVD
                0x00000000       0xb0 Drivers\STM32F4xx_HAL_Driver\Src\stm32f4xx_hal_pwr.o
 .text.HAL_PWR_EnablePVD
                0x00000000        0xc Drivers\STM32F4xx_HAL_Driver\Src\stm32f4xx_hal_pwr.o
 .text.HAL_PWR_DisablePVD
                0x00000000        0xc Drivers\STM32F4xx_HAL_Driver\Src\stm32f4xx_hal_pwr.o
 .text.HAL_PWR_EnableWakeUpPin
                0x00000000       0x28 Drivers\STM32F4xx_HAL_Driver\Src\stm32f4xx_hal_pwr.o
 .text.HAL_PWR_DisableWakeUpPin
                0x00000000       0x28 Drivers\STM32F4xx_HAL_Driver\Src\stm32f4xx_hal_pwr.o
 .text.HAL_PWR_EnterSLEEPMode
                0x00000000       0x44 Drivers\STM32F4xx_HAL_Driver\Src\stm32f4xx_hal_pwr.o
 .text.HAL_PWR_EnterSTOPMode
                0x00000000       0x60 Drivers\STM32F4xx_HAL_Driver\Src\stm32f4xx_hal_pwr.o
 .text.HAL_PWR_EnterSTANDBYMode
                0x00000000       0x20 Drivers\STM32F4xx_HAL_Driver\Src\stm32f4xx_hal_pwr.o
 .text.HAL_PWR_PVDCallback
                0x00000000        0x2 Drivers\STM32F4xx_HAL_Driver\Src\stm32f4xx_hal_pwr.o
 .text.HAL_PWR_PVD_IRQHandler
                0x00000000       0x1c Drivers\STM32F4xx_HAL_Driver\Src\stm32f4xx_hal_pwr.o
 .text.HAL_PWR_EnableSleepOnExit
                0x00000000       0x10 Drivers\STM32F4xx_HAL_Driver\Src\stm32f4xx_hal_pwr.o
 .text.HAL_PWR_DisableSleepOnExit
                0x00000000       0x10 Drivers\STM32F4xx_HAL_Driver\Src\stm32f4xx_hal_pwr.o
 .text.HAL_PWR_EnableSEVOnPend
                0x00000000       0x10 Drivers\STM32F4xx_HAL_Driver\Src\stm32f4xx_hal_pwr.o
 .text.HAL_PWR_DisableSEVOnPend
                0x00000000       0x10 Drivers\STM32F4xx_HAL_Driver\Src\stm32f4xx_hal_pwr.o
 .rodata.HAL_PWR_ConfigPVD.str1.1
                0x00000000       0x38 Drivers\STM32F4xx_HAL_Driver\Src\stm32f4xx_hal_pwr.o
 .debug_info    0x00000000     0x10d7 Drivers\STM32F4xx_HAL_Driver\Src\stm32f4xx_hal_pwr.o
 .debug_abbrev  0x00000000      0x245 Drivers\STM32F4xx_HAL_Driver\Src\stm32f4xx_hal_pwr.o
 .debug_loc     0x00000000      0x105 Drivers\STM32F4xx_HAL_Driver\Src\stm32f4xx_hal_pwr.o
 .debug_aranges
                0x00000000       0xa0 Drivers\STM32F4xx_HAL_Driver\Src\stm32f4xx_hal_pwr.o
 .debug_ranges  0x00000000       0x90 Drivers\STM32F4xx_HAL_Driver\Src\stm32f4xx_hal_pwr.o
 .debug_line    0x00000000      0x481 Drivers\STM32F4xx_HAL_Driver\Src\stm32f4xx_hal_pwr.o
 .debug_str     0x00000000      0x9dc Drivers\STM32F4xx_HAL_Driver\Src\stm32f4xx_hal_pwr.o
 .comment       0x00000000       0x7d Drivers\STM32F4xx_HAL_Driver\Src\stm32f4xx_hal_pwr.o
 .debug_frame   0x00000000      0x154 Drivers\STM32F4xx_HAL_Driver\Src\stm32f4xx_hal_pwr.o
 .ARM.attributes
                0x00000000       0x39 Drivers\STM32F4xx_HAL_Driver\Src\stm32f4xx_hal_pwr.o
 .text          0x00000000        0x0 Drivers\STM32F4xx_HAL_Driver\Src\stm32f4xx_hal_pwr_ex.o
 .data          0x00000000        0x0 Drivers\STM32F4xx_HAL_Driver\Src\stm32f4xx_hal_pwr_ex.o
 .bss           0x00000000        0x0 Drivers\STM32F4xx_HAL_Driver\Src\stm32f4xx_hal_pwr_ex.o
 .text.HAL_PWREx_EnableBkUpReg
                0x00000000       0x34 Drivers\STM32F4xx_HAL_Driver\Src\stm32f4xx_hal_pwr_ex.o
 .text.HAL_PWREx_DisableBkUpReg
                0x00000000       0x34 Drivers\STM32F4xx_HAL_Driver\Src\stm32f4xx_hal_pwr_ex.o
 .text.HAL_PWREx_EnableFlashPowerDown
                0x00000000        0xc Drivers\STM32F4xx_HAL_Driver\Src\stm32f4xx_hal_pwr_ex.o
 .text.HAL_PWREx_DisableFlashPowerDown
                0x00000000        0xc Drivers\STM32F4xx_HAL_Driver\Src\stm32f4xx_hal_pwr_ex.o
 .text.HAL_PWREx_GetVoltageRange
                0x00000000       0x10 Drivers\STM32F4xx_HAL_Driver\Src\stm32f4xx_hal_pwr_ex.o
 .text.HAL_PWREx_ControlVoltageScaling
                0x00000000       0x70 Drivers\STM32F4xx_HAL_Driver\Src\stm32f4xx_hal_pwr_ex.o
 .rodata.HAL_PWREx_ControlVoltageScaling.str1.1
                0x00000000       0x3b Drivers\STM32F4xx_HAL_Driver\Src\stm32f4xx_hal_pwr_ex.o
 .debug_info    0x00000000      0xccd Drivers\STM32F4xx_HAL_Driver\Src\stm32f4xx_hal_pwr_ex.o
 .debug_abbrev  0x00000000      0x258 Drivers\STM32F4xx_HAL_Driver\Src\stm32f4xx_hal_pwr_ex.o
 .debug_loc     0x00000000       0x89 Drivers\STM32F4xx_HAL_Driver\Src\stm32f4xx_hal_pwr_ex.o
 .debug_aranges
                0x00000000       0x48 Drivers\STM32F4xx_HAL_Driver\Src\stm32f4xx_hal_pwr_ex.o
 .debug_ranges  0x00000000       0x68 Drivers\STM32F4xx_HAL_Driver\Src\stm32f4xx_hal_pwr_ex.o
 .debug_line    0x00000000      0x35e Drivers\STM32F4xx_HAL_Driver\Src\stm32f4xx_hal_pwr_ex.o
 .debug_str     0x00000000      0x897 Drivers\STM32F4xx_HAL_Driver\Src\stm32f4xx_hal_pwr_ex.o
 .comment       0x00000000       0x7d Drivers\STM32F4xx_HAL_Driver\Src\stm32f4xx_hal_pwr_ex.o
 .debug_frame   0x00000000       0x98 Drivers\STM32F4xx_HAL_Driver\Src\stm32f4xx_hal_pwr_ex.o
 .ARM.attributes
                0x00000000       0x39 Drivers\STM32F4xx_HAL_Driver\Src\stm32f4xx_hal_pwr_ex.o
 .text          0x00000000        0x0 Drivers\STM32F4xx_HAL_Driver\Src\stm32f4xx_hal_rcc.o
 .data          0x00000000        0x0 Drivers\STM32F4xx_HAL_Driver\Src\stm32f4xx_hal_rcc.o
 .bss           0x00000000        0x0 Drivers\STM32F4xx_HAL_Driver\Src\stm32f4xx_hal_rcc.o
 .text.HAL_RCC_DeInit
                0x00000000        0x4 Drivers\STM32F4xx_HAL_Driver\Src\stm32f4xx_hal_rcc.o
 .text.HAL_RCC_MCOConfig
                0x00000000       0xf0 Drivers\STM32F4xx_HAL_Driver\Src\stm32f4xx_hal_rcc.o
 .text.HAL_RCC_EnableCSS
                0x00000000        0xc Drivers\STM32F4xx_HAL_Driver\Src\stm32f4xx_hal_rcc.o
 .text.HAL_RCC_DisableCSS
                0x00000000        0xc Drivers\STM32F4xx_HAL_Driver\Src\stm32f4xx_hal_rcc.o
 .text.HAL_RCC_GetPCLK1Freq
                0x00000000       0x20 Drivers\STM32F4xx_HAL_Driver\Src\stm32f4xx_hal_rcc.o
 .text.HAL_RCC_GetPCLK2Freq
                0x00000000       0x20 Drivers\STM32F4xx_HAL_Driver\Src\stm32f4xx_hal_rcc.o
 .text.HAL_RCC_GetOscConfig
                0x00000000       0x9c Drivers\STM32F4xx_HAL_Driver\Src\stm32f4xx_hal_rcc.o
 .text.HAL_RCC_GetClockConfig
                0x00000000       0x3c Drivers\STM32F4xx_HAL_Driver\Src\stm32f4xx_hal_rcc.o
 .text.HAL_RCC_CSSCallback
                0x00000000        0x2 Drivers\STM32F4xx_HAL_Driver\Src\stm32f4xx_hal_rcc.o
 .text.HAL_RCC_NMI_IRQHandler
                0x00000000       0x20 Drivers\STM32F4xx_HAL_Driver\Src\stm32f4xx_hal_rcc.o
 .text          0x00000000        0x0 Drivers\STM32F4xx_HAL_Driver\Src\stm32f4xx_hal_rcc_ex.o
 .data          0x00000000        0x0 Drivers\STM32F4xx_HAL_Driver\Src\stm32f4xx_hal_rcc_ex.o
 .bss           0x00000000        0x0 Drivers\STM32F4xx_HAL_Driver\Src\stm32f4xx_hal_rcc_ex.o
 .text.HAL_RCCEx_PeriphCLKConfig
                0x00000000      0x1dc Drivers\STM32F4xx_HAL_Driver\Src\stm32f4xx_hal_rcc_ex.o
 .text.HAL_RCCEx_GetPeriphCLKConfig
                0x00000000       0x30 Drivers\STM32F4xx_HAL_Driver\Src\stm32f4xx_hal_rcc_ex.o
 .text.HAL_RCCEx_GetPeriphCLKFreq
                0x00000000       0x5c Drivers\STM32F4xx_HAL_Driver\Src\stm32f4xx_hal_rcc_ex.o
 .text.HAL_RCC_DeInit
                0x00000000       0xf0 Drivers\STM32F4xx_HAL_Driver\Src\stm32f4xx_hal_rcc_ex.o
 .rodata.HAL_RCCEx_PeriphCLKConfig.str1.1
                0x00000000       0x3b Drivers\STM32F4xx_HAL_Driver\Src\stm32f4xx_hal_rcc_ex.o
 .debug_info    0x00000000      0xe57 Drivers\STM32F4xx_HAL_Driver\Src\stm32f4xx_hal_rcc_ex.o
 .debug_abbrev  0x00000000      0x24f Drivers\STM32F4xx_HAL_Driver\Src\stm32f4xx_hal_rcc_ex.o
 .debug_loc     0x00000000      0x254 Drivers\STM32F4xx_HAL_Driver\Src\stm32f4xx_hal_rcc_ex.o
 .debug_aranges
                0x00000000       0x38 Drivers\STM32F4xx_HAL_Driver\Src\stm32f4xx_hal_rcc_ex.o
 .debug_ranges  0x00000000       0x40 Drivers\STM32F4xx_HAL_Driver\Src\stm32f4xx_hal_rcc_ex.o
 .debug_line    0x00000000      0x44a Drivers\STM32F4xx_HAL_Driver\Src\stm32f4xx_hal_rcc_ex.o
 .debug_str     0x00000000      0x905 Drivers\STM32F4xx_HAL_Driver\Src\stm32f4xx_hal_rcc_ex.o
 .comment       0x00000000       0x7d Drivers\STM32F4xx_HAL_Driver\Src\stm32f4xx_hal_rcc_ex.o
 .debug_frame   0x00000000       0x70 Drivers\STM32F4xx_HAL_Driver\Src\stm32f4xx_hal_rcc_ex.o
 .ARM.attributes
                0x00000000       0x39 Drivers\STM32F4xx_HAL_Driver\Src\stm32f4xx_hal_rcc_ex.o
 .text          0x00000000        0x0 Drivers\STM32F4xx_HAL_Driver\Src\stm32f4xx_hal_tim.o
 .data          0x00000000        0x0 Drivers\STM32F4xx_HAL_Driver\Src\stm32f4xx_hal_tim.o
 .bss           0x00000000        0x0 Drivers\STM32F4xx_HAL_Driver\Src\stm32f4xx_hal_tim.o
 .debug_info    0x00000000      0x927 Drivers\STM32F4xx_HAL_Driver\Src\stm32f4xx_hal_tim.o
 .debug_abbrev  0x00000000      0x15c Drivers\STM32F4xx_HAL_Driver\Src\stm32f4xx_hal_tim.o
 .debug_aranges
                0x00000000       0x18 Drivers\STM32F4xx_HAL_Driver\Src\stm32f4xx_hal_tim.o
 .debug_line    0x00000000      0x203 Drivers\STM32F4xx_HAL_Driver\Src\stm32f4xx_hal_tim.o
 .debug_str     0x00000000      0x65b Drivers\STM32F4xx_HAL_Driver\Src\stm32f4xx_hal_tim.o
 .comment       0x00000000       0x7d Drivers\STM32F4xx_HAL_Driver\Src\stm32f4xx_hal_tim.o
 .ARM.attributes
                0x00000000       0x39 Drivers\STM32F4xx_HAL_Driver\Src\stm32f4xx_hal_tim.o
 .text          0x00000000        0x0 Drivers\STM32F4xx_HAL_Driver\Src\stm32f4xx_hal_tim_ex.o
 .data          0x00000000        0x0 Drivers\STM32F4xx_HAL_Driver\Src\stm32f4xx_hal_tim_ex.o
 .bss           0x00000000        0x0 Drivers\STM32F4xx_HAL_Driver\Src\stm32f4xx_hal_tim_ex.o
 .debug_info    0x00000000      0x927 Drivers\STM32F4xx_HAL_Driver\Src\stm32f4xx_hal_tim_ex.o
 .debug_abbrev  0x00000000      0x15c Drivers\STM32F4xx_HAL_Driver\Src\stm32f4xx_hal_tim_ex.o
 .debug_aranges
                0x00000000       0x18 Drivers\STM32F4xx_HAL_Driver\Src\stm32f4xx_hal_tim_ex.o
 .debug_line    0x00000000      0x203 Drivers\STM32F4xx_HAL_Driver\Src\stm32f4xx_hal_tim_ex.o
 .debug_str     0x00000000      0x65e Drivers\STM32F4xx_HAL_Driver\Src\stm32f4xx_hal_tim_ex.o
 .comment       0x00000000       0x7d Drivers\STM32F4xx_HAL_Driver\Src\stm32f4xx_hal_tim_ex.o
 .ARM.attributes
                0x00000000       0x39 Drivers\STM32F4xx_HAL_Driver\Src\stm32f4xx_hal_tim_ex.o
 .text          0x00000000        0x0 Src\main.o
 .data          0x00000000        0x0 Src\main.o
 .bss           0x00000000        0x0 Src\main.o
 .text._Error_Handler
                0x00000000        0x2 Src\main.o
 .text          0x00000000        0x0 Src\stm32f4xx_hal_msp.o
 .data          0x00000000        0x0 Src\stm32f4xx_hal_msp.o
 .bss           0x00000000        0x0 Src\stm32f4xx_hal_msp.o
 .text          0x00000000        0x0 Src\stm32f4xx_it.o
 .data          0x00000000        0x0 Src\stm32f4xx_it.o
 .bss           0x00000000        0x0 Src\stm32f4xx_it.o
 .text          0x00000000        0x0 Src\system_stm32f4xx.o
 .data          0x00000000        0x0 Src\system_stm32f4xx.o
 .bss           0x00000000        0x0 Src\system_stm32f4xx.o
 .text.SystemCoreClockUpdate
                0x00000000       0x74 Src\system_stm32f4xx.o
 .rodata.APBPrescTable
                0x00000000        0x8 Src\system_stm32f4xx.o
 .text          0x00000000       0x14 startup\startup_stm32f407xx.o
 .data          0x00000000        0x0 startup\startup_stm32f407xx.o
 .bss           0x00000000        0x0 startup\startup_stm32f407xx.o
 .text          0x00000000        0x0 c:/program files (x86)/atollic/truestudio for stm32 9.0.1/armtools/bin/../lib/gcc/arm-atollic-eabi/6.3.1/../../../../arm-atollic-eabi/lib/armv7e-m/fpu\libc_nano.a(lib_a-init.o)
 .data          0x00000000        0x0 c:/program files (x86)/atollic/truestudio for stm32 9.0.1/armtools/bin/../lib/gcc/arm-atollic-eabi/6.3.1/../../../../arm-atollic-eabi/lib/armv7e-m/fpu\libc_nano.a(lib_a-init.o)
 .bss           0x00000000        0x0 c:/program files (x86)/atollic/truestudio for stm32 9.0.1/armtools/bin/../lib/gcc/arm-atollic-eabi/6.3.1/../../../../arm-atollic-eabi/lib/armv7e-m/fpu\libc_nano.a(lib_a-init.o)
 .data          0x00000000        0x0 c:/program files (x86)/atollic/truestudio for stm32 9.0.1/armtools/bin/../lib/gcc/arm-atollic-eabi/6.3.1/armv7e-m/fpu\libgcc.a(_aeabi_uldivmod.o)
 .bss           0x00000000        0x0 c:/program files (x86)/atollic/truestudio for stm32 9.0.1/armtools/bin/../lib/gcc/arm-atollic-eabi/6.3.1/armv7e-m/fpu\libgcc.a(_aeabi_uldivmod.o)
 .data          0x00000000        0x0 c:/program files (x86)/atollic/truestudio for stm32 9.0.1/armtools/bin/../lib/gcc/arm-atollic-eabi/6.3.1/armv7e-m/fpu\libgcc.a(_udivmoddi4.o)
 .bss           0x00000000        0x0 c:/program files (x86)/atollic/truestudio for stm32 9.0.1/armtools/bin/../lib/gcc/arm-atollic-eabi/6.3.1/armv7e-m/fpu\libgcc.a(_udivmoddi4.o)
 .ARM.extab     0x00000000        0x0 c:/program files (x86)/atollic/truestudio for stm32 9.0.1/armtools/bin/../lib/gcc/arm-atollic-eabi/6.3.1/armv7e-m/fpu\libgcc.a(_udivmoddi4.o)
 .data          0x00000000        0x0 c:/program files (x86)/atollic/truestudio for stm32 9.0.1/armtools/bin/../lib/gcc/arm-atollic-eabi/6.3.1/armv7e-m/fpu\libgcc.a(_dvmd_tls.o)
 .bss           0x00000000        0x0 c:/program files (x86)/atollic/truestudio for stm32 9.0.1/armtools/bin/../lib/gcc/arm-atollic-eabi/6.3.1/armv7e-m/fpu\libgcc.a(_dvmd_tls.o)
 .text          0x00000000        0x0 c:/program files (x86)/atollic/truestudio for stm32 9.0.1/armtools/bin/../lib/gcc/arm-atollic-eabi/6.3.1/armv7e-m/fpu/crtend.o
 .data          0x00000000        0x0 c:/program files (x86)/atollic/truestudio for stm32 9.0.1/armtools/bin/../lib/gcc/arm-atollic-eabi/6.3.1/armv7e-m/fpu/crtend.o
 .bss           0x00000000        0x0 c:/program files (x86)/atollic/truestudio for stm32 9.0.1/armtools/bin/../lib/gcc/arm-atollic-eabi/6.3.1/armv7e-m/fpu/crtend.o
 .eh_frame      0x00000000        0x4 c:/program files (x86)/atollic/truestudio for stm32 9.0.1/armtools/bin/../lib/gcc/arm-atollic-eabi/6.3.1/armv7e-m/fpu/crtend.o
 .ARM.attributes
                0x00000000       0x34 c:/program files (x86)/atollic/truestudio for stm32 9.0.1/armtools/bin/../lib/gcc/arm-atollic-eabi/6.3.1/armv7e-m/fpu/crtend.o
 .text          0x00000000        0x0 c:/program files (x86)/atollic/truestudio for stm32 9.0.1/armtools/bin/../lib/gcc/arm-atollic-eabi/6.3.1/armv7e-m/fpu/crtn.o
 .data          0x00000000        0x0 c:/program files (x86)/atollic/truestudio for stm32 9.0.1/armtools/bin/../lib/gcc/arm-atollic-eabi/6.3.1/armv7e-m/fpu/crtn.o
 .bss           0x00000000        0x0 c:/program files (x86)/atollic/truestudio for stm32 9.0.1/armtools/bin/../lib/gcc/arm-atollic-eabi/6.3.1/armv7e-m/fpu/crtn.o

Memory Configuration

Name             Origin             Length             Attributes
RAM              0x20000000         0x00020000         xrw
CCMRAM           0x10000000         0x00010000         rw
FLASH            0x08000000         0x00100000         xr
*default*        0x00000000         0xffffffff

Linker script and memory map

LOAD c:/program files (x86)/atollic/truestudio for stm32 9.0.1/armtools/bin/../lib/gcc/arm-atollic-eabi/6.3.1/armv7e-m/fpu/crti.o
LOAD c:/program files (x86)/atollic/truestudio for stm32 9.0.1/armtools/bin/../lib/gcc/arm-atollic-eabi/6.3.1/armv7e-m/fpu/crtbegin.o
LOAD Drivers\STM32F4xx_HAL_Driver\Src\stm32f4xx_hal.o
LOAD Drivers\STM32F4xx_HAL_Driver\Src\stm32f4xx_hal_cortex.o
LOAD Drivers\STM32F4xx_HAL_Driver\Src\stm32f4xx_hal_dma.o
LOAD Drivers\STM32F4xx_HAL_Driver\Src\stm32f4xx_hal_dma_ex.o
LOAD Drivers\STM32F4xx_HAL_Driver\Src\stm32f4xx_hal_flash.o
LOAD Drivers\STM32F4xx_HAL_Driver\Src\stm32f4xx_hal_flash_ex.o
LOAD Drivers\STM32F4xx_HAL_Driver\Src\stm32f4xx_hal_flash_ramfunc.o
LOAD Drivers\STM32F4xx_HAL_Driver\Src\stm32f4xx_hal_gpio.o
LOAD Drivers\STM32F4xx_HAL_Driver\Src\stm32f4xx_hal_pwr.o
LOAD Drivers\STM32F4xx_HAL_Driver\Src\stm32f4xx_hal_pwr_ex.o
LOAD Drivers\STM32F4xx_HAL_Driver\Src\stm32f4xx_hal_rcc.o
LOAD Drivers\STM32F4xx_HAL_Driver\Src\stm32f4xx_hal_rcc_ex.o
LOAD Drivers\STM32F4xx_HAL_Driver\Src\stm32f4xx_hal_tim.o
LOAD Drivers\STM32F4xx_HAL_Driver\Src\stm32f4xx_hal_tim_ex.o
LOAD Src\main.o
LOAD Src\stm32f4xx_hal_msp.o
LOAD Src\stm32f4xx_it.o
LOAD Src\system_stm32f4xx.o
LOAD startup\startup_stm32f407xx.o
                0x00000080                malloc_getpagesize_P = 0x80
START GROUP
LOAD c:/program files (x86)/atollic/truestudio for stm32 9.0.1/armtools/bin/../lib/gcc/arm-atollic-eabi/6.3.1/../../../../arm-atollic-eabi/lib/armv7e-m/fpu\libc_nano.a
LOAD c:/program files (x86)/atollic/truestudio for stm32 9.0.1/armtools/bin/../lib/gcc/arm-atollic-eabi/6.3.1/../../../../arm-atollic-eabi/lib/armv7e-m/fpu\libm.a
END GROUP
START GROUP
LOAD c:/program files (x86)/atollic/truestudio for stm32 9.0.1/armtools/bin/../lib/gcc/arm-atollic-eabi/6.3.1/armv7e-m/fpu\libgcc.a
LOAD c:/program files (x86)/atollic/truestudio for stm32 9.0.1/armtools/bin/../lib/gcc/arm-atollic-eabi/6.3.1/../../../../arm-atollic-eabi/lib/armv7e-m/fpu\libc_nano.a
END GROUP
START GROUP
LOAD c:/program files (x86)/atollic/truestudio for stm32 9.0.1/armtools/bin/../lib/gcc/arm-atollic-eabi/6.3.1/armv7e-m/fpu\libgcc.a
LOAD c:/program files (x86)/atollic/truestudio for stm32 9.0.1/armtools/bin/../lib/gcc/arm-atollic-eabi/6.3.1/../../../../arm-atollic-eabi/lib/armv7e-m/fpu\libc_nano.a
LOAD c:/program files (x86)/atollic/truestudio for stm32 9.0.1/armtools/bin/../lib/gcc/arm-atollic-eabi/6.3.1/../../../../arm-atollic-eabi/lib/armv7e-m/fpu\libnosys.a
END GROUP
START GROUP
LOAD c:/program files (x86)/atollic/truestudio for stm32 9.0.1/armtools/bin/../lib/gcc/arm-atollic-eabi/6.3.1/armv7e-m/fpu\libgcc.a
LOAD c:/program files (x86)/atollic/truestudio for stm32 9.0.1/armtools/bin/../lib/gcc/arm-atollic-eabi/6.3.1/../../../../arm-atollic-eabi/lib/armv7e-m/fpu\libc_nano.a
LOAD c:/program files (x86)/atollic/truestudio for stm32 9.0.1/armtools/bin/../lib/gcc/arm-atollic-eabi/6.3.1/../../../../arm-atollic-eabi/lib/armv7e-m/fpu\libnosys.a
END GROUP
LOAD c:/program files (x86)/atollic/truestudio for stm32 9.0.1/armtools/bin/../lib/gcc/arm-atollic-eabi/6.3.1/armv7e-m/fpu/crtend.o
LOAD c:/program files (x86)/atollic/truestudio for stm32 9.0.1/armtools/bin/../lib/gcc/arm-atollic-eabi/6.3.1/armv7e-m/fpu/crtn.o
                0x20020000                _estack = 0x20020000
                0x00000200                _Min_Heap_Size = 0x200
                0x00000400                _Min_Stack_Size = 0x400

.isr_vector     0x08000000      0x188
                0x08000000                . = ALIGN (0x4)
 *(.isr_vector)
 .isr_vector    0x08000000      0x188 startup\startup_stm32f407xx.o
                0x08000000                g_pfnVectors
                0x08000188                . = ALIGN (0x4)

.text           0x08000188     0x10d0
                0x08000188                . = ALIGN (0x4)
 *(.text)
 .text          0x08000188       0x40 c:/program files (x86)/atollic/truestudio for stm32 9.0.1/armtools/bin/../lib/gcc/arm-atollic-eabi/6.3.1/armv7e-m/fpu/crtbegin.o
 .text          0x080001c8       0x30 c:/program files (x86)/atollic/truestudio for stm32 9.0.1/armtools/bin/../lib/gcc/arm-atollic-eabi/6.3.1/armv7e-m/fpu\libgcc.a(_aeabi_uldivmod.o)
                0x080001c8                __aeabi_uldivmod
 .text          0x080001f8      0x2dc c:/program files (x86)/atollic/truestudio for stm32 9.0.1/armtools/bin/../lib/gcc/arm-atollic-eabi/6.3.1/armv7e-m/fpu\libgcc.a(_udivmoddi4.o)
                0x080001f8                __udivmoddi4
 .text          0x080004d4        0x4 c:/program files (x86)/atollic/truestudio for stm32 9.0.1/armtools/bin/../lib/gcc/arm-atollic-eabi/6.3.1/armv7e-m/fpu\libgcc.a(_dvmd_tls.o)
                0x080004d4                __aeabi_idiv0
                0x080004d4                __aeabi_ldiv0
 *(.text*)
 .text.HAL_InitTick
                0x080004d8       0x28 Drivers\STM32F4xx_HAL_Driver\Src\stm32f4xx_hal.o
                0x080004d8                HAL_InitTick
 .text.HAL_Init
                0x08000500       0x34 Drivers\STM32F4xx_HAL_Driver\Src\stm32f4xx_hal.o
                0x08000500                HAL_Init
 .text.HAL_IncTick
                0x08000534       0x10 Drivers\STM32F4xx_HAL_Driver\Src\stm32f4xx_hal.o
                0x08000534                HAL_IncTick
 .text.HAL_GetTick
                0x08000544        0xc Drivers\STM32F4xx_HAL_Driver\Src\stm32f4xx_hal.o
                0x08000544                HAL_GetTick
 .text.HAL_Delay
                0x08000550       0x20 Drivers\STM32F4xx_HAL_Driver\Src\stm32f4xx_hal.o
                0x08000550                HAL_Delay
 .text.HAL_NVIC_SetPriorityGrouping
                0x08000570       0x3c Drivers\STM32F4xx_HAL_Driver\Src\stm32f4xx_hal_cortex.o
                0x08000570                HAL_NVIC_SetPriorityGrouping
 .text.HAL_NVIC_SetPriority
                0x080005ac       0x84 Drivers\STM32F4xx_HAL_Driver\Src\stm32f4xx_hal_cortex.o
                0x080005ac                HAL_NVIC_SetPriority
 .text.HAL_SYSTICK_Config
                0x08000630       0x2c Drivers\STM32F4xx_HAL_Driver\Src\stm32f4xx_hal_cortex.o
                0x08000630                HAL_SYSTICK_Config
 .text.HAL_SYSTICK_CLKSourceConfig
                0x0800065c       0x30 Drivers\STM32F4xx_HAL_Driver\Src\stm32f4xx_hal_cortex.o
                0x0800065c                HAL_SYSTICK_CLKSourceConfig
 .text.HAL_SYSTICK_Callback
                0x0800068c        0x2 Drivers\STM32F4xx_HAL_Driver\Src\stm32f4xx_hal_cortex.o
                0x0800068c                HAL_SYSTICK_Callback
 .text.HAL_SYSTICK_IRQHandler
                0x0800068e        0x8 Drivers\STM32F4xx_HAL_Driver\Src\stm32f4xx_hal_cortex.o
                0x0800068e                HAL_SYSTICK_IRQHandler
 *fill*         0x08000696        0x2 
 .text.HAL_GPIO_Init
                0x08000698      0x28c Drivers\STM32F4xx_HAL_Driver\Src\stm32f4xx_hal_gpio.o
                0x08000698                HAL_GPIO_Init
 .text.HAL_GPIO_WritePin
                0x08000924       0x34 Drivers\STM32F4xx_HAL_Driver\Src\stm32f4xx_hal_gpio.o
                0x08000924                HAL_GPIO_WritePin
 .text.HAL_GPIO_TogglePin
                0x08000958       0x20 Drivers\STM32F4xx_HAL_Driver\Src\stm32f4xx_hal_gpio.o
                0x08000958                HAL_GPIO_TogglePin
 .text.HAL_RCC_OscConfig
                0x08000978      0x3d0 Drivers\STM32F4xx_HAL_Driver\Src\stm32f4xx_hal_rcc.o
                0x08000978                HAL_RCC_OscConfig
 .text.HAL_RCC_GetSysClockFreq
                0x08000d48       0x5c Drivers\STM32F4xx_HAL_Driver\Src\stm32f4xx_hal_rcc.o
                0x08000d48                HAL_RCC_GetSysClockFreq
 .text.HAL_RCC_ClockConfig
                0x08000da4      0x1e8 Drivers\STM32F4xx_HAL_Driver\Src\stm32f4xx_hal_rcc.o
                0x08000da4                HAL_RCC_ClockConfig
 .text.HAL_RCC_GetHCLKFreq
                0x08000f8c        0xc Drivers\STM32F4xx_HAL_Driver\Src\stm32f4xx_hal_rcc.o
                0x08000f8c                HAL_RCC_GetHCLKFreq
 .text.SystemClock_Config
                0x08000f98       0xb0 Src\main.o
                0x08000f98                SystemClock_Config
 .text.startup.main
                0x08001048       0x9c Src\main.o
                0x08001048                main
 .text.assert_failed
                0x080010e4        0x2 Src\main.o
                0x080010e4                assert_failed
 .text.HAL_MspInit
                0x080010e6       0x60 Src\stm32f4xx_hal_msp.o
                0x080010e6                HAL_MspInit
 .text.SVC_Handler
                0x08001146        0x2 Src\stm32f4xx_it.o
                0x08001146                SVC_Handler
 .text.PendSV_Handler
                0x08001148        0x2 Src\stm32f4xx_it.o
                0x08001148                PendSV_Handler
 .text.SysTick_Handler
                0x0800114a        0xe Src\stm32f4xx_it.o
                0x0800114a                SysTick_Handler
 .text.SystemInit
                0x08001158       0x4c Src\system_stm32f4xx.o
                0x08001158                SystemInit
 .text.Reset_Handler
                0x080011a4       0x50 startup\startup_stm32f407xx.o
                0x080011a4                Reset_Handler
 .text.Default_Handler
                0x080011f4        0x2 startup\startup_stm32f407xx.o
                0x080011f4                RTC_Alarm_IRQHandler
                0x080011f4                HASH_RNG_IRQHandler
                0x080011f4                EXTI2_IRQHandler
                0x080011f4                TIM8_CC_IRQHandler
                0x080011f4                DebugMon_Handler
                0x080011f4                TIM1_CC_IRQHandler
                0x080011f4                DMA2_Stream5_IRQHandler
                0x080011f4                HardFault_Handler
                0x080011f4                DMA1_Stream5_IRQHandler
                0x080011f4                PVD_IRQHandler
                0x080011f4                SDIO_IRQHandler
                0x080011f4                TAMP_STAMP_IRQHandler
                0x080011f4                NMI_Handler
                0x080011f4                CAN2_RX1_IRQHandler
                0x080011f4                EXTI3_IRQHandler
                0x080011f4                TIM8_TRG_COM_TIM14_IRQHandler
                0x080011f4                TIM1_UP_TIM10_IRQHandler
                0x080011f4                TIM8_UP_TIM13_IRQHandler
                0x080011f4                I2C3_ER_IRQHandler
                0x080011f4                EXTI0_IRQHandler
                0x080011f4                I2C2_EV_IRQHandler
                0x080011f4                DMA1_Stream2_IRQHandler
                0x080011f4                CAN1_RX0_IRQHandler
                0x080011f4                FPU_IRQHandler
                0x080011f4                OTG_HS_WKUP_IRQHandler
                0x080011f4                UsageFault_Handler
                0x080011f4                CAN2_SCE_IRQHandler
                0x080011f4                DMA2_Stream2_IRQHandler
                0x080011f4                SPI1_IRQHandler
                0x080011f4                TIM6_DAC_IRQHandler
                0x080011f4                TIM1_BRK_TIM9_IRQHandler
                0x080011f4                DCMI_IRQHandler
                0x080011f4                CAN2_RX0_IRQHandler
                0x080011f4                DMA2_Stream3_IRQHandler
                0x080011f4                USART6_IRQHandler
                0x080011f4                USART3_IRQHandler
                0x080011f4                CAN1_RX1_IRQHandler
                0x080011f4                UART5_IRQHandler
                0x080011f4                DMA2_Stream0_IRQHandler
                0x080011f4                TIM4_IRQHandler
                0x080011f4                I2C1_EV_IRQHandler
                0x080011f4                DMA1_Stream6_IRQHandler
                0x080011f4                DMA1_Stream1_IRQHandler
                0x080011f4                UART4_IRQHandler
                0x080011f4                TIM3_IRQHandler
                0x080011f4                RCC_IRQHandler
                0x080011f4                TIM8_BRK_TIM12_IRQHandler
                0x080011f4                Default_Handler
                0x080011f4                EXTI15_10_IRQHandler
                0x080011f4                ADC_IRQHandler
                0x080011f4                DMA1_Stream7_IRQHandler
                0x080011f4                TIM7_IRQHandler
                0x080011f4                CAN2_TX_IRQHandler
                0x080011f4                TIM5_IRQHandler
                0x080011f4                DMA2_Stream7_IRQHandler
                0x080011f4                I2C3_EV_IRQHandler
                0x080011f4                EXTI9_5_IRQHandler
                0x080011f4                RTC_WKUP_IRQHandler
                0x080011f4                ETH_WKUP_IRQHandler
                0x080011f4                SPI2_IRQHandler
                0x080011f4                OTG_HS_EP1_IN_IRQHandler
                0x080011f4                MemManage_Handler
                0x080011f4                DMA1_Stream0_IRQHandler
                0x080011f4                CAN1_TX_IRQHandler
                0x080011f4                EXTI4_IRQHandler
                0x080011f4                FSMC_IRQHandler
                0x080011f4                ETH_IRQHandler
                0x080011f4                OTG_HS_EP1_OUT_IRQHandler
                0x080011f4                WWDG_IRQHandler
                0x080011f4                TIM2_IRQHandler
                0x080011f4                OTG_FS_WKUP_IRQHandler
                0x080011f4                TIM1_TRG_COM_TIM11_IRQHandler
                0x080011f4                OTG_HS_IRQHandler
                0x080011f4                EXTI1_IRQHandler
                0x080011f4                USART2_IRQHandler
                0x080011f4                I2C2_ER_IRQHandler
                0x080011f4                DMA2_Stream1_IRQHandler
                0x080011f4                CAN1_SCE_IRQHandler
                0x080011f4                FLASH_IRQHandler
                0x080011f4                DMA2_Stream4_IRQHandler
                0x080011f4                BusFault_Handler
                0x080011f4                USART1_IRQHandler
                0x080011f4                OTG_FS_IRQHandler
                0x080011f4                SPI3_IRQHandler
                0x080011f4                DMA1_Stream4_IRQHandler
                0x080011f4                I2C1_ER_IRQHandler
                0x080011f4                DMA2_Stream6_IRQHandler
                0x080011f4                DMA1_Stream3_IRQHandler
 *fill*         0x080011f6        0x2 
 .text.__libc_init_array
                0x080011f8       0x48 c:/program files (x86)/atollic/truestudio for stm32 9.0.1/armtools/bin/../lib/gcc/arm-atollic-eabi/6.3.1/../../../../arm-atollic-eabi/lib/armv7e-m/fpu\libc_nano.a(lib_a-init.o)
                0x080011f8                __libc_init_array
 *(.glue_7)
 .glue_7        0x08001240        0x0 linker stubs
 *(.glue_7t)
 .glue_7t       0x08001240        0x0 linker stubs
 *(.eh_frame)
 .eh_frame      0x08001240        0x0 c:/program files (x86)/atollic/truestudio for stm32 9.0.1/armtools/bin/../lib/gcc/arm-atollic-eabi/6.3.1/armv7e-m/fpu/crtbegin.o
 *(.init)
 .init          0x08001240        0x4 c:/program files (x86)/atollic/truestudio for stm32 9.0.1/armtools/bin/../lib/gcc/arm-atollic-eabi/6.3.1/armv7e-m/fpu/crti.o
                0x08001240                _init
 .init          0x08001244        0x8 c:/program files (x86)/atollic/truestudio for stm32 9.0.1/armtools/bin/../lib/gcc/arm-atollic-eabi/6.3.1/armv7e-m/fpu/crtn.o
 *(.fini)
 .fini          0x0800124c        0x4 c:/program files (x86)/atollic/truestudio for stm32 9.0.1/armtools/bin/../lib/gcc/arm-atollic-eabi/6.3.1/armv7e-m/fpu/crti.o
                0x0800124c                _fini
 .fini          0x08001250        0x8 c:/program files (x86)/atollic/truestudio for stm32 9.0.1/armtools/bin/../lib/gcc/arm-atollic-eabi/6.3.1/armv7e-m/fpu/crtn.o
                0x08001258                . = ALIGN (0x4)
                0x08001258                _etext = .

.vfp11_veneer   0x08001258        0x0
 .vfp11_veneer  0x08001258        0x0 linker stubs

.v4_bx          0x08001258        0x0
 .v4_bx         0x08001258        0x0 linker stubs

.iplt           0x08001258        0x0
 .iplt          0x08001258        0x0 c:/program files (x86)/atollic/truestudio for stm32 9.0.1/armtools/bin/../lib/gcc/arm-atollic-eabi/6.3.1/armv7e-m/fpu/crtbegin.o

.rodata         0x08001258       0xbc
                0x08001258                . = ALIGN (0x4)
 *(.rodata)
 *(.rodata*)
 .rodata.HAL_NVIC_SetPriorityGrouping.str1.1
                0x08001258       0x3b Drivers\STM32F4xx_HAL_Driver\Src\stm32f4xx_hal_cortex.o
 .rodata.HAL_GPIO_Init.str1.1
                0x08001293       0x39 Drivers\STM32F4xx_HAL_Driver\Src\stm32f4xx_hal_gpio.o
 .rodata.HAL_RCC_OscConfig.str1.1
                0x080012cc       0x38 Drivers\STM32F4xx_HAL_Driver\Src\stm32f4xx_hal_rcc.o
 .rodata.AHBPrescTable
                0x08001304       0x10 Src\system_stm32f4xx.o
                0x08001304                AHBPrescTable
                0x08001314                . = ALIGN (0x4)

.ARM.extab
 *(.ARM.extab* .gnu.linkonce.armextab.*)

.ARM            0x08001314        0x8
                0x08001314                __exidx_start = .
 *(.ARM.exidx*)
 .ARM.exidx     0x08001314        0x8 c:/program files (x86)/atollic/truestudio for stm32 9.0.1/armtools/bin/../lib/gcc/arm-atollic-eabi/6.3.1/armv7e-m/fpu\libgcc.a(_udivmoddi4.o)
                0x0800131c                __exidx_end = .

.rel.dyn        0x0800131c        0x0
 .rel.iplt      0x0800131c        0x0 c:/program files (x86)/atollic/truestudio for stm32 9.0.1/armtools/bin/../lib/gcc/arm-atollic-eabi/6.3.1/armv7e-m/fpu/crtbegin.o

.preinit_array  0x0800131c        0x0
                0x0800131c                PROVIDE (__preinit_array_start, .)
 *(.preinit_array*)
                0x0800131c                PROVIDE (__preinit_array_end, .)

.init_array     0x0800131c        0x4
                0x0800131c                PROVIDE (__init_array_start, .)
 *(SORT(.init_array.*))
 *(.init_array*)
 .init_array    0x0800131c        0x4 c:/program files (x86)/atollic/truestudio for stm32 9.0.1/armtools/bin/../lib/gcc/arm-atollic-eabi/6.3.1/armv7e-m/fpu/crtbegin.o
                0x08001320                PROVIDE (__init_array_end, .)

.fini_array     0x08001320        0x4
                [!provide]                PROVIDE (__fini_array_start, .)
 *(SORT(.fini_array.*))
 *(.fini_array*)
 .fini_array    0x08001320        0x4 c:/program files (x86)/atollic/truestudio for stm32 9.0.1/armtools/bin/../lib/gcc/arm-atollic-eabi/6.3.1/armv7e-m/fpu/crtbegin.o
                [!provide]                PROVIDE (__fini_array_end, .)
                0x08001324                _sidata = LOADADDR (.data)

.data           0x20000000        0x4 load address 0x08001324
                0x20000000                . = ALIGN (0x4)
                0x20000000                _sdata = .
 *(.data)
 *(.data*)
 .data.SystemCoreClock
                0x20000000        0x4 Src\system_stm32f4xx.o
                0x20000000                SystemCoreClock
                0x20000004                . = ALIGN (0x4)
                0x20000004                _edata = .
                0x08001328                _siccmram = LOADADDR (.ccmram)

.igot.plt       0x20000004        0x0 load address 0x08001328
 .igot.plt      0x20000004        0x0 c:/program files (x86)/atollic/truestudio for stm32 9.0.1/armtools/bin/../lib/gcc/arm-atollic-eabi/6.3.1/armv7e-m/fpu/crtbegin.o

.ccmram         0x10000000        0x0 load address 0x08001328
                0x10000000                . = ALIGN (0x4)
                0x10000000                _sccmram = .
 *(.ccmram)
 *(.ccmram*)
                0x10000000                . = ALIGN (0x4)
                0x10000000                _eccmram = .
                0x10000000                . = ALIGN (0x4)

.bss            0x20000004       0x20
                0x20000004                _sbss = .
                0x20000004                __bss_start__ = _sbss
 *(.bss)
 .bss           0x20000004       0x1c c:/program files (x86)/atollic/truestudio for stm32 9.0.1/armtools/bin/../lib/gcc/arm-atollic-eabi/6.3.1/armv7e-m/fpu/crtbegin.o
 *(.bss*)
 *(COMMON)
 COMMON         0x20000020        0x4 Drivers\STM32F4xx_HAL_Driver\Src\stm32f4xx_hal.o
                0x20000020                uwTick
                0x20000024                . = ALIGN (0x4)
                0x20000024                _ebss = .
                0x20000024                __bss_end__ = _ebss

._user_heap_stack
                0x20000024      0x600
                0x20000024                . = ALIGN (0x4)
                [!provide]                PROVIDE (end, .)
                [!provide]                PROVIDE (_end, .)
                0x20000224                . = (. + _Min_Heap_Size)
 *fill*         0x20000024      0x200 
                0x20000624                . = (. + _Min_Stack_Size)
 *fill*         0x20000224      0x400 
                0x20000624                . = ALIGN (0x4)

/DISCARD/
 libc.a(*)
 libm.a(*)
 libgcc.a(*)

.ARM.attributes
                0x00000000       0x30
 *(.ARM.attributes)
 .ARM.attributes
                0x00000000       0x22 c:/program files (x86)/atollic/truestudio for stm32 9.0.1/armtools/bin/../lib/gcc/arm-atollic-eabi/6.3.1/armv7e-m/fpu/crti.o
 .ARM.attributes
                0x00000022       0x34 c:/program files (x86)/atollic/truestudio for stm32 9.0.1/armtools/bin/../lib/gcc/arm-atollic-eabi/6.3.1/armv7e-m/fpu/crtbegin.o
 .ARM.attributes
                0x00000056       0x39 Drivers\STM32F4xx_HAL_Driver\Src\stm32f4xx_hal.o
 .ARM.attributes
                0x0000008f       0x39 Drivers\STM32F4xx_HAL_Driver\Src\stm32f4xx_hal_cortex.o
 .ARM.attributes
                0x000000c8       0x39 Drivers\STM32F4xx_HAL_Driver\Src\stm32f4xx_hal_gpio.o
 .ARM.attributes
                0x00000101       0x39 Drivers\STM32F4xx_HAL_Driver\Src\stm32f4xx_hal_rcc.o
 .ARM.attributes
                0x0000013a       0x39 Src\main.o
 .ARM.attributes
                0x00000173       0x39 Src\stm32f4xx_hal_msp.o
 .ARM.attributes
                0x000001ac       0x39 Src\stm32f4xx_it.o
 .ARM.attributes
                0x000001e5       0x39 Src\system_stm32f4xx.o
 .ARM.attributes
                0x0000021e       0x21 startup\startup_stm32f407xx.o
 .ARM.attributes
                0x0000023f       0x34 c:/program files (x86)/atollic/truestudio for stm32 9.0.1/armtools/bin/../lib/gcc/arm-atollic-eabi/6.3.1/../../../../arm-atollic-eabi/lib/armv7e-m/fpu\libc_nano.a(lib_a-init.o)
 .ARM.attributes
                0x00000273       0x22 c:/program files (x86)/atollic/truestudio for stm32 9.0.1/armtools/bin/../lib/gcc/arm-atollic-eabi/6.3.1/armv7e-m/fpu\libgcc.a(_aeabi_uldivmod.o)
 .ARM.attributes
                0x00000295       0x34 c:/program files (x86)/atollic/truestudio for stm32 9.0.1/armtools/bin/../lib/gcc/arm-atollic-eabi/6.3.1/armv7e-m/fpu\libgcc.a(_udivmoddi4.o)
 .ARM.attributes
                0x000002c9       0x22 c:/program files (x86)/atollic/truestudio for stm32 9.0.1/armtools/bin/../lib/gcc/arm-atollic-eabi/6.3.1/armv7e-m/fpu\libgcc.a(_dvmd_tls.o)
 .ARM.attributes
                0x000002eb       0x22 c:/program files (x86)/atollic/truestudio for stm32 9.0.1/armtools/bin/../lib/gcc/arm-atollic-eabi/6.3.1/armv7e-m/fpu/crtn.o
OUTPUT(Coba_GPIO.elf elf32-littlearm)

.debug_info     0x00000000     0x86e9
 .debug_info    0x00000000     0x1100 Drivers\STM32F4xx_HAL_Driver\Src\stm32f4xx_hal.o
 .debug_info    0x00001100     0x19dd Drivers\STM32F4xx_HAL_Driver\Src\stm32f4xx_hal_cortex.o
 .debug_info    0x00002add     0x10e7 Drivers\STM32F4xx_HAL_Driver\Src\stm32f4xx_hal_gpio.o
 .debug_info    0x00003bc4     0x14d6 Drivers\STM32F4xx_HAL_Driver\Src\stm32f4xx_hal_rcc.o
 .debug_info    0x0000509a     0x12d0 Src\main.o
 .debug_info    0x0000636a      0xc61 Src\stm32f4xx_hal_msp.o
 .debug_info    0x00006fcb      0x98c Src\stm32f4xx_it.o
 .debug_info    0x00007957      0xd1c Src\system_stm32f4xx.o
 .debug_info    0x00008673       0x76 startup\startup_stm32f407xx.o

.debug_abbrev   0x00000000     0x14f2
 .debug_abbrev  0x00000000      0x2cf Drivers\STM32F4xx_HAL_Driver\Src\stm32f4xx_hal.o
 .debug_abbrev  0x000002cf      0x3bb Drivers\STM32F4xx_HAL_Driver\Src\stm32f4xx_hal_cortex.o
 .debug_abbrev  0x0000068a      0x2ae Drivers\STM32F4xx_HAL_Driver\Src\stm32f4xx_hal_gpio.o
 .debug_abbrev  0x00000938      0x359 Drivers\STM32F4xx_HAL_Driver\Src\stm32f4xx_hal_rcc.o
 .debug_abbrev  0x00000c91      0x2cd Src\main.o
 .debug_abbrev  0x00000f5e      0x1d3 Src\stm32f4xx_hal_msp.o
 .debug_abbrev  0x00001131      0x1e5 Src\stm32f4xx_it.o
 .debug_abbrev  0x00001316      0x1ca Src\system_stm32f4xx.o
 .debug_abbrev  0x000014e0       0x12 startup\startup_stm32f407xx.o

.debug_loc      0x00000000      0xddd
 .debug_loc     0x00000000       0x69 Drivers\STM32F4xx_HAL_Driver\Src\stm32f4xx_hal.o
 .debug_loc     0x00000069      0x560 Drivers\STM32F4xx_HAL_Driver\Src\stm32f4xx_hal_cortex.o
 .debug_loc     0x000005c9      0x4c1 Drivers\STM32F4xx_HAL_Driver\Src\stm32f4xx_hal_gpio.o
 .debug_loc     0x00000a8a      0x237 Drivers\STM32F4xx_HAL_Driver\Src\stm32f4xx_hal_rcc.o
 .debug_loc     0x00000cc1      0x11c Src\system_stm32f4xx.o

.debug_aranges  0x00000000      0x318
 .debug_aranges
                0x00000000       0xc0 Drivers\STM32F4xx_HAL_Driver\Src\stm32f4xx_hal.o
 .debug_aranges
                0x000000c0       0xa8 Drivers\STM32F4xx_HAL_Driver\Src\stm32f4xx_hal_cortex.o
 .debug_aranges
                0x00000168       0x58 Drivers\STM32F4xx_HAL_Driver\Src\stm32f4xx_hal_gpio.o
 .debug_aranges
                0x000001c0       0x88 Drivers\STM32F4xx_HAL_Driver\Src\stm32f4xx_hal_rcc.o
 .debug_aranges
                0x00000248       0x38 Src\main.o
 .debug_aranges
                0x00000280       0x20 Src\stm32f4xx_hal_msp.o
 .debug_aranges
                0x000002a0       0x28 Src\stm32f4xx_it.o
 .debug_aranges
                0x000002c8       0x28 Src\system_stm32f4xx.o
 .debug_aranges
                0x000002f0       0x28 startup\startup_stm32f407xx.o

.debug_ranges   0x00000000      0x3a0
 .debug_ranges  0x00000000       0xb0 Drivers\STM32F4xx_HAL_Driver\Src\stm32f4xx_hal.o
 .debug_ranges  0x000000b0       0xe0 Drivers\STM32F4xx_HAL_Driver\Src\stm32f4xx_hal_cortex.o
 .debug_ranges  0x00000190       0x60 Drivers\STM32F4xx_HAL_Driver\Src\stm32f4xx_hal_gpio.o
 .debug_ranges  0x000001f0       0xd0 Drivers\STM32F4xx_HAL_Driver\Src\stm32f4xx_hal_rcc.o
 .debug_ranges  0x000002c0       0x80 Src\main.o
 .debug_ranges  0x00000340       0x10 Src\stm32f4xx_hal_msp.o
 .debug_ranges  0x00000350       0x18 Src\stm32f4xx_it.o
 .debug_ranges  0x00000368       0x18 Src\system_stm32f4xx.o
 .debug_ranges  0x00000380       0x20 startup\startup_stm32f407xx.o

.debug_line     0x00000000     0x2169
 .debug_line    0x00000000      0x43b Drivers\STM32F4xx_HAL_Driver\Src\stm32f4xx_hal.o
 .debug_line    0x0000043b      0x5a0 Drivers\STM32F4xx_HAL_Driver\Src\stm32f4xx_hal_cortex.o
 .debug_line    0x000009db      0x585 Drivers\STM32F4xx_HAL_Driver\Src\stm32f4xx_hal_gpio.o
 .debug_line    0x00000f60      0x687 Drivers\STM32F4xx_HAL_Driver\Src\stm32f4xx_hal_rcc.o
 .debug_line    0x000015e7      0x374 Src\main.o
 .debug_line    0x0000195b      0x289 Src\stm32f4xx_hal_msp.o
 .debug_line    0x00001be4      0x291 Src\stm32f4xx_it.o
 .debug_line    0x00001e75      0x275 Src\system_stm32f4xx.o
 .debug_line    0x000020ea       0x7f startup\startup_stm32f407xx.o

.debug_str      0x00000000     0x17e7
 .debug_str     0x00000000      0xe68 Drivers\STM32F4xx_HAL_Driver\Src\stm32f4xx_hal.o
                                0xf02 (size before relaxing)
 .debug_str     0x00000e68      0x3f4 Drivers\STM32F4xx_HAL_Driver\Src\stm32f4xx_hal_cortex.o
                               0x10b1 (size before relaxing)
 .debug_str     0x0000125c      0x1d3 Drivers\STM32F4xx_HAL_Driver\Src\stm32f4xx_hal_gpio.o
                                0x973 (size before relaxing)
 .debug_str     0x0000142f      0x2d0 Drivers\STM32F4xx_HAL_Driver\Src\stm32f4xx_hal_rcc.o
                                0xb2d (size before relaxing)
 .debug_str     0x000016ff       0x47 Src\main.o
                                0xf0f (size before relaxing)
 .debug_str     0x00001746       0x1b Src\stm32f4xx_hal_msp.o
                                0xb6a (size before relaxing)
 .debug_str     0x00001761       0x41 Src\stm32f4xx_it.o
                                0x687 (size before relaxing)
 .debug_str     0x000017a2       0x45 Src\system_stm32f4xx.o
                                0x7c9 (size before relaxing)

.comment        0x00000000       0x7c
 .comment       0x00000000       0x7c Drivers\STM32F4xx_HAL_Driver\Src\stm32f4xx_hal.o
                                 0x7d (size before relaxing)
 .comment       0x0000007c       0x7d Drivers\STM32F4xx_HAL_Driver\Src\stm32f4xx_hal_cortex.o
 .comment       0x0000007c       0x7d Drivers\STM32F4xx_HAL_Driver\Src\stm32f4xx_hal_gpio.o
 .comment       0x0000007c       0x7d Drivers\STM32F4xx_HAL_Driver\Src\stm32f4xx_hal_rcc.o
 .comment       0x0000007c       0x7d Src\main.o
 .comment       0x0000007c       0x7d Src\stm32f4xx_hal_msp.o
 .comment       0x0000007c       0x7d Src\stm32f4xx_it.o
 .comment       0x0000007c       0x7d Src\system_stm32f4xx.o

.debug_frame    0x00000000      0x718
 .debug_frame   0x00000000      0x194 Drivers\STM32F4xx_HAL_Driver\Src\stm32f4xx_hal.o
 .debug_frame   0x00000194      0x1a0 Drivers\STM32F4xx_HAL_Driver\Src\stm32f4xx_hal_cortex.o
 .debug_frame   0x00000334      0x100 Drivers\STM32F4xx_HAL_Driver\Src\stm32f4xx_hal_gpio.o
 .debug_frame   0x00000434      0x140 Drivers\STM32F4xx_HAL_Driver\Src\stm32f4xx_hal_rcc.o
 .debug_frame   0x00000574       0x68 Src\main.o
 .debug_frame   0x000005dc       0x2c Src\stm32f4xx_hal_msp.o
 .debug_frame   0x00000608       0x4c Src\stm32f4xx_it.o
 .debug_frame   0x00000654       0x38 Src\system_stm32f4xx.o
 .debug_frame   0x0000068c       0x2c c:/program files (x86)/atollic/truestudio for stm32 9.0.1/armtools/bin/../lib/gcc/arm-atollic-eabi/6.3.1/../../../../arm-atollic-eabi/lib/armv7e-m/fpu\libc_nano.a(lib_a-init.o)
 .debug_frame   0x000006b8       0x2c c:/program files (x86)/atollic/truestudio for stm32 9.0.1/armtools/bin/../lib/gcc/arm-atollic-eabi/6.3.1/armv7e-m/fpu\libgcc.a(_aeabi_uldivmod.o)
 .debug_frame   0x000006e4       0x34 c:/program files (x86)/atollic/truestudio for stm32 9.0.1/armtools/bin/../lib/gcc/arm-atollic-eabi/6.3.1/armv7e-m/fpu\libgcc.a(_udivmoddi4.o)
