lcdPandu.c:282:6:lcd_4bit	16	static
lcdPandu.c:308:6:lcd_8bit	16	static
lcdPandu.c:17:6:lcd_init	16	static
lcdPandu.c:215:6:lcd_gotoxy	16	static
lcdPandu.c:226:6:lcd_clear	8	static
lcdPandu.c:234:6:lcd_putc	8	static
lcdPandu.c:242:6:lcd_puts	8	static
lcdPandu.c:248:6:lcd_print	24	static
lcdPandu.c:351:6:lcd_custom_number	16	static
lcdPandu.c:641:6:lcd2_4bit	16	static
lcdPandu.c:667:6:lcd2_8bit	16	static
lcdPandu.c:411:6:lcd2_init	16	static
lcdPandu.c:574:6:lcd2_gotoxy	16	static
lcdPandu.c:585:6:lcd2_clear	8	static
lcdPandu.c:593:6:lcd2_putc	8	static
lcdPandu.c:601:6:lcd2_puts	8	static
lcdPandu.c:607:6:lcd2_print	24	static
lcdPandu.c:711:6:lcd2_custom_number	16	static
