Archive member included to satisfy reference by file (symbol)

c:/program files (x86)/atollic/truestudio for stm32 9.0.1/armtools/bin/../lib/gcc/arm-atollic-eabi/6.3.1/../../../../arm-atollic-eabi/lib/armv7e-m/fpu\libc_nano.a(lib_a-init.o)
                              startup\startup_stm32f407xx.o (__libc_init_array)
c:/program files (x86)/atollic/truestudio for stm32 9.0.1/armtools/bin/../lib/gcc/arm-atollic-eabi/6.3.1/../../../../arm-atollic-eabi/lib/armv7e-m/fpu\libc_nano.a(lib_a-memcmp.o)
                              Middlewares\Third_Party\LwIP\src\netif\ethernet.o (memcmp)
c:/program files (x86)/atollic/truestudio for stm32 9.0.1/armtools/bin/../lib/gcc/arm-atollic-eabi/6.3.1/../../../../arm-atollic-eabi/lib/armv7e-m/fpu\libc_nano.a(lib_a-memcpy-stub.o)
                              Middlewares\Third_Party\LwIP\src\core\ipv4\icmp.o (memcpy)
c:/program files (x86)/atollic/truestudio for stm32 9.0.1/armtools/bin/../lib/gcc/arm-atollic-eabi/6.3.1/../../../../arm-atollic-eabi/lib/armv7e-m/fpu\libc_nano.a(lib_a-memset.o)
                              Middlewares\Third_Party\LwIP\src\core\ipv4\ip4_frag.o (memset)
c:/program files (x86)/atollic/truestudio for stm32 9.0.1/armtools/bin/../lib/gcc/arm-atollic-eabi/6.3.1/../../../../arm-atollic-eabi/lib/armv7e-m/fpu\libc_nano.a(lib_a-sprintf.o)
                              Src\net.o (sprintf)
c:/program files (x86)/atollic/truestudio for stm32 9.0.1/armtools/bin/../lib/gcc/arm-atollic-eabi/6.3.1/../../../../arm-atollic-eabi/lib/armv7e-m/fpu\libc_nano.a(lib_a-strlen.o)
                              Middlewares\Third_Party\LwIP\src\core\def.o (strlen)
c:/program files (x86)/atollic/truestudio for stm32 9.0.1/armtools/bin/../lib/gcc/arm-atollic-eabi/6.3.1/../../../../arm-atollic-eabi/lib/armv7e-m/fpu\libc_nano.a(lib_a-strncmp.o)
                              Middlewares\Third_Party\LwIP\src\core\def.o (strncmp)
c:/program files (x86)/atollic/truestudio for stm32 9.0.1/armtools/bin/../lib/gcc/arm-atollic-eabi/6.3.1/../../../../arm-atollic-eabi/lib/armv7e-m/fpu\libc_nano.a(lib_a-strncpy.o)
                              Src\net.o (strncpy)
c:/program files (x86)/atollic/truestudio for stm32 9.0.1/armtools/bin/../lib/gcc/arm-atollic-eabi/6.3.1/../../../../arm-atollic-eabi/lib/armv7e-m/fpu\libc_nano.a(lib_a-impure.o)
                              c:/program files (x86)/atollic/truestudio for stm32 9.0.1/armtools/bin/../lib/gcc/arm-atollic-eabi/6.3.1/../../../../arm-atollic-eabi/lib/armv7e-m/fpu\libc_nano.a(lib_a-sprintf.o) (_impure_ptr)
c:/program files (x86)/atollic/truestudio for stm32 9.0.1/armtools/bin/../lib/gcc/arm-atollic-eabi/6.3.1/../../../../arm-atollic-eabi/lib/armv7e-m/fpu\libc_nano.a(lib_a-nano-svfprintf.o)
                              c:/program files (x86)/atollic/truestudio for stm32 9.0.1/armtools/bin/../lib/gcc/arm-atollic-eabi/6.3.1/../../../../arm-atollic-eabi/lib/armv7e-m/fpu\libc_nano.a(lib_a-sprintf.o) (_svfprintf_r)
c:/program files (x86)/atollic/truestudio for stm32 9.0.1/armtools/bin/../lib/gcc/arm-atollic-eabi/6.3.1/../../../../arm-atollic-eabi/lib/armv7e-m/fpu\libc_nano.a(lib_a-nano-vfprintf_i.o)
                              c:/program files (x86)/atollic/truestudio for stm32 9.0.1/armtools/bin/../lib/gcc/arm-atollic-eabi/6.3.1/../../../../arm-atollic-eabi/lib/armv7e-m/fpu\libc_nano.a(lib_a-nano-svfprintf.o) (_printf_i)
c:/program files (x86)/atollic/truestudio for stm32 9.0.1/armtools/bin/../lib/gcc/arm-atollic-eabi/6.3.1/../../../../arm-atollic-eabi/lib/armv7e-m/fpu\libc_nano.a(lib_a-memchr.o)
                              c:/program files (x86)/atollic/truestudio for stm32 9.0.1/armtools/bin/../lib/gcc/arm-atollic-eabi/6.3.1/../../../../arm-atollic-eabi/lib/armv7e-m/fpu\libc_nano.a(lib_a-nano-svfprintf.o) (memchr)
c:/program files (x86)/atollic/truestudio for stm32 9.0.1/armtools/bin/../lib/gcc/arm-atollic-eabi/6.3.1/../../../../arm-atollic-eabi/lib/armv7e-m/fpu\libc_nano.a(lib_a-memmove.o)
                              c:/program files (x86)/atollic/truestudio for stm32 9.0.1/armtools/bin/../lib/gcc/arm-atollic-eabi/6.3.1/../../../../arm-atollic-eabi/lib/armv7e-m/fpu\libc_nano.a(lib_a-nano-svfprintf.o) (memmove)
c:/program files (x86)/atollic/truestudio for stm32 9.0.1/armtools/bin/../lib/gcc/arm-atollic-eabi/6.3.1/../../../../arm-atollic-eabi/lib/armv7e-m/fpu\libc_nano.a(lib_a-nano-freer.o)
                              c:/program files (x86)/atollic/truestudio for stm32 9.0.1/armtools/bin/../lib/gcc/arm-atollic-eabi/6.3.1/../../../../arm-atollic-eabi/lib/armv7e-m/fpu\libc_nano.a(lib_a-nano-svfprintf.o) (_free_r)
c:/program files (x86)/atollic/truestudio for stm32 9.0.1/armtools/bin/../lib/gcc/arm-atollic-eabi/6.3.1/../../../../arm-atollic-eabi/lib/armv7e-m/fpu\libc_nano.a(lib_a-nano-mallocr.o)
                              c:/program files (x86)/atollic/truestudio for stm32 9.0.1/armtools/bin/../lib/gcc/arm-atollic-eabi/6.3.1/../../../../arm-atollic-eabi/lib/armv7e-m/fpu\libc_nano.a(lib_a-nano-svfprintf.o) (_malloc_r)
[...]
Memory Configuration

Name             Origin             Length             Attributes
RAM              0x20000000         0x00020000         xrw
CCMRAM           0x10000000         0x00010000         rw
FLASH            0x08000000         0x00100000         xr
*default*        0x00000000         0xffffffff

Linker script and memory map

LOAD c:/program files (x86)/atollic/truestudio for stm32 9.0.1/armtools/bin/../lib/gcc/arm-atollic-eabi/6.3.1/armv7e-m/fpu/crti.o
LOAD c:/program files (x86)/atollic/truestudio for stm32 9.0.1/armtools/bin/../lib/gcc/arm-atollic-eabi/6.3.1/armv7e-m/fpu/crtbegin.o
LOAD Drivers\STM32F4xx_HAL_Driver\Src\stm32f4xx_hal.o
LOAD Drivers\STM32F4xx_HAL_Driver\Src\stm32f4xx_hal_cortex.o
LOAD Drivers\STM32F4xx_HAL_Driver\Src\stm32f4xx_hal_dma.o
LOAD Drivers\STM32F4xx_HAL_Driver\Src\stm32f4xx_hal_dma_ex.o
LOAD Drivers\STM32F4xx_HAL_Driver\Src\stm32f4xx_hal_eth.o
LOAD Drivers\STM32F4xx_HAL_Driver\Src\stm32f4xx_hal_flash.o
LOAD Drivers\STM32F4xx_HAL_Driver\Src\stm32f4xx_hal_flash_ex.o
LOAD Drivers\STM32F4xx_HAL_Driver\Src\stm32f4xx_hal_flash_ramfunc.o
LOAD Drivers\STM32F4xx_HAL_Driver\Src\stm32f4xx_hal_gpio.o
LOAD Drivers\STM32F4xx_HAL_Driver\Src\stm32f4xx_hal_pwr.o
LOAD Drivers\STM32F4xx_HAL_Driver\Src\stm32f4xx_hal_pwr_ex.o
LOAD Drivers\STM32F4xx_HAL_Driver\Src\stm32f4xx_hal_rcc.o
LOAD Drivers\STM32F4xx_HAL_Driver\Src\stm32f4xx_hal_rcc_ex.o
LOAD Drivers\STM32F4xx_HAL_Driver\Src\stm32f4xx_hal_tim.o
LOAD Drivers\STM32F4xx_HAL_Driver\Src\stm32f4xx_hal_tim_ex.o
LOAD Middlewares\Third_Party\LwIP\src\api\api_lib.o
LOAD Middlewares\Third_Party\LwIP\src\api\api_msg.o
LOAD Middlewares\Third_Party\LwIP\src\api\err.o
LOAD Middlewares\Third_Party\LwIP\src\api\netbuf.o
LOAD Middlewares\Third_Party\LwIP\src\api\netdb.o
LOAD Middlewares\Third_Party\LwIP\src\api\netifapi.o
LOAD Middlewares\Third_Party\LwIP\src\api\sockets.o
LOAD Middlewares\Third_Party\LwIP\src\api\tcpip.o
LOAD Middlewares\Third_Party\LwIP\src\core\def.o
LOAD Middlewares\Third_Party\LwIP\src\core\dns.o
LOAD Middlewares\Third_Party\LwIP\src\core\inet_chksum.o
LOAD Middlewares\Third_Party\LwIP\src\core\init.o
LOAD Middlewares\Third_Party\LwIP\src\core\ip.o
LOAD Middlewares\Third_Party\LwIP\src\core\ipv4\autoip.o
LOAD Middlewares\Third_Party\LwIP\src\core\ipv4\dhcp.o
LOAD Middlewares\Third_Party\LwIP\src\core\ipv4\etharp.o
LOAD Middlewares\Third_Party\LwIP\src\core\ipv4\icmp.o
LOAD Middlewares\Third_Party\LwIP\src\core\ipv4\igmp.o
LOAD Middlewares\Third_Party\LwIP\src\core\ipv4\ip4.o
LOAD Middlewares\Third_Party\LwIP\src\core\ipv4\ip4_addr.o
LOAD Middlewares\Third_Party\LwIP\src\core\ipv4\ip4_frag.o
LOAD Middlewares\Third_Party\LwIP\src\core\ipv6\dhcp6.o
LOAD Middlewares\Third_Party\LwIP\src\core\ipv6\ethip6.o
LOAD Middlewares\Third_Party\LwIP\src\core\ipv6\icmp6.o
LOAD Middlewares\Third_Party\LwIP\src\core\ipv6\inet6.o
LOAD Middlewares\Third_Party\LwIP\src\core\ipv6\ip6.o
LOAD Middlewares\Third_Party\LwIP\src\core\ipv6\ip6_addr.o
LOAD Middlewares\Third_Party\LwIP\src\core\ipv6\ip6_frag.o
LOAD Middlewares\Third_Party\LwIP\src\core\ipv6\mld6.o
LOAD Middlewares\Third_Party\LwIP\src\core\ipv6\nd6.o
LOAD Middlewares\Third_Party\LwIP\src\core\mem.o
LOAD Middlewares\Third_Party\LwIP\src\core\memp.o
LOAD Middlewares\Third_Party\LwIP\src\core\netif.o
LOAD Middlewares\Third_Party\LwIP\src\core\pbuf.o
LOAD Middlewares\Third_Party\LwIP\src\core\raw.o
LOAD Middlewares\Third_Party\LwIP\src\core\stats.o
LOAD Middlewares\Third_Party\LwIP\src\core\sys.o
LOAD Middlewares\Third_Party\LwIP\src\core\tcp.o
LOAD Middlewares\Third_Party\LwIP\src\core\tcp_in.o
LOAD Middlewares\Third_Party\LwIP\src\core\tcp_out.o
LOAD Middlewares\Third_Party\LwIP\src\core\timeouts.o
LOAD Middlewares\Third_Party\LwIP\src\core\udp.o
LOAD Middlewares\Third_Party\LwIP\src\netif\ethernet.o
LOAD Middlewares\Third_Party\LwIP\src\netif\lowpan6.o
LOAD Middlewares\Third_Party\LwIP\src\netif\ppp\auth.o
LOAD Middlewares\Third_Party\LwIP\src\netif\ppp\ccp.o
LOAD Middlewares\Third_Party\LwIP\src\netif\ppp\chap-md5.o
LOAD Middlewares\Third_Party\LwIP\src\netif\ppp\chap-new.o
LOAD Middlewares\Third_Party\LwIP\src\netif\ppp\chap_ms.o
LOAD Middlewares\Third_Party\LwIP\src\netif\ppp\demand.o
LOAD Middlewares\Third_Party\LwIP\src\netif\ppp\eap.o
LOAD Middlewares\Third_Party\LwIP\src\netif\ppp\ecp.o
LOAD Middlewares\Third_Party\LwIP\src\netif\ppp\eui64.o
LOAD Middlewares\Third_Party\LwIP\src\netif\ppp\fsm.o
LOAD Middlewares\Third_Party\LwIP\src\netif\ppp\ipcp.o
LOAD Middlewares\Third_Party\LwIP\src\netif\ppp\ipv6cp.o
LOAD Middlewares\Third_Party\LwIP\src\netif\ppp\lcp.o
LOAD Middlewares\Third_Party\LwIP\src\netif\ppp\magic.o
LOAD Middlewares\Third_Party\LwIP\src\netif\ppp\mppe.o
LOAD Middlewares\Third_Party\LwIP\src\netif\ppp\multilink.o
LOAD Middlewares\Third_Party\LwIP\src\netif\ppp\ppp.o
LOAD Middlewares\Third_Party\LwIP\src\netif\ppp\pppapi.o
LOAD Middlewares\Third_Party\LwIP\src\netif\ppp\pppcrypt.o
LOAD Middlewares\Third_Party\LwIP\src\netif\ppp\pppoe.o
LOAD Middlewares\Third_Party\LwIP\src\netif\ppp\pppol2tp.o
LOAD Middlewares\Third_Party\LwIP\src\netif\ppp\pppos.o
LOAD Middlewares\Third_Party\LwIP\src\netif\ppp\upap.o
LOAD Middlewares\Third_Party\LwIP\src\netif\ppp\utils.o
LOAD Middlewares\Third_Party\LwIP\src\netif\ppp\vj.o
LOAD Middlewares\Third_Party\LwIP\src\netif\slipif.o
LOAD Src\ethernetif.o
LOAD Src\lwip.o
LOAD Src\main.o
LOAD Src\net.o
LOAD Src\stm32f4xx_hal_msp.o
LOAD Src\stm32f4xx_it.o
LOAD Src\system_stm32f4xx.o
LOAD startup\startup_stm32f407xx.o
                0x00000080                malloc_getpagesize_P = 0x80
START GROUP
LOAD c:/program files (x86)/atollic/truestudio for stm32 9.0.1/armtools/bin/../lib/gcc/arm-atollic-eabi/6.3.1/../../../../arm-atollic-eabi/lib/armv7e-m/fpu\libc_nano.a
LOAD c:/program files (x86)/atollic/truestudio for stm32 9.0.1/armtools/bin/../lib/gcc/arm-atollic-eabi/6.3.1/../../../../arm-atollic-eabi/lib/armv7e-m/fpu\libm.a
END GROUP
START GROUP
LOAD c:/program files (x86)/atollic/truestudio for stm32 9.0.1/armtools/bin/../lib/gcc/arm-atollic-eabi/6.3.1/armv7e-m/fpu\libgcc.a
LOAD c:/program files (x86)/atollic/truestudio for stm32 9.0.1/armtools/bin/../lib/gcc/arm-atollic-eabi/6.3.1/../../../../arm-atollic-eabi/lib/armv7e-m/fpu\libc_nano.a
END GROUP
START GROUP
LOAD c:/program files (x86)/atollic/truestudio for stm32 9.0.1/armtools/bin/../lib/gcc/arm-atollic-eabi/6.3.1/armv7e-m/fpu\libgcc.a
LOAD c:/program files (x86)/atollic/truestudio for stm32 9.0.1/armtools/bin/../lib/gcc/arm-atollic-eabi/6.3.1/../../../../arm-atollic-eabi/lib/armv7e-m/fpu\libc_nano.a
LOAD c:/program files (x86)/atollic/truestudio for stm32 9.0.1/armtools/bin/../lib/gcc/arm-atollic-eabi/6.3.1/../../../../arm-atollic-eabi/lib/armv7e-m/fpu\libnosys.a
END GROUP
START GROUP
LOAD c:/program files (x86)/atollic/truestudio for stm32 9.0.1/armtools/bin/../lib/gcc/arm-atollic-eabi/6.3.1/armv7e-m/fpu\libgcc.a
LOAD c:/program files (x86)/atollic/truestudio for stm32 9.0.1/armtools/bin/../lib/gcc/arm-atollic-eabi/6.3.1/../../../../arm-atollic-eabi/lib/armv7e-m/fpu\libc_nano.a
LOAD c:/program files (x86)/atollic/truestudio for stm32 9.0.1/armtools/bin/../lib/gcc/arm-atollic-eabi/6.3.1/../../../../arm-atollic-eabi/lib/armv7e-m/fpu\libnosys.a
END GROUP
LOAD c:/program files (x86)/atollic/truestudio for stm32 9.0.1/armtools/bin/../lib/gcc/arm-atollic-eabi/6.3.1/armv7e-m/fpu/crtend.o
LOAD c:/program files (x86)/atollic/truestudio for stm32 9.0.1/armtools/bin/../lib/gcc/arm-atollic-eabi/6.3.1/armv7e-m/fpu/crtn.o
                0x20020000                _estack = 0x20020000
                0x00000200                _Min_Heap_Size = 0x200
                0x00000400                _Min_Stack_Size = 0x400

.isr_vector     0x08000000      0x188
                0x08000000                . = ALIGN (0x4)
 *(.isr_vector)
 .isr_vector    0x08000000      0x188 startup\startup_stm32f407xx.o
                0x08000000                g_pfnVectors
                0x08000188                . = ALIGN (0x4)

.text           0x08000190     0x60e4
                0x08000190                . = ALIGN (0x4)
 *(.text)
 .text          0x08000190       0x40 c:/program files (x86)/atollic/truestudio for stm32 9.0.1/armtools/bin/../lib/gcc/arm-atollic-eabi/6.3.1/armv7e-m/fpu/crtbegin.o
 .text          0x080001d0       0x10 c:/program files (x86)/atollic/truestudio for stm32 9.0.1/armtools/bin/../lib/gcc/arm-atollic-eabi/6.3.1/../../../../arm-atollic-eabi/lib/armv7e-m/fpu\libc_nano.a(lib_a-strlen.o)
                0x080001d0                strlen
 .text          0x080001e0       0xa0 c:/program files (x86)/atollic/truestudio for stm32 9.0.1/armtools/bin/../lib/gcc/arm-atollic-eabi/6.3.1/../../../../arm-atollic-eabi/lib/armv7e-m/fpu\libc_nano.a(lib_a-memchr.o)
                0x080001e0                memchr
 .text          0x08000280       0x30 c:/program files (x86)/atollic/truestudio for stm32 9.0.1/armtools/bin/../lib/gcc/arm-atollic-eabi/6.3.1/armv7e-m/fpu\libgcc.a(_aeabi_uldivmod.o)
                0x08000280                __aeabi_uldivmod
 .text          0x080002b0      0x2dc c:/program files (x86)/atollic/truestudio for stm32 9.0.1/armtools/bin/../lib/gcc/arm-atollic-eabi/6.3.1/armv7e-m/fpu\libgcc.a(_udivmoddi4.o)
                0x080002b0                __udivmoddi4
 .text          0x0800058c        0x4 c:/program files (x86)/atollic/truestudio for stm32 9.0.1/armtools/bin/../lib/gcc/arm-atollic-eabi/6.3.1/armv7e-m/fpu\libgcc.a(_dvmd_tls.o)
                0x0800058c                __aeabi_idiv0
                0x0800058c                __aeabi_ldiv0
 *(.text*)
 .text.HAL_InitTick
                0x08000590       0x28 Drivers\STM32F4xx_HAL_Driver\Src\stm32f4xx_hal.o
                0x08000590                HAL_InitTick
 .text.HAL_Init
                0x080005b8       0x34 Drivers\STM32F4xx_HAL_Driver\Src\stm32f4xx_hal.o
                0x080005b8                HAL_Init
 .text.HAL_IncTick
                0x080005ec       0x10 Drivers\STM32F4xx_HAL_Driver\Src\stm32f4xx_hal.o
                0x080005ec                HAL_IncTick
 .text.HAL_GetTick
                0x080005fc        0xc Drivers\STM32F4xx_HAL_Driver\Src\stm32f4xx_hal.o
                0x080005fc                HAL_GetTick
 .text.HAL_Delay
                0x08000608       0x20 Drivers\STM32F4xx_HAL_Driver\Src\stm32f4xx_hal.o
                0x08000608                HAL_Delay
 .text.HAL_NVIC_SetPriorityGrouping
                0x08000628       0x24 Drivers\STM32F4xx_HAL_Driver\Src\stm32f4xx_hal_cortex.o
                0x08000628                HAL_NVIC_SetPriorityGrouping
 .text.HAL_NVIC_SetPriority
                0x0800064c       0x68 Drivers\STM32F4xx_HAL_Driver\Src\stm32f4xx_hal_cortex.o
                0x0800064c                HAL_NVIC_SetPriority
 .text.HAL_NVIC_EnableIRQ
                0x080006b4       0x18 Drivers\STM32F4xx_HAL_Driver\Src\stm32f4xx_hal_cortex.o
                0x080006b4                HAL_NVIC_EnableIRQ
 .text.HAL_SYSTICK_Config
                0x080006cc       0x2c Drivers\STM32F4xx_HAL_Driver\Src\stm32f4xx_hal_cortex.o
                0x080006cc                HAL_SYSTICK_Config
 .text.HAL_SYSTICK_CLKSourceConfig
                0x080006f8       0x18 Drivers\STM32F4xx_HAL_Driver\Src\stm32f4xx_hal_cortex.o
                0x080006f8                HAL_SYSTICK_CLKSourceConfig
 .text.HAL_SYSTICK_Callback
                0x08000710        0x2 Drivers\STM32F4xx_HAL_Driver\Src\stm32f4xx_hal_cortex.o
                0x08000710                HAL_SYSTICK_Callback
 .text.HAL_SYSTICK_IRQHandler
                0x08000712        0x8 Drivers\STM32F4xx_HAL_Driver\Src\stm32f4xx_hal_cortex.o
                0x08000712                HAL_SYSTICK_IRQHandler
 *fill*         0x0800071a        0x2 
 .text.ETH_Delay.constprop.4
                0x0800071c       0x24 Drivers\STM32F4xx_HAL_Driver\Src\stm32f4xx_hal_eth.o
 .text.ETH_FlushTransmitFIFO
                0x08000740       0x28 Drivers\STM32F4xx_HAL_Driver\Src\stm32f4xx_hal_eth.o
 .text.ETH_MACDMAConfig
                0x08000768       0xf8 Drivers\STM32F4xx_HAL_Driver\Src\stm32f4xx_hal_eth.o
 .text.HAL_ETH_DMATxDescListInit
                0x08000860       0x7a Drivers\STM32F4xx_HAL_Driver\Src\stm32f4xx_hal_eth.o
                0x08000860                HAL_ETH_DMATxDescListInit
 .text.HAL_ETH_DMARxDescListInit
                0x080008da       0x78 Drivers\STM32F4xx_HAL_Driver\Src\stm32f4xx_hal_eth.o
                0x080008da                HAL_ETH_DMARxDescListInit
 *fill*         0x08000952        0x2 
 .text.HAL_ETH_TransmitFrame
                0x08000954       0xe8 Drivers\STM32F4xx_HAL_Driver\Src\stm32f4xx_hal_eth.o
                0x08000954                HAL_ETH_TransmitFrame
 .text.HAL_ETH_GetReceivedFrame
                0x08000a3c       0x7e Drivers\STM32F4xx_HAL_Driver\Src\stm32f4xx_hal_eth.o
                0x08000a3c                HAL_ETH_GetReceivedFrame
 .text.HAL_ETH_ReadPHYRegister
                0x08000aba       0x74 Drivers\STM32F4xx_HAL_Driver\Src\stm32f4xx_hal_eth.o
                0x08000aba                HAL_ETH_ReadPHYRegister
 .text.HAL_ETH_WritePHYRegister
                0x08000b2e       0x6e Drivers\STM32F4xx_HAL_Driver\Src\stm32f4xx_hal_eth.o
                0x08000b2e                HAL_ETH_WritePHYRegister
 .text.HAL_ETH_Init
                0x08000b9c      0x1f8 Drivers\STM32F4xx_HAL_Driver\Src\stm32f4xx_hal_eth.o
                0x08000b9c                HAL_ETH_Init
 .text.HAL_ETH_Start
                0x08000d94       0x78 Drivers\STM32F4xx_HAL_Driver\Src\stm32f4xx_hal_eth.o
                0x08000d94                HAL_ETH_Start
 .text.HAL_GPIO_Init
                0x08000e0c      0x1c0 Drivers\STM32F4xx_HAL_Driver\Src\stm32f4xx_hal_gpio.o
                0x08000e0c                HAL_GPIO_Init
 .text.HAL_GPIO_WritePin
                0x08000fcc        0xa Drivers\STM32F4xx_HAL_Driver\Src\stm32f4xx_hal_gpio.o
                0x08000fcc                HAL_GPIO_WritePin
 .text.HAL_GPIO_TogglePin
                0x08000fd6        0x8 Drivers\STM32F4xx_HAL_Driver\Src\stm32f4xx_hal_gpio.o
                0x08000fd6                HAL_GPIO_TogglePin
 *fill*         0x08000fde        0x2 
 .text.HAL_RCC_OscConfig
                0x08000fe0      0x2ec Drivers\STM32F4xx_HAL_Driver\Src\stm32f4xx_hal_rcc.o
                0x08000fe0                HAL_RCC_OscConfig
 .text.HAL_RCC_GetSysClockFreq
                0x080012cc       0x5c Drivers\STM32F4xx_HAL_Driver\Src\stm32f4xx_hal_rcc.o
                0x080012cc                HAL_RCC_GetSysClockFreq
 .text.HAL_RCC_ClockConfig
                0x08001328      0x134 Drivers\STM32F4xx_HAL_Driver\Src\stm32f4xx_hal_rcc.o
                0x08001328                HAL_RCC_ClockConfig
 .text.HAL_RCC_GetHCLKFreq
                0x0800145c        0xc Drivers\STM32F4xx_HAL_Driver\Src\stm32f4xx_hal_rcc.o
                0x0800145c                HAL_RCC_GetHCLKFreq
 .text.HAL_TIM_Base_Start_IT
                0x08001468       0x16 Drivers\STM32F4xx_HAL_Driver\Src\stm32f4xx_hal_tim.o
                0x08001468                HAL_TIM_Base_Start_IT
 .text.HAL_TIM_ConfigClockSource
                0x0800147e      0x172 Drivers\STM32F4xx_HAL_Driver\Src\stm32f4xx_hal_tim.o
                0x0800147e                HAL_TIM_ConfigClockSource
 .text.HAL_TIM_OC_DelayElapsedCallback
                0x080015f0        0x2 Drivers\STM32F4xx_HAL_Driver\Src\stm32f4xx_hal_tim.o
                0x080015f0                HAL_TIM_OC_DelayElapsedCallback
 .text.HAL_TIM_IC_CaptureCallback
                0x080015f2        0x2 Drivers\STM32F4xx_HAL_Driver\Src\stm32f4xx_hal_tim.o
                0x080015f2                HAL_TIM_IC_CaptureCallback
 .text.HAL_TIM_PWM_PulseFinishedCallback
                0x080015f4        0x2 Drivers\STM32F4xx_HAL_Driver\Src\stm32f4xx_hal_tim.o
                0x080015f4                HAL_TIM_PWM_PulseFinishedCallback
 .text.HAL_TIM_TriggerCallback
                0x080015f6        0x2 Drivers\STM32F4xx_HAL_Driver\Src\stm32f4xx_hal_tim.o
                0x080015f6                HAL_TIM_TriggerCallback
 .text.HAL_TIM_IRQHandler
                0x080015f8      0x144 Drivers\STM32F4xx_HAL_Driver\Src\stm32f4xx_hal_tim.o
                0x080015f8                HAL_TIM_IRQHandler
 .text.TIM_Base_SetConfig
                0x0800173c       0xc8 Drivers\STM32F4xx_HAL_Driver\Src\stm32f4xx_hal_tim.o
                0x0800173c                TIM_Base_SetConfig
 .text.HAL_TIM_Base_Init
                0x08001804       0x34 Drivers\STM32F4xx_HAL_Driver\Src\stm32f4xx_hal_tim.o
                0x08001804                HAL_TIM_Base_Init
 .text.HAL_TIMEx_MasterConfigSynchronization
                0x08001838       0x44 Drivers\STM32F4xx_HAL_Driver\Src\stm32f4xx_hal_tim_ex.o
                0x08001838                HAL_TIMEx_MasterConfigSynchronization
 .text.HAL_TIMEx_CommutationCallback
                0x0800187c        0x2 Drivers\STM32F4xx_HAL_Driver\Src\stm32f4xx_hal_tim_ex.o
                0x0800187c                HAL_TIMEx_CommutationCallback
 .text.HAL_TIMEx_BreakCallback
                0x0800187e        0x2 Drivers\STM32F4xx_HAL_Driver\Src\stm32f4xx_hal_tim_ex.o
                0x0800187e                HAL_TIMEx_BreakCallback
 .text.lwip_htons
                0x08001880        0x6 Middlewares\Third_Party\LwIP\src\core\def.o
                0x08001880                lwip_htons
 .text.lwip_htonl
                0x08001886        0x4 Middlewares\Third_Party\LwIP\src\core\def.o
                0x08001886                lwip_htonl
 .text.lwip_init
                0x0800188a       0x1a Middlewares\Third_Party\LwIP\src\core\init.o
                0x0800188a                lwip_init
 .text.etharp_free_entry
                0x080018a4       0x28 Middlewares\Third_Party\LwIP\src\core\ipv4\etharp.o
 .text.etharp_find_entry.isra.0
                0x080018cc       0xd0 Middlewares\Third_Party\LwIP\src\core\ipv4\etharp.o
 .text.etharp_raw.constprop.1
                0x0800199c       0x88 Middlewares\Third_Party\LwIP\src\core\ipv4\etharp.o
 .text.etharp_cleanup_netif
                0x08001a24       0x28 Middlewares\Third_Party\LwIP\src\core\ipv4\etharp.o
                0x08001a24                etharp_cleanup_netif
 .text.etharp_input
                0x08001a4c      0x124 Middlewares\Third_Party\LwIP\src\core\ipv4\etharp.o
                0x08001a4c                etharp_input
 .text.etharp_request
                0x08001b70       0x20 Middlewares\Third_Party\LwIP\src\core\ipv4\etharp.o
                0x08001b70                etharp_request
 .text.etharp_output_to_arp_index
                0x08001b90       0x7c Middlewares\Third_Party\LwIP\src\core\ipv4\etharp.o
 .text.etharp_query
                0x08001c0c       0xf8 Middlewares\Third_Party\LwIP\src\core\ipv4\etharp.o
                0x08001c0c                etharp_query
 .text.etharp_output
                0x08001d04       0xe4 Middlewares\Third_Party\LwIP\src\core\ipv4\etharp.o
                0x08001d04                etharp_output
 .text.icmp_send_response.isra.0
                0x08001de8       0x72 Middlewares\Third_Party\LwIP\src\core\ipv4\icmp.o
 *fill*         0x08001e5a        0x2 
 .text.icmp_input
                0x08001e5c      0x108 Middlewares\Third_Party\LwIP\src\core\ipv4\icmp.o
                0x08001e5c                icmp_input
 .text.icmp_dest_unreach
                0x08001f64        0xa Middlewares\Third_Party\LwIP\src\core\ipv4\icmp.o
                0x08001f64                icmp_dest_unreach
 .text.icmp_time_exceeded
                0x08001f6e        0xa Middlewares\Third_Party\LwIP\src\core\ipv4\icmp.o
                0x08001f6e                icmp_time_exceeded
 .text.ip4_route
                0x08001f78       0x58 Middlewares\Third_Party\LwIP\src\core\ipv4\ip4.o
                0x08001f78                ip4_route
 .text.ip4_input
                0x08001fd0      0x17c Middlewares\Third_Party\LwIP\src\core\ipv4\ip4.o
                0x08001fd0                ip4_input
 .text.ip4_output_if_src
                0x0800214c       0xb8 Middlewares\Third_Party\LwIP\src\core\ipv4\ip4.o
                0x0800214c                ip4_output_if_src
 .text.ip4_output_if
                0x08002204       0x22 Middlewares\Third_Party\LwIP\src\core\ipv4\ip4.o
                0x08002204                ip4_output_if
 .text.ip4_addr_isbroadcast_u32
                0x08002226       0x32 Middlewares\Third_Party\LwIP\src\core\ipv4\ip4_addr.o
                0x08002226                ip4_addr_isbroadcast_u32
 .text.ipfrag_free_pbuf_custom
                0x08002258       0x18 Middlewares\Third_Party\LwIP\src\core\ipv4\ip4_frag.o
 .text.ip_reass_free_complete_datagram
                0x08002270       0x90 Middlewares\Third_Party\LwIP\src\core\ipv4\ip4_frag.o
 .text.ip_reass_remove_oldest_datagram
                0x08002300       0x78 Middlewares\Third_Party\LwIP\src\core\ipv4\ip4_frag.o
 .text.ip4_reass
                0x08002378      0x2c8 Middlewares\Third_Party\LwIP\src\core\ipv4\ip4_frag.o
                0x08002378                ip4_reass
 .text.ip4_frag
                0x08002640      0x174 Middlewares\Third_Party\LwIP\src\core\ipv4\ip4_frag.o
                0x08002640                ip4_frag
 .text.mem_init
                0x080027b4       0x40 Middlewares\Third_Party\LwIP\src\core\mem.o
                0x080027b4                mem_init
 .text.mem_free
                0x080027f4       0x88 Middlewares\Third_Party\LwIP\src\core\mem.o
                0x080027f4                mem_free
 .text.mem_trim
                0x0800287c       0xac Middlewares\Third_Party\LwIP\src\core\mem.o
                0x0800287c                mem_trim
 .text.mem_malloc
                0x08002928       0xb8 Middlewares\Third_Party\LwIP\src\core\mem.o
                0x08002928                mem_malloc
 .text.memp_init_pool
                0x080029e0       0x26 Middlewares\Third_Party\LwIP\src\core\memp.o
                0x080029e0                memp_init_pool
 *fill*         0x08002a06        0x2 
 .text.memp_init
                0x08002a08       0x1c Middlewares\Third_Party\LwIP\src\core\memp.o
                0x08002a08                memp_init
 .text.memp_malloc
                0x08002a24       0x20 Middlewares\Third_Party\LwIP\src\core\memp.o
                0x08002a24                memp_malloc
 .text.memp_free
                0x08002a44       0x1c Middlewares\Third_Party\LwIP\src\core\memp.o
                0x08002a44                memp_free
 .text.netif_issue_reports.part.0
                0x08002a60       0x12 Middlewares\Third_Party\LwIP\src\core\netif.o
 .text.netif_init
                0x08002a72        0x2 Middlewares\Third_Party\LwIP\src\core\netif.o
                0x08002a72                netif_init
 .text.netif_set_ipaddr
                0x08002a74       0x44 Middlewares\Third_Party\LwIP\src\core\netif.o
                0x08002a74                netif_set_ipaddr
 .text.netif_set_addr
                0x08002ab8       0x38 Middlewares\Third_Party\LwIP\src\core\netif.o
                0x08002ab8                netif_set_addr
 .text.netif_add
                0x08002af0       0x54 Middlewares\Third_Party\LwIP\src\core\netif.o
                0x08002af0                netif_add
 .text.netif_set_default
                0x08002b44        0xc Middlewares\Third_Party\LwIP\src\core\netif.o
                0x08002b44                netif_set_default
 .text.netif_set_up
                0x08002b50       0x1e Middlewares\Third_Party\LwIP\src\core\netif.o
                0x08002b50                netif_set_up
 .text.netif_set_down
                0x08002b6e       0x1a Middlewares\Third_Party\LwIP\src\core\netif.o
                0x08002b6e                netif_set_down
 .text.pbuf_header_impl.part.0
                0x08002b88       0x5a Middlewares\Third_Party\LwIP\src\core\pbuf.o
 .text.pbuf_alloced_custom
                0x08002be2       0x56 Middlewares\Third_Party\LwIP\src\core\pbuf.o
                0x08002be2                pbuf_alloced_custom
 .text.pbuf_header
                0x08002c38        0xe Middlewares\Third_Party\LwIP\src\core\pbuf.o
                0x08002c38                pbuf_header
 .text.pbuf_header_force
                0x08002c46        0xe Middlewares\Third_Party\LwIP\src\core\pbuf.o
                0x08002c46                pbuf_header_force
 .text.pbuf_free
                0x08002c54       0x4e Middlewares\Third_Party\LwIP\src\core\pbuf.o
                0x08002c54                pbuf_free
 *fill*         0x08002ca2        0x2 
 .text.pbuf_alloc
                0x08002ca4      0x118 Middlewares\Third_Party\LwIP\src\core\pbuf.o
                0x08002ca4                pbuf_alloc
 .text.pbuf_realloc
                0x08002dbc       0x52 Middlewares\Third_Party\LwIP\src\core\pbuf.o
                0x08002dbc                pbuf_realloc
 .text.pbuf_clen
                0x08002e0e       0x10 Middlewares\Third_Party\LwIP\src\core\pbuf.o
                0x08002e0e                pbuf_clen
 .text.pbuf_ref
                0x08002e1e        0xa Middlewares\Third_Party\LwIP\src\core\pbuf.o
                0x08002e1e                pbuf_ref
 .text.pbuf_cat
                0x08002e28       0x1c Middlewares\Third_Party\LwIP\src\core\pbuf.o
                0x08002e28                pbuf_cat
 .text.pbuf_chain
                0x08002e44       0x10 Middlewares\Third_Party\LwIP\src\core\pbuf.o
                0x08002e44                pbuf_chain
 .text.pbuf_copy
                0x08002e54       0x9c Middlewares\Third_Party\LwIP\src\core\pbuf.o
                0x08002e54                pbuf_copy
 .text.pbuf_take
                0x08002ef0       0x4e Middlewares\Third_Party\LwIP\src\core\pbuf.o
                0x08002ef0                pbuf_take
 .text.tcp_init
                0x08002f3e        0x2 Middlewares\Third_Party\LwIP\src\core\tcp.o
                0x08002f3e                tcp_init
 .text.tcp_update_rcv_ann_wnd
                0x08002f40       0x36 Middlewares\Third_Party\LwIP\src\core\tcp.o
                0x08002f40                tcp_update_rcv_ann_wnd
 .text.tcp_recved
                0x08002f76       0x48 Middlewares\Third_Party\LwIP\src\core\tcp.o
                0x08002f76                tcp_recved
 .text.tcp_seg_free
                0x08002fbe       0x1c Middlewares\Third_Party\LwIP\src\core\tcp.o
                0x08002fbe                tcp_seg_free
 .text.tcp_segs_free
                0x08002fda       0x10 Middlewares\Third_Party\LwIP\src\core\tcp.o
                0x08002fda                tcp_segs_free
 .text.tcp_seg_copy
                0x08002fea       0x2c Middlewares\Third_Party\LwIP\src\core\tcp.o
                0x08002fea                tcp_seg_copy
 .text.tcp_pcb_purge
                0x08003016       0x40 Middlewares\Third_Party\LwIP\src\core\tcp.o
                0x08003016                tcp_pcb_purge
 .text.tcp_pcb_remove
                0x08003056       0x4e Middlewares\Third_Party\LwIP\src\core\tcp.o
                0x08003056                tcp_pcb_remove
 .text.tcp_close_shutdown
                0x080030a4      0x164 Middlewares\Third_Party\LwIP\src\core\tcp.o
 .text.tcp_close
                0x08003208       0x14 Middlewares\Third_Party\LwIP\src\core\tcp.o
                0x08003208                tcp_close
 .text.tcp_recv_null
                0x0800321c       0x24 Middlewares\Third_Party\LwIP\src\core\tcp.o
                0x0800321c                tcp_recv_null
 .text.tcp_process_refused_data
                0x08003240       0x66 Middlewares\Third_Party\LwIP\src\core\tcp.o
                0x08003240                tcp_process_refused_data
 *fill*         0x080032a6        0x2 
 .text.tcp_abandon
                0x080032a8       0xcc Middlewares\Third_Party\LwIP\src\core\tcp.o
                0x080032a8                tcp_abandon
 .text.tcp_abort
                0x08003374        0x6 Middlewares\Third_Party\LwIP\src\core\tcp.o
                0x08003374                tcp_abort
 .text.tcp_netif_ip_addr_changed_pcblist
                0x0800337a       0x1c Middlewares\Third_Party\LwIP\src\core\tcp.o
 *fill*         0x08003396        0x2 
 .text.tcp_kill_state
                0x08003398       0x3c Middlewares\Third_Party\LwIP\src\core\tcp.o
 .text.tcp_next_iss
                0x080033d4       0x18 Middlewares\Third_Party\LwIP\src\core\tcp.o
                0x080033d4                tcp_next_iss
 .text.tcp_alloc
                0x080033ec      0x118 Middlewares\Third_Party\LwIP\src\core\tcp.o
                0x080033ec                tcp_alloc
 .text.tcp_eff_send_mss_impl
                0x08003504       0x1e Middlewares\Third_Party\LwIP\src\core\tcp.o
                0x08003504                tcp_eff_send_mss_impl
 *fill*         0x08003522        0x2 
 .text.tcp_netif_ip_addr_changed
                0x08003524       0x4c Middlewares\Third_Party\LwIP\src\core\tcp.o
                0x08003524                tcp_netif_ip_addr_changed
 .text.tcp_oos_insert_segment
                0x08003570       0x7c Middlewares\Third_Party\LwIP\src\core\tcp_in.o
 .text.tcp_receive
                0x080035ec      0x7b0 Middlewares\Third_Party\LwIP\src\core\tcp_in.o
 .text.tcp_getoptbyte
                0x08003d9c       0x40 Middlewares\Third_Party\LwIP\src\core\tcp_in.o
 .text.tcp_parseopt.isra.1.part.2
                0x08003ddc       0x70 Middlewares\Third_Party\LwIP\src\core\tcp_in.o
 .text.tcp_input
                0x08003e4c      0x88c Middlewares\Third_Party\LwIP\src\core\tcp_in.o
                0x08003e4c                tcp_input
 .text.tcp_trigger_input_pcb_close
                0x080046d8       0x10 Middlewares\Third_Party\LwIP\src\core\tcp_in.o
                0x080046d8                tcp_trigger_input_pcb_close
 .text.tcp_create_segment
                0x080046e8       0xae Middlewares\Third_Party\LwIP\src\core\tcp_out.o
 .text.tcp_output_alloc_header.constprop.0
                0x08004796       0x5a Middlewares\Third_Party\LwIP\src\core\tcp_out.o
 .text.tcp_enqueue_flags
                0x080047f0       0x98 Middlewares\Third_Party\LwIP\src\core\tcp_out.o
                0x080047f0                tcp_enqueue_flags
 .text.tcp_send_fin
                0x08004888       0x44 Middlewares\Third_Party\LwIP\src\core\tcp_out.o
                0x08004888                tcp_send_fin
 .text.tcp_send_empty_ack
                0x080048cc       0x6a Middlewares\Third_Party\LwIP\src\core\tcp_out.o
                0x080048cc                tcp_send_empty_ack
 *fill*         0x08004936        0x2 
 .text.tcp_output
                0x08004938      0x284 Middlewares\Third_Party\LwIP\src\core\tcp_out.o
                0x08004938                tcp_output
 .text.tcp_rst  0x08004bbc       0x90 Middlewares\Third_Party\LwIP\src\core\tcp_out.o
                0x08004bbc                tcp_rst
 .text.tcp_rexmit_rto
                0x08004c4c       0x32 Middlewares\Third_Party\LwIP\src\core\tcp_out.o
                0x08004c4c                tcp_rexmit_rto
 .text.tcp_rexmit
                0x08004c7e       0x4e Middlewares\Third_Party\LwIP\src\core\tcp_out.o
                0x08004c7e                tcp_rexmit
 .text.tcp_rexmit_fast
                0x08004ccc       0x54 Middlewares\Third_Party\LwIP\src\core\tcp_out.o
                0x08004ccc                tcp_rexmit_fast
 .text.tcp_timer_needed
                0x08004d20        0x2 Middlewares\Third_Party\LwIP\src\core\timeouts.o
                0x08004d20                tcp_timer_needed
 .text.udp_init
                0x08004d22        0x2 Middlewares\Third_Party\LwIP\src\core\udp.o
                0x08004d22                udp_init
 .text.udp_input
                0x08004d24      0x118 Middlewares\Third_Party\LwIP\src\core\udp.o
                0x08004d24                udp_input
 .text.udp_bind
                0x08004e3c       0xa8 Middlewares\Third_Party\LwIP\src\core\udp.o
                0x08004e3c                udp_bind
 .text.udp_sendto_if_src
                0x08004ee4       0xa8 Middlewares\Third_Party\LwIP\src\core\udp.o
                0x08004ee4                udp_sendto_if_src
 .text.udp_sendto_if
                0x08004f8c       0x32 Middlewares\Third_Party\LwIP\src\core\udp.o
                0x08004f8c                udp_sendto_if
 .text.udp_sendto
                0x08004fbe       0x34 Middlewares\Third_Party\LwIP\src\core\udp.o
                0x08004fbe                udp_sendto
 .text.udp_send
                0x08004ff2       0x12 Middlewares\Third_Party\LwIP\src\core\udp.o
                0x08004ff2                udp_send
 .text.udp_connect
                0x08005004       0x50 Middlewares\Third_Party\LwIP\src\core\udp.o
                0x08005004                udp_connect
 .text.udp_recv
                0x08005054        0x6 Middlewares\Third_Party\LwIP\src\core\udp.o
                0x08005054                udp_recv
 .text.udp_new  0x0800505a       0x1c Middlewares\Third_Party\LwIP\src\core\udp.o
                0x0800505a                udp_new
 *fill*         0x08005076        0x2 
 .text.udp_netif_ip_addr_changed
                0x08005078       0x2c Middlewares\Third_Party\LwIP\src\core\udp.o
                0x08005078                udp_netif_ip_addr_changed
 .text.ethernet_input
                0x080050a4       0x98 Middlewares\Third_Party\LwIP\src\netif\ethernet.o
                0x080050a4                ethernet_input
 .text.ethernet_output
                0x0800513c       0x4c Middlewares\Third_Party\LwIP\src\netif\ethernet.o
                0x0800513c                ethernet_output
 .text.low_level_output
                0x08005188       0xa0 Src\ethernetif.o
 .text.HAL_ETH_MspInit
                0x08005228       0xa8 Src\ethernetif.o
                0x08005228                HAL_ETH_MspInit
 .text.ethernetif_input
                0x080052d0       0xe0 Src\ethernetif.o
                0x080052d0                ethernetif_input
 .text.ethernetif_init
                0x080053b0      0x114 Src\ethernetif.o
                0x080053b0                ethernetif_init
 .text.MX_LWIP_Init
                0x080054c4       0xa0 Src\lwip.o
                0x080054c4                MX_LWIP_Init
 .text.MX_LWIP_Process
                0x08005564        0xc Src\lwip.o
                0x08005564                MX_LWIP_Process
 .text.HAL_TIM_PeriodElapsedCallback
                0x08005570       0x10 Src\main.o
                0x08005570                HAL_TIM_PeriodElapsedCallback
 .text.SystemClock_Config
                0x08005580       0xa4 Src\main.o
                0x08005580                SystemClock_Config
 .text.startup.main
                0x08005624       0xfc Src\main.o
                0x08005624                main
 .text.udp_receive_callback
                0x08005720       0x34 Src\net.o
                0x08005720                udp_receive_callback
 .text.udp_client_connect
                0x08005754       0x40 Src\net.o
                0x08005754                udp_client_connect
 .text.udp_client_send
                0x08005794       0x58 Src\net.o
                0x08005794                udp_client_send
 .text.TIM1_Callback
                0x080057ec       0x18 Src\net.o
                0x080057ec                TIM1_Callback
 .text.HAL_MspInit
                0x08005804       0x60 Src\stm32f4xx_hal_msp.o
                0x08005804                HAL_MspInit
 .text.HAL_TIM_Base_MspInit
                0x08005864       0x38 Src\stm32f4xx_hal_msp.o
                0x08005864                HAL_TIM_Base_MspInit
 .text.NMI_Handler
                0x0800589c        0x2 Src\stm32f4xx_it.o
                0x0800589c                NMI_Handler
 .text.HardFault_Handler
                0x0800589e        0x2 Src\stm32f4xx_it.o
                0x0800589e                HardFault_Handler
 .text.MemManage_Handler
                0x080058a0        0x2 Src\stm32f4xx_it.o
                0x080058a0                MemManage_Handler
 .text.BusFault_Handler
                0x080058a2        0x2 Src\stm32f4xx_it.o
                0x080058a2                BusFault_Handler
 .text.UsageFault_Handler
                0x080058a4        0x2 Src\stm32f4xx_it.o
                0x080058a4                UsageFault_Handler
 .text.SVC_Handler
                0x080058a6        0x2 Src\stm32f4xx_it.o
                0x080058a6                SVC_Handler
 .text.DebugMon_Handler
                0x080058a8        0x2 Src\stm32f4xx_it.o
                0x080058a8                DebugMon_Handler
 .text.PendSV_Handler
                0x080058aa        0x2 Src\stm32f4xx_it.o
                0x080058aa                PendSV_Handler
 .text.SysTick_Handler
                0x080058ac        0xe Src\stm32f4xx_it.o
                0x080058ac                SysTick_Handler
 *fill*         0x080058ba        0x2 
 .text.TIM2_IRQHandler
                0x080058bc        0xc Src\stm32f4xx_it.o
                0x080058bc                TIM2_IRQHandler
 .text.SystemInit
                0x080058c8       0x4c Src\system_stm32f4xx.o
                0x080058c8                SystemInit
 .text.Reset_Handler
                0x08005914       0x50 startup\startup_stm32f407xx.o
                0x08005914                Reset_Handler
 .text.Default_Handler
                0x08005964        0x2 startup\startup_stm32f407xx.o
                0x08005964                RTC_Alarm_IRQHandler
                0x08005964                HASH_RNG_IRQHandler
                0x08005964                EXTI2_IRQHandler
                0x08005964                TIM8_CC_IRQHandler
                0x08005964                TIM1_CC_IRQHandler
                0x08005964                DMA2_Stream5_IRQHandler
                0x08005964                DMA1_Stream5_IRQHandler
                0x08005964                PVD_IRQHandler
                0x08005964                SDIO_IRQHandler
                0x08005964                TAMP_STAMP_IRQHandler
                0x08005964                CAN2_RX1_IRQHandler
                0x08005964                EXTI3_IRQHandler
                0x08005964                TIM8_TRG_COM_TIM14_IRQHandler
                0x08005964                TIM1_UP_TIM10_IRQHandler
                0x08005964                TIM8_UP_TIM13_IRQHandler
                0x08005964                I2C3_ER_IRQHandler
                0x08005964                EXTI0_IRQHandler
                0x08005964                I2C2_EV_IRQHandler
                0x08005964                DMA1_Stream2_IRQHandler
                0x08005964                CAN1_RX0_IRQHandler
                0x08005964                FPU_IRQHandler
                0x08005964                OTG_HS_WKUP_IRQHandler
                0x08005964                CAN2_SCE_IRQHandler
                0x08005964                DMA2_Stream2_IRQHandler
                0x08005964                SPI1_IRQHandler
                0x08005964                TIM6_DAC_IRQHandler
                0x08005964                TIM1_BRK_TIM9_IRQHandler
                0x08005964                DCMI_IRQHandler
                0x08005964                CAN2_RX0_IRQHandler
                0x08005964                DMA2_Stream3_IRQHandler
                0x08005964                USART6_IRQHandler
                0x08005964                USART3_IRQHandler
                0x08005964                CAN1_RX1_IRQHandler
                0x08005964                UART5_IRQHandler
                0x08005964                DMA2_Stream0_IRQHandler
                0x08005964                TIM4_IRQHandler
                0x08005964                I2C1_EV_IRQHandler
                0x08005964                DMA1_Stream6_IRQHandler
                0x08005964                DMA1_Stream1_IRQHandler
                0x08005964                UART4_IRQHandler
                0x08005964                TIM3_IRQHandler
                0x08005964                RCC_IRQHandler
                0x08005964                TIM8_BRK_TIM12_IRQHandler
                0x08005964                Default_Handler
                0x08005964                EXTI15_10_IRQHandler
                0x08005964                ADC_IRQHandler
                0x08005964                DMA1_Stream7_IRQHandler
                0x08005964                TIM7_IRQHandler
                0x08005964                CAN2_TX_IRQHandler
                0x08005964                TIM5_IRQHandler
                0x08005964                DMA2_Stream7_IRQHandler
                0x08005964                I2C3_EV_IRQHandler
                0x08005964                EXTI9_5_IRQHandler
                0x08005964                RTC_WKUP_IRQHandler
                0x08005964                ETH_WKUP_IRQHandler
                0x08005964                SPI2_IRQHandler
                0x08005964                OTG_HS_EP1_IN_IRQHandler
                0x08005964                DMA1_Stream0_IRQHandler
                0x08005964                CAN1_TX_IRQHandler
                0x08005964                EXTI4_IRQHandler
                0x08005964                FSMC_IRQHandler
                0x08005964                ETH_IRQHandler
                0x08005964                OTG_HS_EP1_OUT_IRQHandler
                0x08005964                WWDG_IRQHandler
                0x08005964                OTG_FS_WKUP_IRQHandler
                0x08005964                TIM1_TRG_COM_TIM11_IRQHandler
                0x08005964                OTG_HS_IRQHandler
                0x08005964                EXTI1_IRQHandler
                0x08005964                USART2_IRQHandler
                0x08005964                I2C2_ER_IRQHandler
                0x08005964                DMA2_Stream1_IRQHandler
                0x08005964                CAN1_SCE_IRQHandler
                0x08005964                FLASH_IRQHandler
                0x08005964                DMA2_Stream4_IRQHandler
                0x08005964                USART1_IRQHandler
                0x08005964                OTG_FS_IRQHandler
                0x08005964                SPI3_IRQHandler
                0x08005964                DMA1_Stream4_IRQHandler
                0x08005964                I2C1_ER_IRQHandler
                0x08005964                DMA2_Stream6_IRQHandler
                0x08005964                DMA1_Stream3_IRQHandler
 *fill*         0x08005966        0x2 
 .text.__libc_init_array
                0x08005968       0x48 c:/program files (x86)/atollic/truestudio for stm32 9.0.1/armtools/bin/../lib/gcc/arm-atollic-eabi/6.3.1/../../../../arm-atollic-eabi/lib/armv7e-m/fpu\libc_nano.a(lib_a-init.o)
                0x08005968                __libc_init_array
 .text.memcmp   0x080059b0       0x1e c:/program files (x86)/atollic/truestudio for stm32 9.0.1/armtools/bin/../lib/gcc/arm-atollic-eabi/6.3.1/../../../../arm-atollic-eabi/lib/armv7e-m/fpu\libc_nano.a(lib_a-memcmp.o)
                0x080059b0                memcmp
 .text.memcpy   0x080059ce       0x16 c:/program files (x86)/atollic/truestudio for stm32 9.0.1/armtools/bin/../lib/gcc/arm-atollic-eabi/6.3.1/../../../../arm-atollic-eabi/lib/armv7e-m/fpu\libc_nano.a(lib_a-memcpy-stub.o)
                0x080059ce                memcpy
 .text.memset   0x080059e4       0x10 c:/program files (x86)/atollic/truestudio for stm32 9.0.1/armtools/bin/../lib/gcc/arm-atollic-eabi/6.3.1/../../../../arm-atollic-eabi/lib/armv7e-m/fpu\libc_nano.a(lib_a-memset.o)
                0x080059e4                memset
 .text.sprintf  0x080059f4       0x48 c:/program files (x86)/atollic/truestudio for stm32 9.0.1/armtools/bin/../lib/gcc/arm-atollic-eabi/6.3.1/../../../../arm-atollic-eabi/lib/armv7e-m/fpu\libc_nano.a(lib_a-sprintf.o)
                0x080059f4                siprintf
                0x080059f4                sprintf
 .text.strncpy  0x08005a3c       0x2a c:/program files (x86)/atollic/truestudio for stm32 9.0.1/armtools/bin/../lib/gcc/arm-atollic-eabi/6.3.1/../../../../arm-atollic-eabi/lib/armv7e-m/fpu\libc_nano.a(lib_a-strncpy.o)
                0x08005a3c                strncpy
 .text.__ssputs_r
                0x08005a66       0xb6 c:/program files (x86)/atollic/truestudio for stm32 9.0.1/armtools/bin/../lib/gcc/arm-atollic-eabi/6.3.1/../../../../arm-atollic-eabi/lib/armv7e-m/fpu\libc_nano.a(lib_a-nano-svfprintf.o)
                0x08005a66                __ssputs_r
 .text._svfprintf_r
                0x08005b1c      0x1e8 c:/program files (x86)/atollic/truestudio for stm32 9.0.1/armtools/bin/../lib/gcc/arm-atollic-eabi/6.3.1/../../../../arm-atollic-eabi/lib/armv7e-m/fpu\libc_nano.a(lib_a-nano-svfprintf.o)
                0x08005b1c                _svfiprintf_r
                0x08005b1c                _svfprintf_r
 .text._printf_common
                0x08005d04       0xec c:/program files (x86)/atollic/truestudio for stm32 9.0.1/armtools/bin/../lib/gcc/arm-atollic-eabi/6.3.1/../../../../arm-atollic-eabi/lib/armv7e-m/fpu\libc_nano.a(lib_a-nano-vfprintf_i.o)
                0x08005d04                _printf_common
 .text._printf_i
                0x08005df0      0x240 c:/program files (x86)/atollic/truestudio for stm32 9.0.1/armtools/bin/../lib/gcc/arm-atollic-eabi/6.3.1/../../../../arm-atollic-eabi/lib/armv7e-m/fpu\libc_nano.a(lib_a-nano-vfprintf_i.o)
                0x08005df0                _printf_i
 .text.memmove  0x08006030       0x34 c:/program files (x86)/atollic/truestudio for stm32 9.0.1/armtools/bin/../lib/gcc/arm-atollic-eabi/6.3.1/../../../../arm-atollic-eabi/lib/armv7e-m/fpu\libc_nano.a(lib_a-memmove.o)
                0x08006030                memmove
 .text._free_r  0x08006064       0x9c c:/program files (x86)/atollic/truestudio for stm32 9.0.1/armtools/bin/../lib/gcc/arm-atollic-eabi/6.3.1/../../../../arm-atollic-eabi/lib/armv7e-m/fpu\libc_nano.a(lib_a-nano-freer.o)
                0x08006064                _free_r
 .text._malloc_r
                0x08006100       0xbc c:/program files (x86)/atollic/truestudio for stm32 9.0.1/armtools/bin/../lib/gcc/arm-atollic-eabi/6.3.1/../../../../arm-atollic-eabi/lib/armv7e-m/fpu\libc_nano.a(lib_a-nano-mallocr.o)
                0x08006100                _malloc_r
 .text._realloc_r
                0x080061bc       0x4c c:/program files (x86)/atollic/truestudio for stm32 9.0.1/armtools/bin/../lib/gcc/arm-atollic-eabi/6.3.1/../../../../arm-atollic-eabi/lib/armv7e-m/fpu\libc_nano.a(lib_a-nano-reallocr.o)
                0x080061bc                _realloc_r
 .text._sbrk_r  0x08006208       0x20 c:/program files (x86)/atollic/truestudio for stm32 9.0.1/armtools/bin/../lib/gcc/arm-atollic-eabi/6.3.1/../../../../arm-atollic-eabi/lib/armv7e-m/fpu\libc_nano.a(lib_a-sbrkr.o)
                0x08006208                _sbrk_r
 .text.__malloc_lock
                0x08006228        0x2 c:/program files (x86)/atollic/truestudio for stm32 9.0.1/armtools/bin/../lib/gcc/arm-atollic-eabi/6.3.1/../../../../arm-atollic-eabi/lib/armv7e-m/fpu\libc_nano.a(lib_a-mlock.o)
                0x08006228                __malloc_lock
 .text.__malloc_unlock
                0x0800622a        0x2 c:/program files (x86)/atollic/truestudio for stm32 9.0.1/armtools/bin/../lib/gcc/arm-atollic-eabi/6.3.1/../../../../arm-atollic-eabi/lib/armv7e-m/fpu\libc_nano.a(lib_a-mlock.o)
                0x0800622a                __malloc_unlock
 .text._malloc_usable_size_r
                0x0800622c       0x12 c:/program files (x86)/atollic/truestudio for stm32 9.0.1/armtools/bin/../lib/gcc/arm-atollic-eabi/6.3.1/../../../../arm-atollic-eabi/lib/armv7e-m/fpu\libc_nano.a(lib_a-nano-msizer.o)
                0x0800622c                _malloc_usable_size_r
 *fill*         0x0800623e        0x2 
 .text._sbrk    0x08006240       0x1c c:/program files (x86)/atollic/truestudio for stm32 9.0.1/armtools/bin/../lib/gcc/arm-atollic-eabi/6.3.1/../../../../arm-atollic-eabi/lib/armv7e-m/fpu\libnosys.a(sbrk.o)
                0x08006240                _sbrk
 *(.glue_7)
 .glue_7        0x0800625c        0x0 linker stubs
 *(.glue_7t)
 .glue_7t       0x0800625c        0x0 linker stubs
 *(.eh_frame)
 .eh_frame      0x0800625c        0x0 c:/program files (x86)/atollic/truestudio for stm32 9.0.1/armtools/bin/../lib/gcc/arm-atollic-eabi/6.3.1/armv7e-m/fpu/crtbegin.o
 *(.init)
 .init          0x0800625c        0x4 c:/program files (x86)/atollic/truestudio for stm32 9.0.1/armtools/bin/../lib/gcc/arm-atollic-eabi/6.3.1/armv7e-m/fpu/crti.o
                0x0800625c                _init
 .init          0x08006260        0x8 c:/program files (x86)/atollic/truestudio for stm32 9.0.1/armtools/bin/../lib/gcc/arm-atollic-eabi/6.3.1/armv7e-m/fpu/crtn.o
 *(.fini)
 .fini          0x08006268        0x4 c:/program files (x86)/atollic/truestudio for stm32 9.0.1/armtools/bin/../lib/gcc/arm-atollic-eabi/6.3.1/armv7e-m/fpu/crti.o
                0x08006268                _fini
 .fini          0x0800626c        0x8 c:/program files (x86)/atollic/truestudio for stm32 9.0.1/armtools/bin/../lib/gcc/arm-atollic-eabi/6.3.1/armv7e-m/fpu/crtn.o
                0x08006274                . = ALIGN (0x4)
                0x08006274                _etext = .

.vfp11_veneer   0x08006274        0x0
 .vfp11_veneer  0x08006274        0x0 linker stubs

.v4_bx          0x08006274        0x0
 .v4_bx         0x08006274        0x0 linker stubs

.iplt           0x08006274        0x0
 .iplt          0x08006274        0x0 c:/program files (x86)/atollic/truestudio for stm32 9.0.1/armtools/bin/../lib/gcc/arm-atollic-eabi/6.3.1/armv7e-m/fpu/crtbegin.o

.rodata         0x08006274       0xec
                0x08006274                . = ALIGN (0x4)
 *(.rodata)
 *(.rodata*)
 .rodata.ip_addr_any
                0x08006274        0x4 Middlewares\Third_Party\LwIP\src\core\ipv4\ip4_addr.o
                0x08006274                ip_addr_any
 .rodata.memp_FRAG_PBUF
                0x08006278        0xc Middlewares\Third_Party\LwIP\src\core\memp.o
                0x08006278                memp_FRAG_PBUF
 .rodata.memp_PBUF
                0x08006284        0xc Middlewares\Third_Party\LwIP\src\core\memp.o
                0x08006284                memp_PBUF
 .rodata.memp_PBUF_POOL
                0x08006290        0xc Middlewares\Third_Party\LwIP\src\core\memp.o
                0x08006290                memp_PBUF_POOL
 .rodata.memp_REASSDATA
                0x0800629c        0xc Middlewares\Third_Party\LwIP\src\core\memp.o
                0x0800629c                memp_REASSDATA
 .rodata.memp_TCP_PCB
                0x080062a8        0xc Middlewares\Third_Party\LwIP\src\core\memp.o
                0x080062a8                memp_TCP_PCB
 .rodata.memp_TCP_PCB_LISTEN
                0x080062b4        0xc Middlewares\Third_Party\LwIP\src\core\memp.o
                0x080062b4                memp_TCP_PCB_LISTEN
 .rodata.memp_TCP_SEG
                0x080062c0        0xc Middlewares\Third_Party\LwIP\src\core\memp.o
                0x080062c0                memp_TCP_SEG
 .rodata.memp_UDP_PCB
                0x080062cc        0xc Middlewares\Third_Party\LwIP\src\core\memp.o
                0x080062cc                memp_UDP_PCB
 .rodata.memp_pools
                0x080062d8       0x20 Middlewares\Third_Party\LwIP\src\core\memp.o
                0x080062d8                memp_pools
 .rodata.tcp_pcb_lists
                0x080062f8       0x10 Middlewares\Third_Party\LwIP\src\core\tcp.o
                0x080062f8                tcp_pcb_lists
 .rodata.ethbroadcast
                0x08006308        0x6 Middlewares\Third_Party\LwIP\src\netif\ethernet.o
                0x08006308                ethbroadcast
 .rodata.ethzero
                0x0800630e        0x6 Middlewares\Third_Party\LwIP\src\netif\ethernet.o
                0x0800630e                ethzero
 .rodata.udp_client_send.str1.1
                0x08006314        0x6 Src\net.o
 .rodata.AHBPrescTable
                0x0800631a       0x10 Src\system_stm32f4xx.o
                0x0800631a                AHBPrescTable
 .rodata._svfprintf_r.str1.1
                0x0800632a       0x11 c:/program files (x86)/atollic/truestudio for stm32 9.0.1/armtools/bin/../lib/gcc/arm-atollic-eabi/6.3.1/../../../../arm-atollic-eabi/lib/armv7e-m/fpu\libc_nano.a(lib_a-nano-svfprintf.o)
 .rodata._printf_i.str1.1
                0x0800633b       0x22 c:/program files (x86)/atollic/truestudio for stm32 9.0.1/armtools/bin/../lib/gcc/arm-atollic-eabi/6.3.1/../../../../arm-atollic-eabi/lib/armv7e-m/fpu\libc_nano.a(lib_a-nano-vfprintf_i.o)
                0x08006360                . = ALIGN (0x4)
 *fill*         0x0800635d        0x3 

.ARM.extab
 *(.ARM.extab* .gnu.linkonce.armextab.*)

.ARM            0x08006360        0x8
                0x08006360                __exidx_start = .
 *(.ARM.exidx*)
 .ARM.exidx     0x08006360        0x8 c:/program files (x86)/atollic/truestudio for stm32 9.0.1/armtools/bin/../lib/gcc/arm-atollic-eabi/6.3.1/armv7e-m/fpu\libgcc.a(_udivmoddi4.o)
                0x08006368                __exidx_end = .

.rel.dyn        0x08006368        0x0
 .rel.iplt      0x08006368        0x0 c:/program files (x86)/atollic/truestudio for stm32 9.0.1/armtools/bin/../lib/gcc/arm-atollic-eabi/6.3.1/armv7e-m/fpu/crtbegin.o

.preinit_array  0x08006368        0x0
                0x08006368                PROVIDE (__preinit_array_start, .)
 *(.preinit_array*)
                0x08006368                PROVIDE (__preinit_array_end, .)

.init_array     0x08006368        0x4
                0x08006368                PROVIDE (__init_array_start, .)
 *(SORT(.init_array.*))
 *(.init_array*)
 .init_array    0x08006368        0x4 c:/program files (x86)/atollic/truestudio for stm32 9.0.1/armtools/bin/../lib/gcc/arm-atollic-eabi/6.3.1/armv7e-m/fpu/crtbegin.o
                0x0800636c                PROVIDE (__init_array_end, .)

.fini_array     0x0800636c        0x4
                [!provide]                PROVIDE (__fini_array_start, .)
 *(SORT(.fini_array.*))
 *(.fini_array*)
 .fini_array    0x0800636c        0x4 c:/program files (x86)/atollic/truestudio for stm32 9.0.1/armtools/bin/../lib/gcc/arm-atollic-eabi/6.3.1/armv7e-m/fpu/crtbegin.o
                [!provide]                PROVIDE (__fini_array_end, .)
                0x08006370                _sidata = LOADADDR (.data)

.data           0x20000000       0x70 load address 0x08006370
                0x20000000                . = ALIGN (0x4)
                0x20000000                _sdata = .
 *(.data)
 *(.data*)
 .data.iss.10287
                0x20000000        0x4 Middlewares\Third_Party\LwIP\src\core\tcp.o
 .data.udp_port
                0x20000004        0x2 Middlewares\Third_Party\LwIP\src\core\udp.o
 *fill*         0x20000006        0x2 
 .data.SystemCoreClock
                0x20000008        0x4 Src\system_stm32f4xx.o
                0x20000008                SystemCoreClock
 .data._impure_ptr
                0x2000000c        0x4 c:/program files (x86)/atollic/truestudio for stm32 9.0.1/armtools/bin/../lib/gcc/arm-atollic-eabi/6.3.1/../../../../arm-atollic-eabi/lib/armv7e-m/fpu\libc_nano.a(lib_a-impure.o)
                0x2000000c                _impure_ptr
 .data.impure_data
                0x20000010       0x60 c:/program files (x86)/atollic/truestudio for stm32 9.0.1/armtools/bin/../lib/gcc/arm-atollic-eabi/6.3.1/../../../../arm-atollic-eabi/lib/armv7e-m/fpu\libc_nano.a(lib_a-impure.o)
                0x20000070                . = ALIGN (0x4)
                0x20000070                _edata = .
                0x080063e0                _siccmram = LOADADDR (.ccmram)

.igot.plt       0x20000070        0x0 load address 0x080063e0
 .igot.plt      0x20000070        0x0 c:/program files (x86)/atollic/truestudio for stm32 9.0.1/armtools/bin/../lib/gcc/arm-atollic-eabi/6.3.1/armv7e-m/fpu/crtbegin.o

.ccmram         0x10000000        0x0 load address 0x080063e0
                0x10000000                . = ALIGN (0x4)
                0x10000000                _sccmram = .
 *(.ccmram)
 *(.ccmram*)
                0x10000000                . = ALIGN (0x4)
                0x10000000                _eccmram = .
                0x10000000                . = ALIGN (0x4)

.bss            0x20000070     0x6838
                0x20000070                _sbss = .
                0x20000070                __bss_start__ = _sbss
 *(.bss)
 .bss           0x20000070       0x1c c:/program files (x86)/atollic/truestudio for stm32 9.0.1/armtools/bin/../lib/gcc/arm-atollic-eabi/6.3.1/armv7e-m/fpu/crtbegin.o
 *(.bss*)
 .bss.arp_table
                0x2000008c       0xf0 Middlewares\Third_Party\LwIP\src\core\ipv4\etharp.o
 .bss.etharp_cached_entry
                0x2000017c        0x1 Middlewares\Third_Party\LwIP\src\core\ipv4\etharp.o
 *fill*         0x2000017d        0x1 
 .bss.ip_id     0x2000017e        0x2 Middlewares\Third_Party\LwIP\src\core\ipv4\ip4.o
 .bss.ip_reass_pbufcount
                0x20000180        0x2 Middlewares\Third_Party\LwIP\src\core\ipv4\ip4_frag.o
 *fill*         0x20000182        0x2 
 .bss.reassdatagrams
                0x20000184        0x4 Middlewares\Third_Party\LwIP\src\core\ipv4\ip4_frag.o
 .bss.lfree     0x20000188        0x4 Middlewares\Third_Party\LwIP\src\core\mem.o
 .bss.ram       0x2000018c        0x4 Middlewares\Third_Party\LwIP\src\core\mem.o
 .bss.ram_end   0x20000190        0x4 Middlewares\Third_Party\LwIP\src\core\mem.o
 .bss.memp_tab_FRAG_PBUF
                0x20000194        0x4 Middlewares\Third_Party\LwIP\src\core\memp.o
 .bss.memp_tab_PBUF
                0x20000198        0x4 Middlewares\Third_Party\LwIP\src\core\memp.o
 .bss.memp_tab_PBUF_POOL
                0x2000019c        0x4 Middlewares\Third_Party\LwIP\src\core\memp.o
 .bss.memp_tab_REASSDATA
                0x200001a0        0x4 Middlewares\Third_Party\LwIP\src\core\memp.o
 .bss.memp_tab_TCP_PCB
                0x200001a4        0x4 Middlewares\Third_Party\LwIP\src\core\memp.o
 .bss.memp_tab_TCP_PCB_LISTEN
                0x200001a8        0x4 Middlewares\Third_Party\LwIP\src\core\memp.o
 .bss.memp_tab_TCP_SEG
                0x200001ac        0x4 Middlewares\Third_Party\LwIP\src\core\memp.o
 .bss.memp_tab_UDP_PCB
                0x200001b0        0x4 Middlewares\Third_Party\LwIP\src\core\memp.o
 .bss.netif_num
                0x200001b4        0x1 Middlewares\Third_Party\LwIP\src\core\netif.o
 .bss.tcp_timer_ctr
                0x200001b5        0x1 Middlewares\Third_Party\LwIP\src\core\tcp.o
 *fill*         0x200001b6        0x2 
 .bss.ackno     0x200001b8        0x4 Middlewares\Third_Party\LwIP\src\core\tcp_in.o
 .bss.flags     0x200001bc        0x1 Middlewares\Third_Party\LwIP\src\core\tcp_in.o
 *fill*         0x200001bd        0x3 
 .bss.inseg     0x200001c0       0x10 Middlewares\Third_Party\LwIP\src\core\tcp_in.o
 .bss.recv_acked
                0x200001d0        0x2 Middlewares\Third_Party\LwIP\src\core\tcp_in.o
 *fill*         0x200001d2        0x2 
 .bss.recv_data
                0x200001d4        0x4 Middlewares\Third_Party\LwIP\src\core\tcp_in.o
 .bss.recv_flags
                0x200001d8        0x1 Middlewares\Third_Party\LwIP\src\core\tcp_in.o
 *fill*         0x200001d9        0x3 
 .bss.seqno     0x200001dc        0x4 Middlewares\Third_Party\LwIP\src\core\tcp_in.o
 .bss.tcp_optidx
                0x200001e0        0x2 Middlewares\Third_Party\LwIP\src\core\tcp_in.o
 *fill*         0x200001e2        0x2 
 .bss.tcphdr    0x200001e4        0x4 Middlewares\Third_Party\LwIP\src\core\tcp_in.o
 .bss.tcphdr_opt1len
                0x200001e8        0x2 Middlewares\Third_Party\LwIP\src\core\tcp_in.o
 *fill*         0x200001ea        0x2 
 .bss.tcphdr_opt2
                0x200001ec        0x4 Middlewares\Third_Party\LwIP\src\core\tcp_in.o
 .bss.tcphdr_optlen
                0x200001f0        0x2 Middlewares\Third_Party\LwIP\src\core\tcp_in.o
 .bss.tcplen    0x200001f2        0x2 Middlewares\Third_Party\LwIP\src\core\tcp_in.o
 .bss.__malloc_free_list
                0x200001f4        0x4 c:/program files (x86)/atollic/truestudio for stm32 9.0.1/armtools/bin/../lib/gcc/arm-atollic-eabi/6.3.1/../../../../arm-atollic-eabi/lib/armv7e-m/fpu\libc_nano.a(lib_a-nano-mallocr.o)
                0x200001f4                __malloc_free_list
 .bss.__malloc_sbrk_start
                0x200001f8        0x4 c:/program files (x86)/atollic/truestudio for stm32 9.0.1/armtools/bin/../lib/gcc/arm-atollic-eabi/6.3.1/../../../../arm-atollic-eabi/lib/armv7e-m/fpu\libc_nano.a(lib_a-nano-mallocr.o)
                0x200001f8                __malloc_sbrk_start
 .bss.heap_end.5239
                0x200001fc        0x4 c:/program files (x86)/atollic/truestudio for stm32 9.0.1/armtools/bin/../lib/gcc/arm-atollic-eabi/6.3.1/../../../../arm-atollic-eabi/lib/armv7e-m/fpu\libnosys.a(sbrk.o)
 *(COMMON)
 COMMON         0x20000200        0x4 Drivers\STM32F4xx_HAL_Driver\Src\stm32f4xx_hal.o
                0x20000200                uwTick
 COMMON         0x20000204       0x18 Middlewares\Third_Party\LwIP\src\core\ip.o
                0x20000204                ip_data
 COMMON         0x2000021c      0x653 Middlewares\Third_Party\LwIP\src\core\mem.o
                0x2000021c                ram_heap
 COMMON         0x2000086f     0x2e78 Middlewares\Third_Party\LwIP\src\core\memp.o
                0x2000086f                memp_memory_TCP_SEG_base
                0x20000972                memp_memory_PBUF_POOL_base
                0x20002f75                memp_memory_FRAG_PBUF_base
                0x200030e0                memp_memory_PBUF_base
                0x200031e3                memp_memory_TCP_PCB_LISTEN_base
                0x200032c6                memp_memory_REASSDATA_base
                0x20003369                memp_memory_UDP_PCB_base
                0x200033ec                memp_memory_TCP_PCB_base
 *fill*         0x200036e7        0x1 
 COMMON         0x200036e8        0x8 Middlewares\Third_Party\LwIP\src\core\netif.o
                0x200036e8                netif_list
                0x200036ec                netif_default
 COMMON         0x200036f0        0x1 Middlewares\Third_Party\LwIP\src\core\pbuf.o
                0x200036f0                pbuf_free_ooseq_pending
 *fill*         0x200036f1        0x3 
 COMMON         0x200036f4       0x18 Middlewares\Third_Party\LwIP\src\core\tcp.o
                0x200036f4                tcp_active_pcbs_changed
                0x200036f8                tcp_active_pcbs
                0x200036fc                tcp_ticks
                0x20003700                tcp_listen_pcbs
                0x20003704                tcp_bound_pcbs
                0x20003708                tcp_tw_pcbs
 COMMON         0x2000370c        0x4 Middlewares\Third_Party\LwIP\src\core\tcp_in.o
                0x2000370c                tcp_input_pcb
 COMMON         0x20003710        0x4 Middlewares\Third_Party\LwIP\src\core\udp.o
                0x20003710                udp_pcbs
 COMMON         0x20003714     0x30e8 Src\ethernetif.o
                0x20003714                DMATxDscrTab
                0x20003794                Rx_Buff
                0x20004f64                DMARxDscrTab
                0x20004fe4                heth
                0x2000502c                Tx_Buff
 COMMON         0x200067fc       0x48 Src\lwip.o
                0x200067fc                GATEWAY_ADDRESS
                0x20006800                gnetif
                0x20006830                ipaddr
                0x20006834                NETMASK_ADDRESS
                0x20006838                IP_ADDRESS
                0x2000683c                netmask
                0x20006840                gw
 COMMON         0x20006844       0x3c Src\main.o
                0x20006844                htim2
 COMMON         0x20006880       0x22 Src\net.o
                0x20006880                upcb
                0x20006884                str1
 *fill*         0x200068a2        0x2 
 COMMON         0x200068a4        0x4 c:/program files (x86)/atollic/truestudio for stm32 9.0.1/armtools/bin/../lib/gcc/arm-atollic-eabi/6.3.1/../../../../arm-atollic-eabi/lib/armv7e-m/fpu\libc_nano.a(lib_a-reent.o)
                0x200068a4                errno
                0x200068a8                . = ALIGN (0x4)
                0x200068a8                _ebss = .
                0x200068a8                __bss_end__ = _ebss

._user_heap_stack
                0x200068a8      0x600
                0x200068a8                . = ALIGN (0x4)
                0x200068a8                PROVIDE (end, .)
                [!provide]                PROVIDE (_end, .)
                0x20006aa8                . = (. + _Min_Heap_Size)
 *fill*         0x200068a8      0x200 
                0x20006ea8                . = (. + _Min_Stack_Size)
 *fill*         0x20006aa8      0x400 
                0x20006ea8                . = ALIGN (0x4)

/DISCARD/
 libc.a(*)
 libm.a(*)
 libgcc.a(*)

.ARM.attributes
                0x00000000       0x30
 *(.ARM.attributes)
 .ARM.attributes
                0x00000000       0x22 c:/program files (x86)/atollic/truestudio for stm32 9.0.1/armtools/bin/../lib/gcc/arm-atollic-eabi/6.3.1/armv7e-m/fpu/crti.o
 .ARM.attributes
                0x00000022       0x34 c:/program files (x86)/atollic/truestudio for stm32 9.0.1/armtools/bin/../lib/gcc/arm-atollic-eabi/6.3.1/armv7e-m/fpu/crtbegin.o
 .ARM.attributes
                0x00000056       0x39 Drivers\STM32F4xx_HAL_Driver\Src\stm32f4xx_hal.o
 .ARM.attributes
                0x0000008f       0x39 Drivers\STM32F4xx_HAL_Driver\Src\stm32f4xx_hal_cortex.o
 .ARM.attributes
                0x000000c8       0x39 Drivers\STM32F4xx_HAL_Driver\Src\stm32f4xx_hal_eth.o
 .ARM.attributes
                0x00000101       0x39 Drivers\STM32F4xx_HAL_Driver\Src\stm32f4xx_hal_gpio.o
 .ARM.attributes
                0x0000013a       0x39 Drivers\STM32F4xx_HAL_Driver\Src\stm32f4xx_hal_rcc.o
 .ARM.attributes
                0x00000173       0x39 Drivers\STM32F4xx_HAL_Driver\Src\stm32f4xx_hal_tim.o
 .ARM.attributes
                0x000001ac       0x39 Drivers\STM32F4xx_HAL_Driver\Src\stm32f4xx_hal_tim_ex.o
 .ARM.attributes
                0x000001e5       0x39 Middlewares\Third_Party\LwIP\src\core\def.o
 .ARM.attributes
                0x0000021e       0x39 Middlewares\Third_Party\LwIP\src\core\init.o
 .ARM.attributes
                0x00000257       0x39 Middlewares\Third_Party\LwIP\src\core\ip.o
 .ARM.attributes
                0x00000290       0x39 Middlewares\Third_Party\LwIP\src\core\ipv4\etharp.o
 .ARM.attributes
                0x000002c9       0x39 Middlewares\Third_Party\LwIP\src\core\ipv4\icmp.o
 .ARM.attributes
                0x00000302       0x39 Middlewares\Third_Party\LwIP\src\core\ipv4\ip4.o
 .ARM.attributes
                0x0000033b       0x39 Middlewares\Third_Party\LwIP\src\core\ipv4\ip4_addr.o
 .ARM.attributes
                0x00000374       0x39 Middlewares\Third_Party\LwIP\src\core\ipv4\ip4_frag.o
 .ARM.attributes
                0x000003ad       0x39 Middlewares\Third_Party\LwIP\src\core\mem.o
 .ARM.attributes
                0x000003e6       0x39 Middlewares\Third_Party\LwIP\src\core\memp.o
 .ARM.attributes
                0x0000041f       0x39 Middlewares\Third_Party\LwIP\src\core\netif.o
 .ARM.attributes
                0x00000458       0x39 Middlewares\Third_Party\LwIP\src\core\pbuf.o
 .ARM.attributes
                0x00000491       0x39 Middlewares\Third_Party\LwIP\src\core\tcp.o
 .ARM.attributes
                0x000004ca       0x39 Middlewares\Third_Party\LwIP\src\core\tcp_in.o
 .ARM.attributes
                0x00000503       0x39 Middlewares\Third_Party\LwIP\src\core\tcp_out.o
 .ARM.attributes
                0x0000053c       0x39 Middlewares\Third_Party\LwIP\src\core\timeouts.o
 .ARM.attributes
                0x00000575       0x39 Middlewares\Third_Party\LwIP\src\core\udp.o
 .ARM.attributes
                0x000005ae       0x39 Middlewares\Third_Party\LwIP\src\netif\ethernet.o
 .ARM.attributes
                0x000005e7       0x39 Src\ethernetif.o
 .ARM.attributes
                0x00000620       0x39 Src\lwip.o
 .ARM.attributes
                0x00000659       0x39 Src\main.o
 .ARM.attributes
                0x00000692       0x39 Src\net.o
 .ARM.attributes
                0x000006cb       0x39 Src\stm32f4xx_hal_msp.o
 .ARM.attributes
                0x00000704       0x39 Src\stm32f4xx_it.o
 .ARM.attributes
                0x0000073d       0x39 Src\system_stm32f4xx.o
 .ARM.attributes
                0x00000776       0x21 startup\startup_stm32f407xx.o
 .ARM.attributes
                0x00000797       0x34 c:/program files (x86)/atollic/truestudio for stm32 9.0.1/armtools/bin/../lib/gcc/arm-atollic-eabi/6.3.1/../../../../arm-atollic-eabi/lib/armv7e-m/fpu\libc_nano.a(lib_a-init.o)
 .ARM.attributes
                0x000007cb       0x34 c:/program files (x86)/atollic/truestudio for stm32 9.0.1/armtools/bin/../lib/gcc/arm-atollic-eabi/6.3.1/../../../../arm-atollic-eabi/lib/armv7e-m/fpu\libc_nano.a(lib_a-memcmp.o)
 .ARM.attributes
                0x000007ff       0x34 c:/program files (x86)/atollic/truestudio for stm32 9.0.1/armtools/bin/../lib/gcc/arm-atollic-eabi/6.3.1/../../../../arm-atollic-eabi/lib/armv7e-m/fpu\libc_nano.a(lib_a-memcpy-stub.o)
 .ARM.attributes
                0x00000833       0x34 c:/program files (x86)/atollic/truestudio for stm32 9.0.1/armtools/bin/../lib/gcc/arm-atollic-eabi/6.3.1/../../../../arm-atollic-eabi/lib/armv7e-m/fpu\libc_nano.a(lib_a-memset.o)
 .ARM.attributes
                0x00000867       0x34 c:/program files (x86)/atollic/truestudio for stm32 9.0.1/armtools/bin/../lib/gcc/arm-atollic-eabi/6.3.1/../../../../arm-atollic-eabi/lib/armv7e-m/fpu\libc_nano.a(lib_a-sprintf.o)
 .ARM.attributes
                0x0000089b       0x1b c:/program files (x86)/atollic/truestudio for stm32 9.0.1/armtools/bin/../lib/gcc/arm-atollic-eabi/6.3.1/../../../../arm-atollic-eabi/lib/armv7e-m/fpu\libc_nano.a(lib_a-strlen.o)
 .ARM.attributes
                0x000008b6       0x34 c:/program files (x86)/atollic/truestudio for stm32 9.0.1/armtools/bin/../lib/gcc/arm-atollic-eabi/6.3.1/../../../../arm-atollic-eabi/lib/armv7e-m/fpu\libc_nano.a(lib_a-strncpy.o)
 .ARM.attributes
                0x000008ea       0x34 c:/program files (x86)/atollic/truestudio for stm32 9.0.1/armtools/bin/../lib/gcc/arm-atollic-eabi/6.3.1/../../../../arm-atollic-eabi/lib/armv7e-m/fpu\libc_nano.a(lib_a-impure.o)
 .ARM.attributes
                0x0000091e       0x34 c:/program files (x86)/atollic/truestudio for stm32 9.0.1/armtools/bin/../lib/gcc/arm-atollic-eabi/6.3.1/../../../../arm-atollic-eabi/lib/armv7e-m/fpu\libc_nano.a(lib_a-nano-svfprintf.o)
 .ARM.attributes
                0x00000952       0x34 c:/program files (x86)/atollic/truestudio for stm32 9.0.1/armtools/bin/../lib/gcc/arm-atollic-eabi/6.3.1/../../../../arm-atollic-eabi/lib/armv7e-m/fpu\libc_nano.a(lib_a-nano-vfprintf_i.o)
 .ARM.attributes
                0x00000986       0x20 c:/program files (x86)/atollic/truestudio for stm32 9.0.1/armtools/bin/../lib/gcc/arm-atollic-eabi/6.3.1/../../../../arm-atollic-eabi/lib/armv7e-m/fpu\libc_nano.a(lib_a-memchr.o)
 .ARM.attributes
                0x000009a6       0x34 c:/program files (x86)/atollic/truestudio for stm32 9.0.1/armtools/bin/../lib/gcc/arm-atollic-eabi/6.3.1/../../../../arm-atollic-eabi/lib/armv7e-m/fpu\libc_nano.a(lib_a-memmove.o)
 .ARM.attributes
                0x000009da       0x34 c:/program files (x86)/atollic/truestudio for stm32 9.0.1/armtools/bin/../lib/gcc/arm-atollic-eabi/6.3.1/../../../../arm-atollic-eabi/lib/armv7e-m/fpu\libc_nano.a(lib_a-nano-freer.o)
 .ARM.attributes
                0x00000a0e       0x34 c:/program files (x86)/atollic/truestudio for stm32 9.0.1/armtools/bin/../lib/gcc/arm-atollic-eabi/6.3.1/../../../../arm-atollic-eabi/lib/armv7e-m/fpu\libc_nano.a(lib_a-nano-mallocr.o)
 .ARM.attributes
                0x00000a42       0x34 c:/program files (x86)/atollic/truestudio for stm32 9.0.1/armtools/bin/../lib/gcc/arm-atollic-eabi/6.3.1/../../../../arm-atollic-eabi/lib/armv7e-m/fpu\libc_nano.a(lib_a-nano-reallocr.o)
 .ARM.attributes
                0x00000a76       0x34 c:/program files (x86)/atollic/truestudio for stm32 9.0.1/armtools/bin/../lib/gcc/arm-atollic-eabi/6.3.1/../../../../arm-atollic-eabi/lib/armv7e-m/fpu\libc_nano.a(lib_a-sbrkr.o)
 .ARM.attributes
                0x00000aaa       0x34 c:/program files (x86)/atollic/truestudio for stm32 9.0.1/armtools/bin/../lib/gcc/arm-atollic-eabi/6.3.1/../../../../arm-atollic-eabi/lib/armv7e-m/fpu\libc_nano.a(lib_a-mlock.o)
 .ARM.attributes
                0x00000ade       0x34 c:/program files (x86)/atollic/truestudio for stm32 9.0.1/armtools/bin/../lib/gcc/arm-atollic-eabi/6.3.1/../../../../arm-atollic-eabi/lib/armv7e-m/fpu\libc_nano.a(lib_a-nano-msizer.o)
 .ARM.attributes
                0x00000b12       0x34 c:/program files (x86)/atollic/truestudio for stm32 9.0.1/armtools/bin/../lib/gcc/arm-atollic-eabi/6.3.1/../../../../arm-atollic-eabi/lib/armv7e-m/fpu\libc_nano.a(lib_a-reent.o)
 .ARM.attributes
                0x00000b46       0x22 c:/program files (x86)/atollic/truestudio for stm32 9.0.1/armtools/bin/../lib/gcc/arm-atollic-eabi/6.3.1/armv7e-m/fpu\libgcc.a(_aeabi_uldivmod.o)
 .ARM.attributes
                0x00000b68       0x34 c:/program files (x86)/atollic/truestudio for stm32 9.0.1/armtools/bin/../lib/gcc/arm-atollic-eabi/6.3.1/armv7e-m/fpu\libgcc.a(_udivmoddi4.o)
 .ARM.attributes
                0x00000b9c       0x22 c:/program files (x86)/atollic/truestudio for stm32 9.0.1/armtools/bin/../lib/gcc/arm-atollic-eabi/6.3.1/armv7e-m/fpu\libgcc.a(_dvmd_tls.o)
 .ARM.attributes
                0x00000bbe       0x34 c:/program files (x86)/atollic/truestudio for stm32 9.0.1/armtools/bin/../lib/gcc/arm-atollic-eabi/6.3.1/../../../../arm-atollic-eabi/lib/armv7e-m/fpu\libnosys.a(sbrk.o)
 .ARM.attributes
                0x00000bf2       0x22 c:/program files (x86)/atollic/truestudio for stm32 9.0.1/armtools/bin/../lib/gcc/arm-atollic-eabi/6.3.1/armv7e-m/fpu/crtn.o
OUTPUT(coba_udp.elf elf32-littlearm)

.debug_info     0x00000000    0x31df9
 .debug_info    0x00000000     0x1100 Drivers\STM32F4xx_HAL_Driver\Src\stm32f4xx_hal.o
 .debug_info    0x00001100     0x1744 Drivers\STM32F4xx_HAL_Driver\Src\stm32f4xx_hal_cortex.o
 .debug_info    0x00002844     0x21b1 Drivers\STM32F4xx_HAL_Driver\Src\stm32f4xx_hal_eth.o
 .debug_info    0x000049f5      0xf88 Drivers\STM32F4xx_HAL_Driver\Src\stm32f4xx_hal_gpio.o
 .debug_info    0x0000597d     0x123c Drivers\STM32F4xx_HAL_Driver\Src\stm32f4xx_hal_rcc.o
 .debug_info    0x00006bb9     0x3ba2 Drivers\STM32F4xx_HAL_Driver\Src\stm32f4xx_hal_tim.o
 .debug_info    0x0000a75b     0x19a5 Drivers\STM32F4xx_HAL_Driver\Src\stm32f4xx_hal_tim_ex.o
 .debug_info    0x0000c100      0xc03 Middlewares\Third_Party\LwIP\src\core\def.o
 .debug_info    0x0000cd03     0x154b Middlewares\Third_Party\LwIP\src\core\init.o
 .debug_info    0x0000e24e      0xdd4 Middlewares\Third_Party\LwIP\src\core\ip.o
 .debug_info    0x0000f022     0x1b06 Middlewares\Third_Party\LwIP\src\core\ipv4\etharp.o
 .debug_info    0x00010b28     0x1321 Middlewares\Third_Party\LwIP\src\core\ipv4\icmp.o
 .debug_info    0x00011e49     0x1a8d Middlewares\Third_Party\LwIP\src\core\ipv4\ip4.o
 .debug_info    0x000138d6      0xfb6 Middlewares\Third_Party\LwIP\src\core\ipv4\ip4_addr.o
 .debug_info    0x0001488c     0x195c Middlewares\Third_Party\LwIP\src\core\ipv4\ip4_frag.o
 .debug_info    0x000161e8      0xdf4 Middlewares\Third_Party\LwIP\src\core\mem.o
 .debug_info    0x00016fdc     0x19af Middlewares\Third_Party\LwIP\src\core\memp.o
 .debug_info    0x0001898b     0x1c74 Middlewares\Third_Party\LwIP\src\core\netif.o
 .debug_info    0x0001a5ff     0x23cc Middlewares\Third_Party\LwIP\src\core\pbuf.o
 .debug_info    0x0001c9cb     0x2af3 Middlewares\Third_Party\LwIP\src\core\tcp.o
 .debug_info    0x0001f4be     0x2266 Middlewares\Third_Party\LwIP\src\core\tcp_in.o
 .debug_info    0x00021724     0x25d5 Middlewares\Third_Party\LwIP\src\core\tcp_out.o
 .debug_info    0x00023cf9     0x1459 Middlewares\Third_Party\LwIP\src\core\timeouts.o
 .debug_info    0x00025152     0x1845 Middlewares\Third_Party\LwIP\src\core\udp.o
 .debug_info    0x00026997     0x1184 Middlewares\Third_Party\LwIP\src\netif\ethernet.o
 .debug_info    0x00027b1b     0x1e51 Src\ethernetif.o
 .debug_info    0x0002996c     0x155f Src\lwip.o
 .debug_info    0x0002aecb     0x2561 Src\main.o
 .debug_info    0x0002d42c     0x19f1 Src\net.o
 .debug_info    0x0002ee1d     0x137f Src\stm32f4xx_hal_msp.o
 .debug_info    0x0003019c      0xecc Src\stm32f4xx_it.o
 .debug_info    0x00031068      0xd1c Src\system_stm32f4xx.o
 .debug_info    0x00031d84       0x75 startup\startup_stm32f407xx.o

.debug_abbrev   0x00000000     0x635c
 .debug_abbrev  0x00000000      0x2cf Drivers\STM32F4xx_HAL_Driver\Src\stm32f4xx_hal.o
 .debug_abbrev  0x000002cf      0x399 Drivers\STM32F4xx_HAL_Driver\Src\stm32f4xx_hal_cortex.o
 .debug_abbrev  0x00000668      0x428 Drivers\STM32F4xx_HAL_Driver\Src\stm32f4xx_hal_eth.o
 .debug_abbrev  0x00000a90      0x268 Drivers\STM32F4xx_HAL_Driver\Src\stm32f4xx_hal_gpio.o
 .debug_abbrev  0x00000cf8      0x348 Drivers\STM32F4xx_HAL_Driver\Src\stm32f4xx_hal_rcc.o
 .debug_abbrev  0x00001040      0x3ac Drivers\STM32F4xx_HAL_Driver\Src\stm32f4xx_hal_tim.o
 .debug_abbrev  0x000013ec      0x300 Drivers\STM32F4xx_HAL_Driver\Src\stm32f4xx_hal_tim_ex.o
 .debug_abbrev  0x000016ec      0x244 Middlewares\Third_Party\LwIP\src\core\def.o
 .debug_abbrev  0x00001930      0x1f0 Middlewares\Third_Party\LwIP\src\core\init.o
 .debug_abbrev  0x00001b20      0x181 Middlewares\Third_Party\LwIP\src\core\ip.o
 .debug_abbrev  0x00001ca1      0x402 Middlewares\Third_Party\LwIP\src\core\ipv4\etharp.o
 .debug_abbrev  0x000020a3      0x329 Middlewares\Third_Party\LwIP\src\core\ipv4\icmp.o
 .debug_abbrev  0x000023cc      0x2af Middlewares\Third_Party\LwIP\src\core\ipv4\ip4.o
 .debug_abbrev  0x0000267b      0x2c1 Middlewares\Third_Party\LwIP\src\core\ipv4\ip4_addr.o
 .debug_abbrev  0x0000293c      0x3da Middlewares\Third_Party\LwIP\src\core\ipv4\ip4_frag.o
 .debug_abbrev  0x00002d16      0x2c7 Middlewares\Third_Party\LwIP\src\core\mem.o
 .debug_abbrev  0x00002fdd      0x314 Middlewares\Third_Party\LwIP\src\core\memp.o
 .debug_abbrev  0x000032f1      0x3bd Middlewares\Third_Party\LwIP\src\core\netif.o
 .debug_abbrev  0x000036ae      0x47e Middlewares\Third_Party\LwIP\src\core\pbuf.o
 .debug_abbrev  0x00003b2c      0x4f2 Middlewares\Third_Party\LwIP\src\core\tcp.o
 .debug_abbrev  0x0000401e      0x410 Middlewares\Third_Party\LwIP\src\core\tcp_in.o
 .debug_abbrev  0x0000442e      0x448 Middlewares\Third_Party\LwIP\src\core\tcp_out.o
 .debug_abbrev  0x00004876      0x1cf Middlewares\Third_Party\LwIP\src\core\timeouts.o
 .debug_abbrev  0x00004a45      0x3f1 Middlewares\Third_Party\LwIP\src\core\udp.o
 .debug_abbrev  0x00004e36      0x2b1 Middlewares\Third_Party\LwIP\src\netif\ethernet.o
 .debug_abbrev  0x000050e7      0x42c Src\ethernetif.o
 .debug_abbrev  0x00005513      0x26c Src\lwip.o
 .debug_abbrev  0x0000577f      0x325 Src\main.o
 .debug_abbrev  0x00005aa4      0x28a Src\net.o
 .debug_abbrev  0x00005d2e      0x221 Src\stm32f4xx_hal_msp.o
 .debug_abbrev  0x00005f4f      0x231 Src\stm32f4xx_it.o
 .debug_abbrev  0x00006180      0x1ca Src\system_stm32f4xx.o
 .debug_abbrev  0x0000634a       0x12 startup\startup_stm32f407xx.o

.debug_loc      0x00000000     0xdbae
 .debug_loc     0x00000000       0x69 Drivers\STM32F4xx_HAL_Driver\Src\stm32f4xx_hal.o
 .debug_loc     0x00000069      0x4fb Drivers\STM32F4xx_HAL_Driver\Src\stm32f4xx_hal_cortex.o
 .debug_loc     0x00000564      0xc76 Drivers\STM32F4xx_HAL_Driver\Src\stm32f4xx_hal_eth.o
 .debug_loc     0x000011da      0x3cd Drivers\STM32F4xx_HAL_Driver\Src\stm32f4xx_hal_gpio.o
 .debug_loc     0x000015a7      0x2d3 Drivers\STM32F4xx_HAL_Driver\Src\stm32f4xx_hal_rcc.o
 .debug_loc     0x0000187a     0x30b2 Drivers\STM32F4xx_HAL_Driver\Src\stm32f4xx_hal_tim.o
 .debug_loc     0x0000492c      0x84a Drivers\STM32F4xx_HAL_Driver\Src\stm32f4xx_hal_tim_ex.o
 .debug_loc     0x00005176      0x40d Middlewares\Third_Party\LwIP\src\core\def.o
 .debug_loc     0x00005583      0xc48 Middlewares\Third_Party\LwIP\src\core\ipv4\etharp.o
 .debug_loc     0x000061cb      0x2a5 Middlewares\Third_Party\LwIP\src\core\ipv4\icmp.o
 .debug_loc     0x00006470      0x475 Middlewares\Third_Party\LwIP\src\core\ipv4\ip4.o
 .debug_loc     0x000068e5      0x4ed Middlewares\Third_Party\LwIP\src\core\ipv4\ip4_addr.o
 .debug_loc     0x00006dd2      0xbc7 Middlewares\Third_Party\LwIP\src\core\ipv4\ip4_frag.o
 .debug_loc     0x00007999      0x361 Middlewares\Third_Party\LwIP\src\core\mem.o
 .debug_loc     0x00007cfa      0x17b Middlewares\Third_Party\LwIP\src\core\memp.o
 .debug_loc     0x00007e75      0x671 Middlewares\Third_Party\LwIP\src\core\netif.o
 .debug_loc     0x000084e6     0x1324 Middlewares\Third_Party\LwIP\src\core\pbuf.o
 .debug_loc     0x0000980a     0x13d2 Middlewares\Third_Party\LwIP\src\core\tcp.o
 .debug_loc     0x0000abdc      0x899 Middlewares\Third_Party\LwIP\src\core\tcp_in.o
 .debug_loc     0x0000b475     0x144f Middlewares\Third_Party\LwIP\src\core\tcp_out.o
 .debug_loc     0x0000c8c4      0x9b8 Middlewares\Third_Party\LwIP\src\core\udp.o
 .debug_loc     0x0000d27c      0x1a9 Middlewares\Third_Party\LwIP\src\netif\ethernet.o
 .debug_loc     0x0000d425      0x4fe Src\ethernetif.o
 .debug_loc     0x0000d923       0x2c Src\main.o
 .debug_loc     0x0000d94f       0xf6 Src\net.o
 .debug_loc     0x0000da45       0x4d Src\stm32f4xx_hal_msp.o
 .debug_loc     0x0000da92      0x11c Src\system_stm32f4xx.o

.debug_aranges  0x00000000      0xee0
 .debug_aranges
                0x00000000       0xc0 Drivers\STM32F4xx_HAL_Driver\Src\stm32f4xx_hal.o
 .debug_aranges
                0x000000c0       0xa8 Drivers\STM32F4xx_HAL_Driver\Src\stm32f4xx_hal_cortex.o
 .debug_aranges
                0x00000168       0xb0 Drivers\STM32F4xx_HAL_Driver\Src\stm32f4xx_hal_eth.o
 .debug_aranges
                0x00000218       0x58 Drivers\STM32F4xx_HAL_Driver\Src\stm32f4xx_hal_gpio.o
 .debug_aranges
                0x00000270       0x88 Drivers\STM32F4xx_HAL_Driver\Src\stm32f4xx_hal_rcc.o
 .debug_aranges
                0x000002f8      0x250 Drivers\STM32F4xx_HAL_Driver\Src\stm32f4xx_hal_tim.o
 .debug_aranges
                0x00000548       0xf0 Drivers\STM32F4xx_HAL_Driver\Src\stm32f4xx_hal_tim_ex.o
 .debug_aranges
                0x00000638       0x48 Middlewares\Third_Party\LwIP\src\core\def.o
 .debug_aranges
                0x00000680       0x20 Middlewares\Third_Party\LwIP\src\core\init.o
 .debug_aranges
                0x000006a0       0x18 Middlewares\Third_Party\LwIP\src\core\ip.o
 .debug_aranges
                0x000006b8       0x78 Middlewares\Third_Party\LwIP\src\core\ipv4\etharp.o
 .debug_aranges
                0x00000730       0x38 Middlewares\Third_Party\LwIP\src\core\ipv4\icmp.o
 .debug_aranges
                0x00000768       0x40 Middlewares\Third_Party\LwIP\src\core\ipv4\ip4.o
 .debug_aranges
                0x000007a8       0x48 Middlewares\Third_Party\LwIP\src\core\ipv4\ip4_addr.o
 .debug_aranges
                0x000007f0       0x48 Middlewares\Third_Party\LwIP\src\core\ipv4\ip4_frag.o
 .debug_aranges
                0x00000838       0x40 Middlewares\Third_Party\LwIP\src\core\mem.o
 .debug_aranges
                0x00000878       0x48 Middlewares\Third_Party\LwIP\src\core\memp.o
 .debug_aranges
                0x000008c0       0x90 Middlewares\Third_Party\LwIP\src\core\netif.o
 .debug_aranges
                0x00000950       0xe8 Middlewares\Third_Party\LwIP\src\core\pbuf.o
 .debug_aranges
                0x00000a38      0x158 Middlewares\Third_Party\LwIP\src\core\tcp.o
 .debug_aranges
                0x00000b90       0x48 Middlewares\Third_Party\LwIP\src\core\tcp_in.o
 .debug_aranges
                0x00000bd8       0x88 Middlewares\Third_Party\LwIP\src\core\tcp_out.o
 .debug_aranges
                0x00000c60       0x20 Middlewares\Third_Party\LwIP\src\core\timeouts.o
 .debug_aranges
                0x00000c80       0x88 Middlewares\Third_Party\LwIP\src\core\udp.o
 .debug_aranges
                0x00000d08       0x28 Middlewares\Third_Party\LwIP\src\netif\ethernet.o
 .debug_aranges
                0x00000d30       0x48 Src\ethernetif.o
 .debug_aranges
                0x00000d78       0x28 Src\lwip.o
 .debug_aranges
                0x00000da0       0x38 Src\main.o
 .debug_aranges
                0x00000dd8       0x38 Src\net.o
 .debug_aranges
                0x00000e10       0x30 Src\stm32f4xx_hal_msp.o
 .debug_aranges
                0x00000e40       0x50 Src\stm32f4xx_it.o
 .debug_aranges
                0x00000e90       0x28 Src\system_stm32f4xx.o
 .debug_aranges
                0x00000eb8       0x28 startup\startup_stm32f407xx.o

.debug_ranges   0x00000000     0x1600
 .debug_ranges  0x00000000       0xb0 Drivers\STM32F4xx_HAL_Driver\Src\stm32f4xx_hal.o
 .debug_ranges  0x000000b0      0x138 Drivers\STM32F4xx_HAL_Driver\Src\stm32f4xx_hal_cortex.o
 .debug_ranges  0x000001e8      0x108 Drivers\STM32F4xx_HAL_Driver\Src\stm32f4xx_hal_eth.o
 .debug_ranges  0x000002f0       0x68 Drivers\STM32F4xx_HAL_Driver\Src\stm32f4xx_hal_gpio.o
 .debug_ranges  0x00000358       0xc8 Drivers\STM32F4xx_HAL_Driver\Src\stm32f4xx_hal_rcc.o
 .debug_ranges  0x00000420      0x330 Drivers\STM32F4xx_HAL_Driver\Src\stm32f4xx_hal_tim.o
 .debug_ranges  0x00000750       0xe0 Drivers\STM32F4xx_HAL_Driver\Src\stm32f4xx_hal_tim_ex.o
 .debug_ranges  0x00000830       0x68 Middlewares\Third_Party\LwIP\src\core\def.o
 .debug_ranges  0x00000898       0x10 Middlewares\Third_Party\LwIP\src\core\init.o
 .debug_ranges  0x000008a8       0xe0 Middlewares\Third_Party\LwIP\src\core\ipv4\etharp.o
 .debug_ranges  0x00000988       0x40 Middlewares\Third_Party\LwIP\src\core\ipv4\icmp.o
 .debug_ranges  0x000009c8       0x68 Middlewares\Third_Party\LwIP\src\core\ipv4\ip4.o
 .debug_ranges  0x00000a30       0x38 Middlewares\Third_Party\LwIP\src\core\ipv4\ip4_addr.o
 .debug_ranges  0x00000a68       0xc8 Middlewares\Third_Party\LwIP\src\core\ipv4\ip4_frag.o
 .debug_ranges  0x00000b30       0x68 Middlewares\Third_Party\LwIP\src\core\mem.o
 .debug_ranges  0x00000b98       0x38 Middlewares\Third_Party\LwIP\src\core\memp.o
 .debug_ranges  0x00000bd0       0x98 Middlewares\Third_Party\LwIP\src\core\netif.o
 .debug_ranges  0x00000c68      0x120 Middlewares\Third_Party\LwIP\src\core\pbuf.o
 .debug_ranges  0x00000d88      0x2c8 Middlewares\Third_Party\LwIP\src\core\tcp.o
 .debug_ranges  0x00001050      0x100 Middlewares\Third_Party\LwIP\src\core\tcp_in.o
 .debug_ranges  0x00001150      0x160 Middlewares\Third_Party\LwIP\src\core\tcp_out.o
 .debug_ranges  0x000012b0       0x10 Middlewares\Third_Party\LwIP\src\core\timeouts.o
 .debug_ranges  0x000012c0       0xb8 Middlewares\Third_Party\LwIP\src\core\udp.o
 .debug_ranges  0x00001378       0x18 Middlewares\Third_Party\LwIP\src\netif\ethernet.o
 .debug_ranges  0x00001390       0xe8 Src\ethernetif.o
 .debug_ranges  0x00001478       0x18 Src\lwip.o
 .debug_ranges  0x00001490       0x98 Src\main.o
 .debug_ranges  0x00001528       0x28 Src\net.o
 .debug_ranges  0x00001550       0x38 Src\stm32f4xx_hal_msp.o
 .debug_ranges  0x00001588       0x40 Src\stm32f4xx_it.o
 .debug_ranges  0x000015c8       0x18 Src\system_stm32f4xx.o
 .debug_ranges  0x000015e0       0x20 startup\startup_stm32f407xx.o

.debug_line     0x00000000     0xbd7c
 .debug_line    0x00000000      0x43b Drivers\STM32F4xx_HAL_Driver\Src\stm32f4xx_hal.o
 .debug_line    0x0000043b      0x4dc Drivers\STM32F4xx_HAL_Driver\Src\stm32f4xx_hal_cortex.o
 .debug_line    0x00000917      0x9c0 Drivers\STM32F4xx_HAL_Driver\Src\stm32f4xx_hal_eth.o
 .debug_line    0x000012d7      0x47a Drivers\STM32F4xx_HAL_Driver\Src\stm32f4xx_hal_gpio.o
 .debug_line    0x00001751      0x57f Drivers\STM32F4xx_HAL_Driver\Src\stm32f4xx_hal_rcc.o
 .debug_line    0x00001cd0     0x117f Drivers\STM32F4xx_HAL_Driver\Src\stm32f4xx_hal_tim.o
 .debug_line    0x00002e4f      0x6cb Drivers\STM32F4xx_HAL_Driver\Src\stm32f4xx_hal_tim_ex.o
 .debug_line    0x0000351a      0x3a5 Middlewares\Third_Party\LwIP\src\core\def.o
 .debug_line    0x000038bf      0x406 Middlewares\Third_Party\LwIP\src\core\init.o
 .debug_line    0x00003cc5      0x3a6 Middlewares\Third_Party\LwIP\src\core\ip.o
 .debug_line    0x0000406b      0x6b5 Middlewares\Third_Party\LwIP\src\core\ipv4\etharp.o
 .debug_line    0x00004720      0x470 Middlewares\Third_Party\LwIP\src\core\ipv4\icmp.o
 .debug_line    0x00004b90      0x565 Middlewares\Third_Party\LwIP\src\core\ipv4\ip4.o
 .debug_line    0x000050f5      0x4c1 Middlewares\Third_Party\LwIP\src\core\ipv4\ip4_addr.o
 .debug_line    0x000055b6      0x620 Middlewares\Third_Party\LwIP\src\core\ipv4\ip4_frag.o
 .debug_line    0x00005bd6      0x474 Middlewares\Third_Party\LwIP\src\core\mem.o
 .debug_line    0x0000604a      0x4b6 Middlewares\Third_Party\LwIP\src\core\memp.o
 .debug_line    0x00006500      0x61d Middlewares\Third_Party\LwIP\src\core\netif.o
 .debug_line    0x00006b1d      0x82c Middlewares\Third_Party\LwIP\src\core\pbuf.o
 .debug_line    0x00007349      0xb46 Middlewares\Third_Party\LwIP\src\core\tcp.o
 .debug_line    0x00007e8f      0x906 Middlewares\Third_Party\LwIP\src\core\tcp_in.o
 .debug_line    0x00008795      0x812 Middlewares\Third_Party\LwIP\src\core\tcp_out.o
 .debug_line    0x00008fa7      0x3ea Middlewares\Third_Party\LwIP\src\core\timeouts.o
 .debug_line    0x00009391      0x691 Middlewares\Third_Party\LwIP\src\core\udp.o
 .debug_line    0x00009a22      0x495 Middlewares\Third_Party\LwIP\src\netif\ethernet.o
 .debug_line    0x00009eb7      0x632 Src\ethernetif.o
 .debug_line    0x0000a4e9      0x4ab Src\lwip.o
 .debug_line    0x0000a994      0x5c9 Src\main.o
 .debug_line    0x0000af5d      0x4f9 Src\net.o
 .debug_line    0x0000b456      0x2fa Src\stm32f4xx_hal_msp.o
 .debug_line    0x0000b750      0x338 Src\stm32f4xx_it.o
 .debug_line    0x0000ba88      0x275 Src\system_stm32f4xx.o
 .debug_line    0x0000bcfd       0x7f startup\startup_stm32f407xx.o

.debug_str      0x00000000     0x5e35
 .debug_str     0x00000000      0xe34 Drivers\STM32F4xx_HAL_Driver\Src\stm32f4xx_hal.o
                                0xf01 (size before relaxing)
 .debug_str     0x00000e34      0x3bf Drivers\STM32F4xx_HAL_Driver\Src\stm32f4xx_hal_cortex.o
                               0x108e (size before relaxing)
 .debug_str     0x000011f3      0xba8 Drivers\STM32F4xx_HAL_Driver\Src\stm32f4xx_hal_eth.o
                               0x1380 (size before relaxing)
 .debug_str     0x00001d9b      0x19a Drivers\STM32F4xx_HAL_Driver\Src\stm32f4xx_hal_gpio.o
                                0x964 (size before relaxing)
 .debug_str     0x00001f35      0x2bc Drivers\STM32F4xx_HAL_Driver\Src\stm32f4xx_hal_rcc.o
                                0xb1e (size before relaxing)
 .debug_str     0x000021f1     0x10ea Drivers\STM32F4xx_HAL_Driver\Src\stm32f4xx_hal_tim.o
                               0x1829 (size before relaxing)
 .debug_str     0x000032db      0x50d Drivers\STM32F4xx_HAL_Driver\Src\stm32f4xx_hal_tim_ex.o
                               0x10e9 (size before relaxing)
 .debug_str     0x000037e8       0xea Middlewares\Third_Party\LwIP\src\core\def.o
                                0x73a (size before relaxing)
 .debug_str     0x000038d2      0x598 Middlewares\Third_Party\LwIP\src\core\init.o
                                0xcf4 (size before relaxing)
 .debug_str     0x00003e6a       0xa9 Middlewares\Third_Party\LwIP\src\core\ip.o
                                0x92b (size before relaxing)
 .debug_str     0x00003f13      0x59a Middlewares\Third_Party\LwIP\src\core\ipv4\etharp.o
                                0xe0e (size before relaxing)
 .debug_str     0x000044ad      0x15d Middlewares\Third_Party\LwIP\src\core\ipv4\icmp.o
                                0xb53 (size before relaxing)
 .debug_str     0x0000460a       0xdd Middlewares\Third_Party\LwIP\src\core\ipv4\ip4.o
                                0xf0c (size before relaxing)
 .debug_str     0x000046e7       0x9f Middlewares\Third_Party\LwIP\src\core\ipv4\ip4_addr.o
                                0x8ff (size before relaxing)
 .debug_str     0x00004786      0x2ef Middlewares\Third_Party\LwIP\src\core\ipv4\ip4_frag.o
                                0xdbe (size before relaxing)
 .debug_str     0x00004a75       0xbb Middlewares\Third_Party\LwIP\src\core\mem.o
                                0x87d (size before relaxing)
 .debug_str     0x00004b30      0x242 Middlewares\Third_Party\LwIP\src\core\memp.o
                                0xfac (size before relaxing)
 .debug_str     0x00004d72      0x174 Middlewares\Third_Party\LwIP\src\core\netif.o
                                0xf37 (size before relaxing)
 .debug_str     0x00004ee6      0x279 Middlewares\Third_Party\LwIP\src\core\pbuf.o
                               0x1151 (size before relaxing)
 .debug_str     0x0000515f      0x48a Middlewares\Third_Party\LwIP\src\core\tcp.o
                               0x1289 (size before relaxing)
 .debug_str     0x000055e9      0x1ba Middlewares\Third_Party\LwIP\src\core\tcp_in.o
                               0x10a1 (size before relaxing)
 .debug_str     0x000057a3      0x14c Middlewares\Third_Party\LwIP\src\core\tcp_out.o
                               0x1094 (size before relaxing)
 .debug_str     0x000058ef       0x34 Middlewares\Third_Party\LwIP\src\core\timeouts.o
                                0xd24 (size before relaxing)
 .debug_str     0x00005923      0x136 Middlewares\Third_Party\LwIP\src\core\udp.o
                                0xd10 (size before relaxing)
 .debug_str     0x00005a59       0x81 Middlewares\Third_Party\LwIP\src\netif\ethernet.o
                                0xb98 (size before relaxing)
 .debug_str     0x00005ada      0x116 Src\ethernetif.o
                               0x120d (size before relaxing)
 .debug_str     0x00005bf0       0x5d Src\lwip.o
                                0xe2c (size before relaxing)
 .debug_str     0x00005c4d       0x7b Src\main.o
                               0x1c56 (size before relaxing)
 .debug_str     0x00005cc8       0x4d Src\net.o
                               0x10c0 (size before relaxing)
 .debug_str     0x00005d15       0x25 Src\stm32f4xx_hal_msp.o
                               0x10d6 (size before relaxing)
 .debug_str     0x00005d3a       0xb6 Src\stm32f4xx_it.o
                                0xb21 (size before relaxing)
 .debug_str     0x00005df0       0x45 Src\system_stm32f4xx.o
                                0x7c8 (size before relaxing)

.comment        0x00000000       0x7c
 .comment       0x00000000       0x7c Drivers\STM32F4xx_HAL_Driver\Src\stm32f4xx_hal.o
                                 0x7d (size before relaxing)
 .comment       0x0000007c       0x7d Drivers\STM32F4xx_HAL_Driver\Src\stm32f4xx_hal_cortex.o
 .comment       0x0000007c       0x7d Drivers\STM32F4xx_HAL_Driver\Src\stm32f4xx_hal_eth.o
 .comment       0x0000007c       0x7d Drivers\STM32F4xx_HAL_Driver\Src\stm32f4xx_hal_gpio.o
 .comment       0x0000007c       0x7d Drivers\STM32F4xx_HAL_Driver\Src\stm32f4xx_hal_rcc.o