tm_stm32_delay.h:184:22:Delay	24	static
tm_stm32_hd44780.c:251:13:TM_HD44780_Cmd4bit	8	static
tm_stm32_hd44780.c:231:13:TM_HD44780_Cmd	8	static
tm_stm32_hd44780.c:260:13:TM_HD44780_CursorSet	8	static
tm_stm32_hd44780.c:241:13:TM_HD44780_Data	8	static
tm_stm32_hd44780.c:150:6:TM_HD44780_Clear	8	static
tm_stm32_hd44780.c:155:6:TM_HD44780_Puts	16	static
tm_stm32_hd44780.c:176:6:TM_HD44780_DisplayOn	0	static
tm_stm32_hd44780.c:93:6:TM_HD44780_Init	32	static
tm_stm32_hd44780.c:181:6:TM_HD44780_DisplayOff	0	static
tm_stm32_hd44780.c:186:6:TM_HD44780_BlinkOn	0	static
tm_stm32_hd44780.c:191:6:TM_HD44780_BlinkOff	0	static
tm_stm32_hd44780.c:196:6:TM_HD44780_CursorOn	0	static
tm_stm32_hd44780.c:201:6:TM_HD44780_CursorOff	0	static
tm_stm32_hd44780.c:206:6:TM_HD44780_ScrollLeft	0	static
tm_stm32_hd44780.c:210:6:TM_HD44780_ScrollRight	0	static
tm_stm32_hd44780.c:214:6:TM_HD44780_CreateChar	16	static
tm_stm32_hd44780.c:225:6:TM_HD44780_PutCustom	8	static
