pbuf.c:1094:1:pbuf_skip_const	0	static
pbuf.c:559:1:pbuf_header_impl.part.0	12	static
pbuf.c:165:1:pbuf_free_ooseq	8	static
pbuf.c:415:1:pbuf_alloced_custom	16	static
pbuf.c:655:1:pbuf_header	0	static
pbuf.c:665:1:pbuf_header_force	0	static
pbuf.c:705:1:pbuf_free	16	static
pbuf.c:248:1:pbuf_alloc	32	static
pbuf.c:483:1:pbuf_realloc	16	static
pbuf.c:790:1:pbuf_clen	0	static
pbuf.c:810:1:pbuf_ref	0	static
pbuf.c:829:1:pbuf_cat	8	static
pbuf.c:871:1:pbuf_chain	8	static
pbuf.c:888:1:pbuf_dechain	8	static
pbuf.c:937:1:pbuf_copy	24	static
pbuf.c:1004:1:pbuf_copy_partial	24	static
pbuf.c:1120:1:pbuf_skip	0	static
pbuf.c:1137:1:pbuf_take	24	static
pbuf.c:1181:1:pbuf_take_at	32	static
pbuf.c:1217:1:pbuf_coalesce	16	static
pbuf.c:1304:1:pbuf_try_get_at	16	static
pbuf.c:1286:1:pbuf_get_at	8	static
pbuf.c:1326:1:pbuf_put_at	16	static
pbuf.c:1349:1:pbuf_memcmp	32	static
pbuf.c:1391:1:pbuf_memfind	24	static
pbuf.c:1418:1:pbuf_strstr	16	static
