tcp.c:783:1:tcp_new_port	20	static
tcp.c:139:1:tcp_init	0	static
tcp.c:540:1:tcp_bind	24	static
tcp.c:642:1:tcp_listen_with_backlog	16	static
tcp.c:704:1:tcp_update_rcv_ann_wnd	12	static
tcp.c:739:1:tcp_recved	8	static
tcp.c:1234:1:tcp_txnow	8	static
tcp.c:1326:1:tcp_seg_free	8	static
tcp.c:1311:1:tcp_segs_free	8	static
tcp.c:1346:1:tcp_setprio	0	static
tcp.c:1360:1:tcp_seg_copy	16	static
tcp.c:1635:1:tcp_arg	0	static
tcp.c:1654:1:tcp_recv	0	static
tcp.c:1671:1:tcp_sent	0	static
tcp.c:1691:1:tcp_err	0	static
tcp.c:1709:1:tcp_accept	0	static
tcp.c:1727:1:tcp_poll	0	static
tcp.c:1745:1:tcp_pcb_purge	16	static
tcp.c:931:1:tcp_slowtmr	56	static
tcp.c:1794:1:tcp_pcb_remove	8	static
tcp.c:259:1:tcp_close_shutdown	24	static
tcp.c:379:1:tcp_close	0	static
tcp.c:1380:1:tcp_recv_null	8	static
tcp.c:1247:1:tcp_process_refused_data	24	static
tcp.c:1193:1:tcp_fasttmr	32	static
tcp.c:150:1:tcp_tmr	8	static
tcp.c:406:1:tcp_shutdown	16	static
tcp.c:450:1:tcp_abandon	40	static
tcp.c:519:1:tcp_abort	0	static
tcp.c:615:1:tcp_accept_null	8	static
tcp.c:1905:1:tcp_netif_ip_addr_changed_pcblist	16	static
tcp.c:1431:1:tcp_kill_state	8	static
tcp.c:1829:1:tcp_next_iss	0	static
tcp.c:1491:1:tcp_alloc	24	static
tcp.c:1594:1:tcp_new	0	static
tcp.c:1611:1:tcp_new_ip_type	0	static
tcp.c:1844:1:tcp_eff_send_mss_impl	8	static
tcp.c:822:1:tcp_connect	24	static
tcp.c:1934:1:tcp_netif_ip_addr_changed	16	static
tcp.c:1958:1:tcp_debug_state_str	0	static
