Archive member included to satisfy reference by file (symbol)

c:/program files (x86)/atollic/truestudio for stm32 9.0.1/armtools/bin/../lib/gcc/arm-atollic-eabi/6.3.1/../../../../arm-atollic-eabi/lib/armv7e-m/fpu\libc_nano.a(lib_a-init.o)
                              startup\startup_stm32f407xx.o (__libc_init_array)
c:/program files (x86)/atollic/truestudio for stm32 9.0.1/armtools/bin/../lib/gcc/arm-atollic-eabi/6.3.1/../../../../arm-atollic-eabi/lib/armv7e-m/fpu\libc_nano.a(lib_a-sprintf.o)
                              Src\STM_MY_LCD16X2.o (sprintf)
c:/program files (x86)/atollic/truestudio for stm32 9.0.1/armtools/bin/../lib/gcc/arm-atollic-eabi/6.3.1/../../../../arm-atollic-eabi/lib/armv7e-m/fpu\libc_nano.a(lib_a-impure.o)
                              c:/program files (x86)/atollic/truestudio for stm32 9.0.1/armtools/bin/../lib/gcc/arm-atollic-eabi/6.3.1/../../../../arm-atollic-eabi/lib/armv7e-m/fpu\libc_nano.a(lib_a-sprintf.o) (_impure_ptr)
c:/program files (x86)/atollic/truestudio for stm32 9.0.1/armtools/bin/../lib/gcc/arm-atollic-eabi/6.3.1/../../../../arm-atollic-eabi/lib/armv7e-m/fpu\libc_nano.a(lib_a-nano-svfprintf.o)
                              c:/program files (x86)/atollic/truestudio for stm32 9.0.1/armtools/bin/../lib/gcc/arm-atollic-eabi/6.3.1/../../../../arm-atollic-eabi/lib/armv7e-m/fpu\libc_nano.a(lib_a-sprintf.o) (_svfprintf_r)
c:/program files (x86)/atollic/truestudio for stm32 9.0.1/armtools/bin/../lib/gcc/arm-atollic-eabi/6.3.1/../../../../arm-atollic-eabi/lib/armv7e-m/fpu\libc_nano.a(lib_a-nano-vfprintf_i.o)
                              c:/program files (x86)/atollic/truestudio for stm32 9.0.1/armtools/bin/../lib/gcc/arm-atollic-eabi/6.3.1/../../../../arm-atollic-eabi/lib/armv7e-m/fpu\libc_nano.a(lib_a-nano-svfprintf.o) (_printf_i)
c:/program files (x86)/atollic/truestudio for stm32 9.0.1/armtools/bin/../lib/gcc/arm-atollic-eabi/6.3.1/../../../../arm-atollic-eabi/lib/armv7e-m/fpu\libc_nano.a(lib_a-memchr.o)
                              c:/program files (x86)/atollic/truestudio for stm32 9.0.1/armtools/bin/../lib/gcc/arm-atollic-eabi/6.3.1/../../../../arm-atollic-eabi/lib/armv7e-m/fpu\libc_nano.a(lib_a-nano-svfprintf.o) (memchr)
c:/program files (x86)/atollic/truestudio for stm32 9.0.1/armtools/bin/../lib/gcc/arm-atollic-eabi/6.3.1/../../../../arm-atollic-eabi/lib/armv7e-m/fpu\libc_nano.a(lib_a-memcpy-stub.o)
                              c:/program files (x86)/atollic/truestudio for stm32 9.0.1/armtools/bin/../lib/gcc/arm-atollic-eabi/6.3.1/../../../../arm-atollic-eabi/lib/armv7e-m/fpu\libc_nano.a(lib_a-nano-svfprintf.o) (memcpy)
c:/program files (x86)/atollic/truestudio for stm32 9.0.1/armtools/bin/../lib/gcc/arm-atollic-eabi/6.3.1/../../../../arm-atollic-eabi/lib/armv7e-m/fpu\libc_nano.a(lib_a-memmove.o)
                              c:/program files (x86)/atollic/truestudio for stm32 9.0.1/armtools/bin/../lib/gcc/arm-atollic-eabi/6.3.1/../../../../arm-atollic-eabi/lib/armv7e-m/fpu\libc_nano.a(lib_a-nano-svfprintf.o) (memmove)
c:/program files (x86)/atollic/truestudio for stm32 9.0.1/armtools/bin/../lib/gcc/arm-atollic-eabi/6.3.1/../../../../arm-atollic-eabi/lib/armv7e-m/fpu\libc_nano.a(lib_a-nano-freer.o)
                              c:/program files (x86)/atollic/truestudio for stm32 9.0.1/armtools/bin/../lib/gcc/arm-atollic-eabi/6.3.1/../../../../arm-atollic-eabi/lib/armv7e-m/fpu\libc_nano.a(lib_a-nano-svfprintf.o) (_free_r)
c:/program files (x86)/atollic/truestudio for stm32 9.0.1/armtools/bin/../lib/gcc/arm-atollic-eabi/6.3.1/../../../../arm-atollic-eabi/lib/armv7e-m/fpu\libc_nano.a(lib_a-nano-mallocr.o)
                              c:/program files (x86)/atollic/truestudio for stm32 9.0.1/armtools/bin/../lib/gcc/arm-atollic-eabi/6.3.1/../../../../arm-atollic-eabi/lib/armv7e-m/fpu\libc_nano.a(lib_a-nano-svfprintf.o) (_malloc_r)
c:/program files (x86)/atollic/truestudio for stm32 9.0.1/armtools/bin/../lib/gcc/arm-atollic-eabi/6.3.1/../../../../arm-atollic-eabi/lib/armv7e-m/fpu\libc_nano.a(lib_a-nano-reallocr.o)
                              c:/program files (x86)/atollic/truestudio for stm32 9.0.1/armtools/bin/../lib/gcc/arm-atollic-eabi/6.3.1/../../../../arm-atollic-eabi/lib/armv7e-m/fpu\libc_nano.a(lib_a-nano-svfprintf.o) (_realloc_r)
c:/program files (x86)/atollic/truestudio for stm32 9.0.1/armtools/bin/../lib/gcc/arm-atollic-eabi/6.3.1/../../../../arm-atollic-eabi/lib/armv7e-m/fpu\libc_nano.a(lib_a-sbrkr.o)
                              c:/program files (x86)/atollic/truestudio for stm32 9.0.1/armtools/bin/../lib/gcc/arm-atollic-eabi/6.3.1/../../../../arm-atollic-eabi/lib/armv7e-m/fpu\libc_nano.a(lib_a-nano-mallocr.o) (_sbrk_r)
c:/program files (x86)/atollic/truestudio for stm32 9.0.1/armtools/bin/../lib/gcc/arm-atollic-eabi/6.3.1/../../../../arm-atollic-eabi/lib/armv7e-m/fpu\libc_nano.a(lib_a-mlock.o)
[...]
Memory Configuration

Name             Origin             Length             Attributes
RAM              0x20000000         0x00020000         xrw
CCMRAM           0x10000000         0x00010000         rw
FLASH            0x08000000         0x00100000         xr
*default*        0x00000000         0xffffffff

Linker script and memory map

LOAD c:/program files (x86)/atollic/truestudio for stm32 9.0.1/armtools/bin/../lib/gcc/arm-atollic-eabi/6.3.1/armv7e-m/fpu/crti.o
LOAD c:/program files (x86)/atollic/truestudio for stm32 9.0.1/armtools/bin/../lib/gcc/arm-atollic-eabi/6.3.1/armv7e-m/fpu/crtbegin.o
LOAD Drivers\STM32F4xx_HAL_Driver\Src\stm32f4xx_hal.o
LOAD Drivers\STM32F4xx_HAL_Driver\Src\stm32f4xx_hal_cortex.o
LOAD Drivers\STM32F4xx_HAL_Driver\Src\stm32f4xx_hal_dma.o
LOAD Drivers\STM32F4xx_HAL_Driver\Src\stm32f4xx_hal_dma_ex.o
LOAD Drivers\STM32F4xx_HAL_Driver\Src\stm32f4xx_hal_flash.o
LOAD Drivers\STM32F4xx_HAL_Driver\Src\stm32f4xx_hal_flash_ex.o
LOAD Drivers\STM32F4xx_HAL_Driver\Src\stm32f4xx_hal_flash_ramfunc.o
LOAD Drivers\STM32F4xx_HAL_Driver\Src\stm32f4xx_hal_gpio.o
LOAD Drivers\STM32F4xx_HAL_Driver\Src\stm32f4xx_hal_pwr.o
LOAD Drivers\STM32F4xx_HAL_Driver\Src\stm32f4xx_hal_pwr_ex.o
LOAD Drivers\STM32F4xx_HAL_Driver\Src\stm32f4xx_hal_rcc.o
LOAD Drivers\STM32F4xx_HAL_Driver\Src\stm32f4xx_hal_rcc_ex.o
LOAD Drivers\STM32F4xx_HAL_Driver\Src\stm32f4xx_hal_tim.o
LOAD Drivers\STM32F4xx_HAL_Driver\Src\stm32f4xx_hal_tim_ex.o
LOAD Src\STM_MY_LCD16X2.o
LOAD Src\main.o
LOAD Src\stm32f4xx_hal_msp.o
LOAD Src\stm32f4xx_it.o
LOAD Src\system_stm32f4xx.o
LOAD startup\startup_stm32f407xx.o
                0x00000080                malloc_getpagesize_P = 0x80
START GROUP
LOAD c:/program files (x86)/atollic/truestudio for stm32 9.0.1/armtools/bin/../lib/gcc/arm-atollic-eabi/6.3.1/../../../../arm-atollic-eabi/lib/armv7e-m/fpu\libc_nano.a
LOAD c:/program files (x86)/atollic/truestudio for stm32 9.0.1/armtools/bin/../lib/gcc/arm-atollic-eabi/6.3.1/../../../../arm-atollic-eabi/lib/armv7e-m/fpu\libm.a
END GROUP
START GROUP
LOAD c:/program files (x86)/atollic/truestudio for stm32 9.0.1/armtools/bin/../lib/gcc/arm-atollic-eabi/6.3.1/armv7e-m/fpu\libgcc.a
LOAD c:/program files (x86)/atollic/truestudio for stm32 9.0.1/armtools/bin/../lib/gcc/arm-atollic-eabi/6.3.1/../../../../arm-atollic-eabi/lib/armv7e-m/fpu\libc_nano.a
END GROUP
START GROUP
LOAD c:/program files (x86)/atollic/truestudio for stm32 9.0.1/armtools/bin/../lib/gcc/arm-atollic-eabi/6.3.1/armv7e-m/fpu\libgcc.a
LOAD c:/program files (x86)/atollic/truestudio for stm32 9.0.1/armtools/bin/../lib/gcc/arm-atollic-eabi/6.3.1/../../../../arm-atollic-eabi/lib/armv7e-m/fpu\libc_nano.a
LOAD c:/program files (x86)/atollic/truestudio for stm32 9.0.1/armtools/bin/../lib/gcc/arm-atollic-eabi/6.3.1/../../../../arm-atollic-eabi/lib/armv7e-m/fpu\libnosys.a
END GROUP
START GROUP
LOAD c:/program files (x86)/atollic/truestudio for stm32 9.0.1/armtools/bin/../lib/gcc/arm-atollic-eabi/6.3.1/armv7e-m/fpu\libgcc.a
LOAD c:/program files (x86)/atollic/truestudio for stm32 9.0.1/armtools/bin/../lib/gcc/arm-atollic-eabi/6.3.1/../../../../arm-atollic-eabi/lib/armv7e-m/fpu\libc_nano.a
LOAD c:/program files (x86)/atollic/truestudio for stm32 9.0.1/armtools/bin/../lib/gcc/arm-atollic-eabi/6.3.1/../../../../arm-atollic-eabi/lib/armv7e-m/fpu\libnosys.a
END GROUP
LOAD c:/program files (x86)/atollic/truestudio for stm32 9.0.1/armtools/bin/../lib/gcc/arm-atollic-eabi/6.3.1/armv7e-m/fpu/crtend.o
LOAD c:/program files (x86)/atollic/truestudio for stm32 9.0.1/armtools/bin/../lib/gcc/arm-atollic-eabi/6.3.1/armv7e-m/fpu/crtn.o
                0x20020000                _estack = 0x20020000
                0x00000200                _Min_Heap_Size = 0x200
                0x00000400                _Min_Stack_Size = 0x400

.isr_vector     0x08000000      0x188
                0x08000000                . = ALIGN (0x4)
 *(.isr_vector)
 .isr_vector    0x08000000      0x188 startup\startup_stm32f407xx.o
                0x08000000                g_pfnVectors
                0x08000188                . = ALIGN (0x4)

.text           0x08000188     0x1a10
                0x08000188                . = ALIGN (0x4)
 *(.text)
 .text          0x08000188       0x40 c:/program files (x86)/atollic/truestudio for stm32 9.0.1/armtools/bin/../lib/gcc/arm-atollic-eabi/6.3.1/armv7e-m/fpu/crtbegin.o
 .text          0x080001c8      0x370 c:/program files (x86)/atollic/truestudio for stm32 9.0.1/armtools/bin/../lib/gcc/arm-atollic-eabi/6.3.1/armv7e-m/fpu\libgcc.a(_arm_addsubdf3.o)
                0x080001c8                __aeabi_drsub
                0x080001d0                __aeabi_dsub
                0x080001d0                __subdf3
                0x080001d4                __aeabi_dadd
                0x080001d4                __adddf3
                0x0800044c                __floatunsidf
                0x0800044c                __aeabi_ui2d
                0x0800046c                __floatsidf
                0x0800046c                __aeabi_i2d
                0x08000490                __aeabi_f2d
                0x08000490                __extendsfdf2
                0x080004cc                __floatundidf
                0x080004cc                __aeabi_ul2d
                0x080004dc                __floatdidf
                0x080004dc                __aeabi_l2d
 .text          0x08000538      0x424 c:/program files (x86)/atollic/truestudio for stm32 9.0.1/armtools/bin/../lib/gcc/arm-atollic-eabi/6.3.1/armv7e-m/fpu\libgcc.a(_arm_muldivdf3.o)
                0x08000538                __aeabi_dmul
                0x08000538                __muldf3
                0x0800078c                __divdf3
                0x0800078c                __aeabi_ddiv
 .text          0x0800095c       0x40 c:/program files (x86)/atollic/truestudio for stm32 9.0.1/armtools/bin/../lib/gcc/arm-atollic-eabi/6.3.1/armv7e-m/fpu\libgcc.a(_arm_fixunsdfsi.o)
                0x0800095c                __aeabi_d2uiz
                0x0800095c                __fixunsdfsi
 .text          0x0800099c       0x30 c:/program files (x86)/atollic/truestudio for stm32 9.0.1/armtools/bin/../lib/gcc/arm-atollic-eabi/6.3.1/armv7e-m/fpu\libgcc.a(_aeabi_uldivmod.o)
                0x0800099c                __aeabi_uldivmod
 .text          0x080009cc      0x2dc c:/program files (x86)/atollic/truestudio for stm32 9.0.1/armtools/bin/../lib/gcc/arm-atollic-eabi/6.3.1/armv7e-m/fpu\libgcc.a(_udivmoddi4.o)
                0x080009cc                __udivmoddi4
 .text          0x08000ca8        0x4 c:/program files (x86)/atollic/truestudio for stm32 9.0.1/armtools/bin/../lib/gcc/arm-atollic-eabi/6.3.1/armv7e-m/fpu\libgcc.a(_dvmd_tls.o)
                0x08000ca8                __aeabi_idiv0
                0x08000ca8                __aeabi_ldiv0
 *(.text*)
 .text.HAL_InitTick
                0x08000cac       0x28 Drivers\STM32F4xx_HAL_Driver\Src\stm32f4xx_hal.o
                0x08000cac                HAL_InitTick
 .text.HAL_Init
                0x08000cd4       0x34 Drivers\STM32F4xx_HAL_Driver\Src\stm32f4xx_hal.o
                0x08000cd4                HAL_Init
 .text.HAL_IncTick
                0x08000d08       0x10 Drivers\STM32F4xx_HAL_Driver\Src\stm32f4xx_hal.o
                0x08000d08                HAL_IncTick
 .text.HAL_GetTick
                0x08000d18        0xc Drivers\STM32F4xx_HAL_Driver\Src\stm32f4xx_hal.o
                0x08000d18                HAL_GetTick
 .text.HAL_Delay
                0x08000d24       0x20 Drivers\STM32F4xx_HAL_Driver\Src\stm32f4xx_hal.o
                0x08000d24                HAL_Delay
 .text.HAL_NVIC_SetPriorityGrouping
                0x08000d44       0x24 Drivers\STM32F4xx_HAL_Driver\Src\stm32f4xx_hal_cortex.o
                0x08000d44                HAL_NVIC_SetPriorityGrouping
 .text.HAL_NVIC_SetPriority
                0x08000d68       0x68 Drivers\STM32F4xx_HAL_Driver\Src\stm32f4xx_hal_cortex.o
                0x08000d68                HAL_NVIC_SetPriority
 .text.HAL_SYSTICK_Config
                0x08000dd0       0x2c Drivers\STM32F4xx_HAL_Driver\Src\stm32f4xx_hal_cortex.o
                0x08000dd0                HAL_SYSTICK_Config
 .text.HAL_SYSTICK_CLKSourceConfig
                0x08000dfc       0x18 Drivers\STM32F4xx_HAL_Driver\Src\stm32f4xx_hal_cortex.o
                0x08000dfc                HAL_SYSTICK_CLKSourceConfig
 .text.HAL_SYSTICK_Callback
                0x08000e14        0x2 Drivers\STM32F4xx_HAL_Driver\Src\stm32f4xx_hal_cortex.o
                0x08000e14                HAL_SYSTICK_Callback
 .text.HAL_SYSTICK_IRQHandler
                0x08000e16        0x8 Drivers\STM32F4xx_HAL_Driver\Src\stm32f4xx_hal_cortex.o
                0x08000e16                HAL_SYSTICK_IRQHandler
 *fill*         0x08000e1e        0x2 
 .text.HAL_GPIO_Init
                0x08000e20      0x1c0 Drivers\STM32F4xx_HAL_Driver\Src\stm32f4xx_hal_gpio.o
                0x08000e20                HAL_GPIO_Init
 .text.HAL_GPIO_WritePin
                0x08000fe0        0xa Drivers\STM32F4xx_HAL_Driver\Src\stm32f4xx_hal_gpio.o
                0x08000fe0                HAL_GPIO_WritePin
 *fill*         0x08000fea        0x2 
 .text.HAL_RCC_OscConfig
                0x08000fec      0x2ec Drivers\STM32F4xx_HAL_Driver\Src\stm32f4xx_hal_rcc.o
                0x08000fec                HAL_RCC_OscConfig
 .text.HAL_RCC_GetSysClockFreq
                0x080012d8       0x5c Drivers\STM32F4xx_HAL_Driver\Src\stm32f4xx_hal_rcc.o
                0x080012d8                HAL_RCC_GetSysClockFreq
 .text.HAL_RCC_ClockConfig
                0x08001334      0x134 Drivers\STM32F4xx_HAL_Driver\Src\stm32f4xx_hal_rcc.o
                0x08001334                HAL_RCC_ClockConfig
 .text.HAL_RCC_GetHCLKFreq
                0x08001468        0xc Drivers\STM32F4xx_HAL_Driver\Src\stm32f4xx_hal_rcc.o
                0x08001468                HAL_RCC_GetHCLKFreq
 .text.HAL_RCC_GetPCLK1Freq
                0x08001474       0x20 Drivers\STM32F4xx_HAL_Driver\Src\stm32f4xx_hal_rcc.o
                0x08001474                HAL_RCC_GetPCLK1Freq
 .text.HAL_RCC_GetClockConfig
                0x08001494       0x3c Drivers\STM32F4xx_HAL_Driver\Src\stm32f4xx_hal_rcc.o
                0x08001494                HAL_RCC_GetClockConfig
 .text.LCD1602_TIM_MicorSecDelay
                0x080014d0       0x24 Src\STM_MY_LCD16X2.o
 *fill*         0x080014f4        0x4 
 .text.LCD1602_TIM_Config
                0x080014f8       0x88 Src\STM_MY_LCD16X2.o
 .text.LCD1602_EnablePulse
                0x08001580       0x34 Src\STM_MY_LCD16X2.o
 .text.LCD1602_write
                0x080015b4      0x140 Src\STM_MY_LCD16X2.o
 .text.LCD1602_write4bitCommand
                0x080016f4       0x70 Src\STM_MY_LCD16X2.o
 .text.LCD1602_writeCommand
                0x08001764       0x24 Src\STM_MY_LCD16X2.o
 .text.LCD1602_Begin4BIT
                0x08001788       0xc8 Src\STM_MY_LCD16X2.o
                0x08001788                LCD1602_Begin4BIT
 .text.LCD1602_print
                0x08001850       0x38 Src\STM_MY_LCD16X2.o
                0x08001850                LCD1602_print
 .text.LCD1602_noCursor
                0x08001888       0x14 Src\STM_MY_LCD16X2.o
                0x08001888                LCD1602_noCursor
 .text.LCD1602_noBlink
                0x0800189c       0x14 Src\STM_MY_LCD16X2.o
                0x0800189c                LCD1602_noBlink
 .text.SystemClock_Config
                0x080018b0       0xac Src\main.o
                0x080018b0                SystemClock_Config
 .text.startup.main
                0x0800195c       0xbc Src\main.o
                0x0800195c                main
 .text.HAL_MspInit
                0x08001a18       0x60 Src\stm32f4xx_hal_msp.o
                0x08001a18                HAL_MspInit
 .text.NMI_Handler
                0x08001a78        0x2 Src\stm32f4xx_it.o
                0x08001a78                NMI_Handler
 .text.HardFault_Handler
                0x08001a7a        0x2 Src\stm32f4xx_it.o
                0x08001a7a                HardFault_Handler
 .text.MemManage_Handler
                0x08001a7c        0x2 Src\stm32f4xx_it.o
                0x08001a7c                MemManage_Handler
 .text.BusFault_Handler
                0x08001a7e        0x2 Src\stm32f4xx_it.o
                0x08001a7e                BusFault_Handler
 .text.UsageFault_Handler
                0x08001a80        0x2 Src\stm32f4xx_it.o
                0x08001a80                UsageFault_Handler
 .text.SVC_Handler
                0x08001a82        0x2 Src\stm32f4xx_it.o
                0x08001a82                SVC_Handler
 .text.DebugMon_Handler
                0x08001a84        0x2 Src\stm32f4xx_it.o
                0x08001a84                DebugMon_Handler
 .text.PendSV_Handler
                0x08001a86        0x2 Src\stm32f4xx_it.o
                0x08001a86                PendSV_Handler
 .text.SysTick_Handler
                0x08001a88        0xe Src\stm32f4xx_it.o
                0x08001a88                SysTick_Handler
 *fill*         0x08001a96        0x2 
 .text.SystemInit
                0x08001a98       0x4c Src\system_stm32f4xx.o
                0x08001a98                SystemInit
 .text.Reset_Handler
                0x08001ae4       0x50 startup\startup_stm32f407xx.o
                0x08001ae4                Reset_Handler
 .text.Default_Handler
                0x08001b34        0x2 startup\startup_stm32f407xx.o
                0x08001b34                RTC_Alarm_IRQHandler
                0x08001b34                HASH_RNG_IRQHandler
                0x08001b34                EXTI2_IRQHandler
                0x08001b34                TIM8_CC_IRQHandler
                0x08001b34                TIM1_CC_IRQHandler
                0x08001b34                DMA2_Stream5_IRQHandler
                0x08001b34                DMA1_Stream5_IRQHandler
                0x08001b34                PVD_IRQHandler
                0x08001b34                SDIO_IRQHandler
                0x08001b34                TAMP_STAMP_IRQHandler
                0x08001b34                CAN2_RX1_IRQHandler
                0x08001b34                EXTI3_IRQHandler
                0x08001b34                TIM8_TRG_COM_TIM14_IRQHandler
                0x08001b34                TIM1_UP_TIM10_IRQHandler
                0x08001b34                TIM8_UP_TIM13_IRQHandler
                0x08001b34                I2C3_ER_IRQHandler
                0x08001b34                EXTI0_IRQHandler
                0x08001b34                I2C2_EV_IRQHandler
                0x08001b34                DMA1_Stream2_IRQHandler
                0x08001b34                CAN1_RX0_IRQHandler
                0x08001b34                FPU_IRQHandler
                0x08001b34                OTG_HS_WKUP_IRQHandler
                0x08001b34                CAN2_SCE_IRQHandler
                0x08001b34                DMA2_Stream2_IRQHandler
                0x08001b34                SPI1_IRQHandler
                0x08001b34                TIM6_DAC_IRQHandler
                0x08001b34                TIM1_BRK_TIM9_IRQHandler
                0x08001b34                DCMI_IRQHandler
                0x08001b34                CAN2_RX0_IRQHandler
                0x08001b34                DMA2_Stream3_IRQHandler
                0x08001b34                USART6_IRQHandler
                0x08001b34                USART3_IRQHandler
                0x08001b34                CAN1_RX1_IRQHandler
                0x08001b34                UART5_IRQHandler
                0x08001b34                DMA2_Stream0_IRQHandler
                0x08001b34                TIM4_IRQHandler
                0x08001b34                I2C1_EV_IRQHandler
                0x08001b34                DMA1_Stream6_IRQHandler
                0x08001b34                DMA1_Stream1_IRQHandler
                0x08001b34                UART4_IRQHandler
                0x08001b34                TIM3_IRQHandler
                0x08001b34                RCC_IRQHandler
                0x08001b34                TIM8_BRK_TIM12_IRQHandler
                0x08001b34                Default_Handler
                0x08001b34                EXTI15_10_IRQHandler
                0x08001b34                ADC_IRQHandler
                0x08001b34                DMA1_Stream7_IRQHandler
                0x08001b34                TIM7_IRQHandler
                0x08001b34                CAN2_TX_IRQHandler
                0x08001b34                TIM5_IRQHandler
                0x08001b34                DMA2_Stream7_IRQHandler
                0x08001b34                I2C3_EV_IRQHandler
                0x08001b34                EXTI9_5_IRQHandler
                0x08001b34                RTC_WKUP_IRQHandler
                0x08001b34                ETH_WKUP_IRQHandler
                0x08001b34                SPI2_IRQHandler
                0x08001b34                OTG_HS_EP1_IN_IRQHandler
                0x08001b34                DMA1_Stream0_IRQHandler
                0x08001b34                CAN1_TX_IRQHandler
                0x08001b34                EXTI4_IRQHandler
                0x08001b34                FSMC_IRQHandler
                0x08001b34                ETH_IRQHandler
                0x08001b34                OTG_HS_EP1_OUT_IRQHandler
                0x08001b34                WWDG_IRQHandler
                0x08001b34                TIM2_IRQHandler
                0x08001b34                OTG_FS_WKUP_IRQHandler
                0x08001b34                TIM1_TRG_COM_TIM11_IRQHandler
                0x08001b34                OTG_HS_IRQHandler
                0x08001b34                EXTI1_IRQHandler
                0x08001b34                USART2_IRQHandler
                0x08001b34                I2C2_ER_IRQHandler
                0x08001b34                DMA2_Stream1_IRQHandler
                0x08001b34                CAN1_SCE_IRQHandler
                0x08001b34                FLASH_IRQHandler
                0x08001b34                DMA2_Stream4_IRQHandler
                0x08001b34                USART1_IRQHandler
                0x08001b34                OTG_FS_IRQHandler
                0x08001b34                SPI3_IRQHandler
                0x08001b34                DMA1_Stream4_IRQHandler
                0x08001b34                I2C1_ER_IRQHandler
                0x08001b34                DMA2_Stream6_IRQHandler
                0x08001b34                DMA1_Stream3_IRQHandler
 *fill*         0x08001b36        0x2 
 .text.__libc_init_array
                0x08001b38       0x48 c:/program files (x86)/atollic/truestudio for stm32 9.0.1/armtools/bin/../lib/gcc/arm-atollic-eabi/6.3.1/../../../../arm-atollic-eabi/lib/armv7e-m/fpu\libc_nano.a(lib_a-init.o)
                0x08001b38                __libc_init_array
 *(.glue_7)
 .glue_7        0x08001b80        0x0 linker stubs
 *(.glue_7t)
 .glue_7t       0x08001b80        0x0 linker stubs
 *(.eh_frame)
 .eh_frame      0x08001b80        0x0 c:/program files (x86)/atollic/truestudio for stm32 9.0.1/armtools/bin/../lib/gcc/arm-atollic-eabi/6.3.1/armv7e-m/fpu/crtbegin.o
 *(.init)
 .init          0x08001b80        0x4 c:/program files (x86)/atollic/truestudio for stm32 9.0.1/armtools/bin/../lib/gcc/arm-atollic-eabi/6.3.1/armv7e-m/fpu/crti.o
                0x08001b80                _init
 .init          0x08001b84        0x8 c:/program files (x86)/atollic/truestudio for stm32 9.0.1/armtools/bin/../lib/gcc/arm-atollic-eabi/6.3.1/armv7e-m/fpu/crtn.o
 *(.fini)
 .fini          0x08001b8c        0x4 c:/program files (x86)/atollic/truestudio for stm32 9.0.1/armtools/bin/../lib/gcc/arm-atollic-eabi/6.3.1/armv7e-m/fpu/crti.o
                0x08001b8c                _fini
 .fini          0x08001b90        0x8 c:/program files (x86)/atollic/truestudio for stm32 9.0.1/armtools/bin/../lib/gcc/arm-atollic-eabi/6.3.1/armv7e-m/fpu/crtn.o
                0x08001b98                . = ALIGN (0x4)
                0x08001b98                _etext = .

.vfp11_veneer   0x08001b98        0x0
 .vfp11_veneer  0x08001b98        0x0 linker stubs

.v4_bx          0x08001b98        0x0
 .v4_bx         0x08001b98        0x0 linker stubs

.iplt           0x08001b98        0x0
 .iplt          0x08001b98        0x0 c:/program files (x86)/atollic/truestudio for stm32 9.0.1/armtools/bin/../lib/gcc/arm-atollic-eabi/6.3.1/armv7e-m/fpu/crtbegin.o

.rodata         0x08001b98       0x24
                0x08001b98                . = ALIGN (0x4)
 *(.rodata)
 *(.rodata*)
 .rodata.main.str1.1
                0x08001b98        0xc Src\main.o
 .rodata.AHBPrescTable
                0x08001ba4       0x10 Src\system_stm32f4xx.o
                0x08001ba4                AHBPrescTable
 .rodata.APBPrescTable
                0x08001bb4        0x8 Src\system_stm32f4xx.o
                0x08001bb4                APBPrescTable
                0x08001bbc                . = ALIGN (0x4)

.ARM.extab
 *(.ARM.extab* .gnu.linkonce.armextab.*)

.ARM            0x08001bbc        0x8
                0x08001bbc                __exidx_start = .
 *(.ARM.exidx*)
 .ARM.exidx     0x08001bbc        0x8 c:/program files (x86)/atollic/truestudio for stm32 9.0.1/armtools/bin/../lib/gcc/arm-atollic-eabi/6.3.1/armv7e-m/fpu\libgcc.a(_udivmoddi4.o)
                0x08001bc4                __exidx_end = .

.rel.dyn        0x08001bc4        0x0
 .rel.iplt      0x08001bc4        0x0 c:/program files (x86)/atollic/truestudio for stm32 9.0.1/armtools/bin/../lib/gcc/arm-atollic-eabi/6.3.1/armv7e-m/fpu/crtbegin.o

.preinit_array  0x08001bc4        0x0
                0x08001bc4                PROVIDE (__preinit_array_start, .)
 *(.preinit_array*)
                0x08001bc4                PROVIDE (__preinit_array_end, .)

.init_array     0x08001bc4        0x4
                0x08001bc4                PROVIDE (__init_array_start, .)
 *(SORT(.init_array.*))
 *(.init_array*)
 .init_array    0x08001bc4        0x4 c:/program files (x86)/atollic/truestudio for stm32 9.0.1/armtools/bin/../lib/gcc/arm-atollic-eabi/6.3.1/armv7e-m/fpu/crtbegin.o
                0x08001bc8                PROVIDE (__init_array_end, .)

.fini_array     0x08001bc8        0x4
                [!provide]                PROVIDE (__fini_array_start, .)
 *(SORT(.fini_array.*))
 *(.fini_array*)
 .fini_array    0x08001bc8        0x4 c:/program files (x86)/atollic/truestudio for stm32 9.0.1/armtools/bin/../lib/gcc/arm-atollic-eabi/6.3.1/armv7e-m/fpu/crtbegin.o
                [!provide]                PROVIDE (__fini_array_end, .)
                0x08001bcc                _sidata = LOADADDR (.data)

.data           0x20000000        0x8 load address 0x08001bcc
                0x20000000                . = ALIGN (0x4)
                0x20000000                _sdata = .
 *(.data)
 *(.data*)
 .data.DisplayControl
                0x20000000        0x1 Src\STM_MY_LCD16X2.o
 .data.FunctionSet
                0x20000001        0x1 Src\STM_MY_LCD16X2.o
 .data.mode_8_4_I2C
                0x20000002        0x1 Src\STM_MY_LCD16X2.o
 *fill*         0x20000003        0x1 
 .data.SystemCoreClock
                0x20000004        0x4 Src\system_stm32f4xx.o
                0x20000004                SystemCoreClock
                0x20000008                . = ALIGN (0x4)
                0x20000008                _edata = .
                0x08001bd4                _siccmram = LOADADDR (.ccmram)

.igot.plt       0x20000008        0x0 load address 0x08001bd4
 .igot.plt      0x20000008        0x0 c:/program files (x86)/atollic/truestudio for stm32 9.0.1/armtools/bin/../lib/gcc/arm-atollic-eabi/6.3.1/armv7e-m/fpu/crtbegin.o

.ccmram         0x10000000        0x0 load address 0x08001bd4
                0x10000000                . = ALIGN (0x4)
                0x10000000                _sccmram = .
 *(.ccmram)
 *(.ccmram*)
                0x10000000                . = ALIGN (0x4)
                0x10000000                _eccmram = .
                0x10000000                . = ALIGN (0x4)

.bss            0x20000008       0x40
                0x20000008                _sbss = .
                0x20000008                __bss_start__ = _sbss
 *(.bss)
 .bss           0x20000008       0x1c c:/program files (x86)/atollic/truestudio for stm32 9.0.1/armtools/bin/../lib/gcc/arm-atollic-eabi/6.3.1/armv7e-m/fpu/crtbegin.o
 *(.bss*)
 .bss.D0_PIN    0x20000024        0x2 Src\STM_MY_LCD16X2.o
 .bss.D1_PIN    0x20000026        0x2 Src\STM_MY_LCD16X2.o
 .bss.D2_PIN    0x20000028        0x2 Src\STM_MY_LCD16X2.o
 .bss.D3_PIN    0x2000002a        0x2 Src\STM_MY_LCD16X2.o
 .bss.D4_PIN    0x2000002c        0x2 Src\STM_MY_LCD16X2.o
 .bss.D5_PIN    0x2000002e        0x2 Src\STM_MY_LCD16X2.o
 .bss.D6_PIN    0x20000030        0x2 Src\STM_MY_LCD16X2.o
 .bss.D7_PIN    0x20000032        0x2 Src\STM_MY_LCD16X2.o
 .bss.PIN_E     0x20000034        0x2 Src\STM_MY_LCD16X2.o
 .bss.PIN_RS    0x20000036        0x2 Src\STM_MY_LCD16X2.o
 .bss.PORT_LSB  0x20000038        0x4 Src\STM_MY_LCD16X2.o
 .bss.PORT_MSB  0x2000003c        0x4 Src\STM_MY_LCD16X2.o
 .bss.PORT_RS_and_E
                0x20000040        0x4 Src\STM_MY_LCD16X2.o
 *(COMMON)
 COMMON         0x20000044        0x4 Drivers\STM32F4xx_HAL_Driver\Src\stm32f4xx_hal.o
                0x20000044                uwTick
                0x20000048                . = ALIGN (0x4)
                0x20000048                _ebss = .
                0x20000048                __bss_end__ = _ebss

._user_heap_stack
                0x20000048      0x600
                0x20000048                . = ALIGN (0x4)
                0x20000048                PROVIDE (end, .)
                [!provide]                PROVIDE (_end, .)
                0x20000248                . = (. + _Min_Heap_Size)
 *fill*         0x20000048      0x200 
                0x20000648                . = (. + _Min_Stack_Size)
 *fill*         0x20000248      0x400 
                0x20000648                . = ALIGN (0x4)

/DISCARD/
 libc.a(*)
 libm.a(*)
 libgcc.a(*)

.ARM.attributes
                0x00000000       0x30
 *(.ARM.attributes)
 .ARM.attributes
                0x00000000       0x22 c:/program files (x86)/atollic/truestudio for stm32 9.0.1/armtools/bin/../lib/gcc/arm-atollic-eabi/6.3.1/armv7e-m/fpu/crti.o
 .ARM.attributes
                0x00000022       0x34 c:/program files (x86)/atollic/truestudio for stm32 9.0.1/armtools/bin/../lib/gcc/arm-atollic-eabi/6.3.1/armv7e-m/fpu/crtbegin.o
 .ARM.attributes
                0x00000056       0x39 Drivers\STM32F4xx_HAL_Driver\Src\stm32f4xx_hal.o
 .ARM.attributes
                0x0000008f       0x39 Drivers\STM32F4xx_HAL_Driver\Src\stm32f4xx_hal_cortex.o
 .ARM.attributes
                0x000000c8       0x39 Drivers\STM32F4xx_HAL_Driver\Src\stm32f4xx_hal_gpio.o
 .ARM.attributes
                0x00000101       0x39 Drivers\STM32F4xx_HAL_Driver\Src\stm32f4xx_hal_rcc.o
 .ARM.attributes
                0x0000013a       0x39 Src\STM_MY_LCD16X2.o
 .ARM.attributes
                0x00000173       0x39 Src\main.o
 .ARM.attributes
                0x000001ac       0x39 Src\stm32f4xx_hal_msp.o
 .ARM.attributes
                0x000001e5       0x39 Src\stm32f4xx_it.o
 .ARM.attributes
                0x0000021e       0x39 Src\system_stm32f4xx.o
 .ARM.attributes
                0x00000257       0x21 startup\startup_stm32f407xx.o
 .ARM.attributes
                0x00000278       0x34 c:/program files (x86)/atollic/truestudio for stm32 9.0.1/armtools/bin/../lib/gcc/arm-atollic-eabi/6.3.1/../../../../arm-atollic-eabi/lib/armv7e-m/fpu\libc_nano.a(lib_a-init.o)
 .ARM.attributes
                0x000002ac       0x22 c:/program files (x86)/atollic/truestudio for stm32 9.0.1/armtools/bin/../lib/gcc/arm-atollic-eabi/6.3.1/armv7e-m/fpu\libgcc.a(_arm_addsubdf3.o)
 .ARM.attributes
                0x000002ce       0x22 c:/program files (x86)/atollic/truestudio for stm32 9.0.1/armtools/bin/../lib/gcc/arm-atollic-eabi/6.3.1/armv7e-m/fpu\libgcc.a(_arm_muldivdf3.o)
 .ARM.attributes
                0x000002f0       0x22 c:/program files (x86)/atollic/truestudio for stm32 9.0.1/armtools/bin/../lib/gcc/arm-atollic-eabi/6.3.1/armv7e-m/fpu\libgcc.a(_arm_fixunsdfsi.o)
 .ARM.attributes
                0x00000312       0x22 c:/program files (x86)/atollic/truestudio for stm32 9.0.1/armtools/bin/../lib/gcc/arm-atollic-eabi/6.3.1/armv7e-m/fpu\libgcc.a(_aeabi_uldivmod.o)
 .ARM.attributes
                0x00000334       0x34 c:/program files (x86)/atollic/truestudio for stm32 9.0.1/armtools/bin/../lib/gcc/arm-atollic-eabi/6.3.1/armv7e-m/fpu\libgcc.a(_udivmoddi4.o)
 .ARM.attributes
                0x00000368       0x22 c:/program files (x86)/atollic/truestudio for stm32 9.0.1/armtools/bin/../lib/gcc/arm-atollic-eabi/6.3.1/armv7e-m/fpu\libgcc.a(_dvmd_tls.o)
 .ARM.attributes
                0x0000038a       0x22 c:/program files (x86)/atollic/truestudio for stm32 9.0.1/armtools/bin/../lib/gcc/arm-atollic-eabi/6.3.1/armv7e-m/fpu/crtn.o
OUTPUT(Coba_LCD.elf elf32-littlearm)

.debug_info     0x00000000     0x9ae2
 .debug_info    0x00000000     0x1100 Drivers\STM32F4xx_HAL_Driver\Src\stm32f4xx_hal.o
 .debug_info    0x00001100     0x1744 Drivers\STM32F4xx_HAL_Driver\Src\stm32f4xx_hal_cortex.o
 .debug_info    0x00002844      0xf88 Drivers\STM32F4xx_HAL_Driver\Src\stm32f4xx_hal_gpio.o
 .debug_info    0x000037cc     0x123c Drivers\STM32F4xx_HAL_Driver\Src\stm32f4xx_hal_rcc.o
 .debug_info    0x00004a08     0x1a2b Src\STM_MY_LCD16X2.o
 .debug_info    0x00006433     0x12df Src\main.o
 .debug_info    0x00007712      0xc61 Src\stm32f4xx_hal_msp.o
 .debug_info    0x00008373      0x9de Src\stm32f4xx_it.o
 .debug_info    0x00008d51      0xd1c Src\system_stm32f4xx.o
 .debug_info    0x00009a6d       0x75 startup\startup_stm32f407xx.o

.debug_abbrev   0x00000000     0x1846
 .debug_abbrev  0x00000000      0x2cf Drivers\STM32F4xx_HAL_Driver\Src\stm32f4xx_hal.o
 .debug_abbrev  0x000002cf      0x399 Drivers\STM32F4xx_HAL_Driver\Src\stm32f4xx_hal_cortex.o
 .debug_abbrev  0x00000668      0x268 Drivers\STM32F4xx_HAL_Driver\Src\stm32f4xx_hal_gpio.o
 .debug_abbrev  0x000008d0      0x348 Drivers\STM32F4xx_HAL_Driver\Src\stm32f4xx_hal_rcc.o
 .debug_abbrev  0x00000c18      0x3c4 Src\STM_MY_LCD16X2.o
 .debug_abbrev  0x00000fdc      0x2be Src\main.o
 .debug_abbrev  0x0000129a      0x1d3 Src\stm32f4xx_hal_msp.o
 .debug_abbrev  0x0000146d      0x1fd Src\stm32f4xx_it.o
 .debug_abbrev  0x0000166a      0x1ca Src\system_stm32f4xx.o
 .debug_abbrev  0x00001834       0x12 startup\startup_stm32f407xx.o

.debug_loc      0x00000000     0x13ea
 .debug_loc     0x00000000       0x69 Drivers\STM32F4xx_HAL_Driver\Src\stm32f4xx_hal.o
 .debug_loc     0x00000069      0x4fb Drivers\STM32F4xx_HAL_Driver\Src\stm32f4xx_hal_cortex.o
 .debug_loc     0x00000564      0x3cd Drivers\STM32F4xx_HAL_Driver\Src\stm32f4xx_hal_gpio.o
 .debug_loc     0x00000931      0x2d3 Drivers\STM32F4xx_HAL_Driver\Src\stm32f4xx_hal_rcc.o
 .debug_loc     0x00000c04      0x6ca Src\STM_MY_LCD16X2.o
 .debug_loc     0x000012ce      0x11c Src\system_stm32f4xx.o

.debug_aranges  0x00000000      0x410
 .debug_aranges
                0x00000000       0xc0 Drivers\STM32F4xx_HAL_Driver\Src\stm32f4xx_hal.o
 .debug_aranges
                0x000000c0       0xa8 Drivers\STM32F4xx_HAL_Driver\Src\stm32f4xx_hal_cortex.o
 .debug_aranges
                0x00000168       0x58 Drivers\STM32F4xx_HAL_Driver\Src\stm32f4xx_hal_gpio.o
 .debug_aranges
                0x000001c0       0x88 Drivers\STM32F4xx_HAL_Driver\Src\stm32f4xx_hal_rcc.o
 .debug_aranges
                0x00000248       0xe0 Src\STM_MY_LCD16X2.o
 .debug_aranges
                0x00000328       0x30 Src\main.o
 .debug_aranges
                0x00000358       0x20 Src\stm32f4xx_hal_msp.o
 .debug_aranges
                0x00000378       0x48 Src\stm32f4xx_it.o
 .debug_aranges
                0x000003c0       0x28 Src\system_stm32f4xx.o
 .debug_aranges
                0x000003e8       0x28 startup\startup_stm32f407xx.o

.debug_ranges   0x00000000      0x598
 .debug_ranges  0x00000000       0xb0 Drivers\STM32F4xx_HAL_Driver\Src\stm32f4xx_hal.o
 .debug_ranges  0x000000b0      0x138 Drivers\STM32F4xx_HAL_Driver\Src\stm32f4xx_hal_cortex.o
 .debug_ranges  0x000001e8       0x68 Drivers\STM32F4xx_HAL_Driver\Src\stm32f4xx_hal_gpio.o
 .debug_ranges  0x00000250       0xc8 Drivers\STM32F4xx_HAL_Driver\Src\stm32f4xx_hal_rcc.o
 .debug_ranges  0x00000318      0x168 Src\STM_MY_LCD16X2.o
 .debug_ranges  0x00000480       0x98 Src\main.o
 .debug_ranges  0x00000518       0x10 Src\stm32f4xx_hal_msp.o
 .debug_ranges  0x00000528       0x38 Src\stm32f4xx_it.o
 .debug_ranges  0x00000560       0x18 Src\system_stm32f4xx.o
 .debug_ranges  0x00000578       0x20 startup\startup_stm32f407xx.o

.debug_line     0x00000000     0x2510
 .debug_line    0x00000000      0x43b Drivers\STM32F4xx_HAL_Driver\Src\stm32f4xx_hal.o
 .debug_line    0x0000043b      0x4dc Drivers\STM32F4xx_HAL_Driver\Src\stm32f4xx_hal_cortex.o
 .debug_line    0x00000917      0x47a Drivers\STM32F4xx_HAL_Driver\Src\stm32f4xx_hal_gpio.o
 .debug_line    0x00000d91      0x57f Drivers\STM32F4xx_HAL_Driver\Src\stm32f4xx_hal_rcc.o
 .debug_line    0x00001310      0x5cb Src\STM_MY_LCD16X2.o
 .debug_line    0x000018db      0x3e7 Src\main.o
 .debug_line    0x00001cc2      0x289 Src\stm32f4xx_hal_msp.o
 .debug_line    0x00001f4b      0x2d1 Src\stm32f4xx_it.o
 .debug_line    0x0000221c      0x275 Src\system_stm32f4xx.o
 .debug_line    0x00002491       0x7f startup\startup_stm32f407xx.o

.debug_str      0x00000000     0x1bcb
 .debug_str     0x00000000      0xe60 Drivers\STM32F4xx_HAL_Driver\Src\stm32f4xx_hal.o
                                0xf01 (size before relaxing)
 .debug_str     0x00000e60      0x3db Drivers\STM32F4xx_HAL_Driver\Src\stm32f4xx_hal_cortex.o
                               0x108e (size before relaxing)
 .debug_str     0x0000123b      0x1d8 Drivers\STM32F4xx_HAL_Driver\Src\stm32f4xx_hal_gpio.o
                                0x964 (size before relaxing)
 .debug_str     0x00001413      0x2d0 Drivers\STM32F4xx_HAL_Driver\Src\stm32f4xx_hal_rcc.o
                                0xb1e (size before relaxing)
 .debug_str     0x000016e3      0x39b Src\STM_MY_LCD16X2.o
                                0xbe0 (size before relaxing)
 .debug_str     0x00001a7e       0x47 Src\main.o
                                0xf2e (size before relaxing)
 .debug_str     0x00001ac5       0x1b Src\stm32f4xx_hal_msp.o
                                0xb69 (size before relaxing)
 .debug_str     0x00001ae0       0xa6 Src\stm32f4xx_it.o
                                0x6eb (size before relaxing)
 .debug_str     0x00001b86       0x45 Src\system_stm32f4xx.o
                                0x7c8 (size before relaxing)

.comment        0x00000000       0x7c
 .comment       0x00000000       0x7c Drivers\STM32F4xx_HAL_Driver\Src\stm32f4xx_hal.o
                                 0x7d (size before relaxing)
 .comment       0x0000007c       0x7d Drivers\STM32F4xx_HAL_Driver\Src\stm32f4xx_hal_cortex.o
 .comment       0x0000007c       0x7d Drivers\STM32F4xx_HAL_Driver\Src\stm32f4xx_hal_gpio.o
 .comment       0x0000007c       0x7d Drivers\STM32F4xx_HAL_Driver\Src\stm32f4xx_hal_rcc.o
 .comment       0x0000007c       0x7d Src\STM_MY_LCD16X2.o
 .comment       0x0000007c       0x7d Src\main.o
 .comment       0x0000007c       0x7d Src\stm32f4xx_hal_msp.o
 .comment       0x0000007c       0x7d Src\stm32f4xx_it.o
 .comment       0x0000007c       0x7d Src\system_stm32f4xx.o

.debug_frame    0x00000000      0xaa0
 .debug_frame   0x00000000      0x194 Drivers\STM32F4xx_HAL_Driver\Src\stm32f4xx_hal.o
 .debug_frame   0x00000194      0x158 Drivers\STM32F4xx_HAL_Driver\Src\stm32f4xx_hal_cortex.o
 .debug_frame   0x000002ec       0xd8 Drivers\STM32F4xx_HAL_Driver\Src\stm32f4xx_hal_gpio.o
 .debug_frame   0x000003c4      0x138 Drivers\STM32F4xx_HAL_Driver\Src\stm32f4xx_hal_rcc.o
 .debug_frame   0x000004fc      0x290 Src\STM_MY_LCD16X2.o
 .debug_frame   0x0000078c       0x58 Src\main.o
 .debug_frame   0x000007e4       0x2c Src\stm32f4xx_hal_msp.o
 .debug_frame   0x00000810       0xac Src\stm32f4xx_it.o
 .debug_frame   0x000008bc       0x38 Src\system_stm32f4xx.o
 .debug_frame   0x000008f4       0x2c c:/program files (x86)/atollic/truestudio for stm32 9.0.1/armtools/bin/../lib/gcc/arm-atollic-eabi/6.3.1/../../../../arm-atollic-eabi/lib/armv7e-m/fpu\libc_nano.a(lib_a-init.o)
 .debug_frame   0x00000920       0xac c:/program files (x86)/atollic/truestudio for stm32 9.0.1/armtools/bin/../lib/gcc/arm-atollic-eabi/6.3.1/armv7e-m/fpu\libgcc.a(_arm_addsubdf3.o)
 .debug_frame   0x000009cc       0x50 c:/program files (x86)/atollic/truestudio for stm32 9.0.1/armtools/bin/../lib/gcc/arm-atollic-eabi/6.3.1/armv7e-m/fpu\libgcc.a(_arm_muldivdf3.o)
 .debug_frame   0x00000a1c       0x24 c:/program files (x86)/atollic/truestudio for stm32 9.0.1/armtools/bin/../lib/gcc/arm-atollic-eabi/6.3.1/armv7e-m/fpu\libgcc.a(_arm_fixunsdfsi.o)
 .debug_frame   0x00000a40       0x2c c:/program files (x86)/atollic/truestudio for stm32 9.0.1/armtools/bin/../lib/gcc/arm-atollic-eabi/6.3.1/armv7e-m/fpu\libgcc.a(_aeabi_uldivmod.o)
 .debug_frame   0x00000a6c       0x34 c:/program files (x86)/atollic/truestudio for stm32 9.0.1/armtools/bin/../lib/gcc/arm-atollic-eabi/6.3.1/armv7e-m/fpu\libgcc.a(_udivmoddi4.o)
